Using existing repository: /root/.local/share/zclaw/repo
From https://github.com/danielboro/zclaw
 * branch            main       -> FETCH_HEAD
Reset branch 'main'
branch 'main' set up to track 'origin/main'.
Your branch is up to date with 'origin/main'.
Running: ./install.sh --esp32
[0;31m✗[0m Unknown option: --esp32
Usage: ./install.sh [options]

Options:
  -V, --version                         Print zclaw release version and exit
  -y, --yes                            Assume "yes" for prompts (explicit --no-* still wins)
  --build / --no-build                  Build firmware now
  --flash / --no-flash                  Flash firmware after successful build
  --flash-mode standard|secure          Explicit flash mode for this run (default: standard)
  --provision / --no-provision          Provision credentials after successful flash
  --monitor / --no-monitor              Open serial monitor after standard flash
  --port <serial-port>                  Use this serial port for flash/monitor
  --kill-monitor / --no-kill-monitor    Auto-stop stale ESP-IDF monitor before flash
  --qemu / --no-qemu                    Install optional QEMU dependency
  --cjson / --no-cjson                  Install optional cJSON dependency
  --install-idf / --no-install-idf      Install ESP-IDF if missing
  --repair-idf / --no-repair-idf        Repair ESP-IDF when activation fails
  --remember / --no-remember            Enable/disable saved installer defaults
  -h, --help                            Show this help

Saved defaults path:
  /root/.config/zclaw/install.env
