Executing action: all (aliases: build)
Running cmake in directory /a0/usr/projects/zclaw/build
Executing "cmake -G Ninja -DPYTHON_DEPS_CHECKED=1 -DPYTHON=/root/.espressif/python_env/idf5.4_py3.13_env/bin/python -DESP_PLATFORM=1 -DCCACHE_ENABLE=0 /a0/usr/projects/zclaw"...
-- IDF_TARGET is not set, guessed 'esp32' from sdkconfig '/a0/usr/projects/zclaw/sdkconfig'
-- Found Git: /usr/bin/git (found version "2.53.0")
-- Initialising new submodule components/bootloader/subproject/components/micro-ecc/micro-ecc...
Submodule 'components/bootloader/subproject/components/micro-ecc/micro-ecc' (https://github.com/kmackay/micro-ecc.git) registered for path 'components/bootloader/subproject/components/micro-ecc/micro-ecc'
Cloning into '/root/esp-idf/components/bootloader/subproject/components/micro-ecc/micro-ecc'...
Submodule path 'components/bootloader/subproject/components/micro-ecc/micro-ecc': checked out '24c60e243580c7868f4334a1ba3123481fe1aa48'
-- Initialising new submodule components/bt/controller/lib_esp32...
Submodule 'components/bt/controller/lib_esp32' (https://github.com/espressif/esp32-bt-lib.git) registered for path 'components/bt/controller/lib_esp32'
Cloning into '/root/esp-idf/components/bt/controller/lib_esp32'...
Submodule path 'components/bt/controller/lib_esp32': checked out 'b44cf428e79262cb2b2e3a936c635b679e680401'
-- Initialising new submodule components/bt/controller/lib_esp32c2/esp32c2-bt-lib...
Submodule 'components/bt/controller/lib_esp32c2/esp32c2-bt-lib' (https://github.com/espressif/esp32c2-bt-lib.git) registered for path 'components/bt/controller/lib_esp32c2/esp32c2-bt-lib'
Cloning into '/root/esp-idf/components/bt/controller/lib_esp32c2/esp32c2-bt-lib'...
Submodule path 'components/bt/controller/lib_esp32c2/esp32c2-bt-lib': checked out 'd246fa876402bcd9b16602dd0615c287ebc936bc'
-- Initialising new submodule components/bt/controller/lib_esp32c3_family...
Submodule 'components/bt/controller/lib_esp32c3_family' (https://github.com/espressif/esp32c3-bt-lib.git) registered for path 'components/bt/controller/lib_esp32c3_family'
Cloning into '/root/esp-idf/components/bt/controller/lib_esp32c3_family'...
Submodule path 'components/bt/controller/lib_esp32c3_family': checked out '6470c01165cf4edeed5d826ce4082a90deb92efd'
-- Initialising new submodule components/bt/controller/lib_esp32c5/esp32c5-bt-lib...
Submodule 'components/bt/controller/lib_esp32c5/esp32c5-bt-lib' (https://github.com/espressif/esp32c5-bt-lib.git) registered for path 'components/bt/controller/lib_esp32c5/esp32c5-bt-lib'
Cloning into '/root/esp-idf/components/bt/controller/lib_esp32c5/esp32c5-bt-lib'...
Submodule path 'components/bt/controller/lib_esp32c5/esp32c5-bt-lib': checked out 'b4f67e85c54cc8f55b5130e47805dc8c906a736c'
-- Initialising new submodule components/bt/controller/lib_esp32c6/esp32c6-bt-lib...
Submodule 'components/bt/controller/lib_esp32c6/esp32c6-bt-lib' (https://github.com/espressif/esp32c6-bt-lib.git) registered for path 'components/bt/controller/lib_esp32c6/esp32c6-bt-lib'
Cloning into '/root/esp-idf/components/bt/controller/lib_esp32c6/esp32c6-bt-lib'...
Submodule path 'components/bt/controller/lib_esp32c6/esp32c6-bt-lib': checked out '2ac61ac611a5e8776bd679440f6921859a89dcd6'
-- Initialising new submodule components/bt/controller/lib_esp32h2/esp32h2-bt-lib...
Submodule 'components/bt/controller/lib_esp32h2/esp32h2-bt-lib' (https://github.com/espressif/esp32h2-bt-lib.git) registered for path 'components/bt/controller/lib_esp32h2/esp32h2-bt-lib'
Cloning into '/root/esp-idf/components/bt/controller/lib_esp32h2/esp32h2-bt-lib'...
Submodule path 'components/bt/controller/lib_esp32h2/esp32h2-bt-lib': checked out 'faf7470485f08b1657f2b8ec3ae7c762cff116e6'
-- Initialising new submodule components/bt/esp_ble_mesh/lib/lib...
Submodule 'components/bt/esp_ble_mesh/lib/lib' (https://github.com/espressif/esp-ble-mesh-lib.git) registered for path 'components/bt/esp_ble_mesh/lib/lib'
Cloning into '/root/esp-idf/components/bt/esp_ble_mesh/lib/lib'...
Submodule path 'components/bt/esp_ble_mesh/lib/lib': checked out '031cc5d3b8ca6ada831ae1419219fb2895c37907'
-- Initialising new submodule components/bt/host/nimble/nimble...
Submodule 'components/bt/host/nimble/nimble' (https://github.com/espressif/esp-nimble.git) registered for path 'components/bt/host/nimble/nimble'
Cloning into '/root/esp-idf/components/bt/host/nimble/nimble'...
Submodule path 'components/bt/host/nimble/nimble': checked out 'fd287cbafebebbdb136bbfd7ebba8a8ceefef55b'
-- Initialising new submodule components/cmock/CMock...
Submodule 'components/cmock/CMock' (https://github.com/ThrowTheSwitch/CMock.git) registered for path 'components/cmock/CMock'
Cloning into '/root/esp-idf/components/cmock/CMock'...
Submodule path 'components/cmock/CMock': checked out 'eeecc49ce8af123cf8ad40efdb9673e37b56230f'
Submodule 'vendor/c_exception' (https://github.com/throwtheswitch/cexception.git) registered for path 'components/cmock/CMock/vendor/c_exception'
Submodule 'vendor/unity' (https://github.com/throwtheswitch/unity.git) registered for path 'components/cmock/CMock/vendor/unity'
Cloning into '/root/esp-idf/components/cmock/CMock/vendor/c_exception'...
Cloning into '/root/esp-idf/components/cmock/CMock/vendor/unity'...
Submodule path 'components/cmock/CMock/vendor/c_exception': checked out '71b47be7c950f1bf5f7e5303779fa99a16224bb6'
