Executing action: all (aliases: build)
Running cmake in directory /a0/usr/projects/zclaw/build
Executing "cmake -G Ninja -B /a0/usr/projects/zclaw/build -DPYTHON_DEPS_CHECKED=1 -DPYTHON=/root/.espressif/python_env/idf6.1_py3.12_env/bin/python -DESP_PLATFORM=1 -DCCACHE_ENABLE=False /a0/usr/projects/zclaw"...
-- IDF_TARGET is not set, guessed 'esp32' from sdkconfig '/a0/usr/projects/zclaw/sdkconfig'
-- Found Git: /usr/bin/git (found version "2.53.0")
-- Component directory /root/esp/esp-idf/components/idf_test does not contain a CMakeLists.txt file. No component will be added
-- Minimal build - OFF
-- The C compiler identification is GNU 15.2.0
-- The CXX compiler identification is GNU 15.2.0
-- The ASM compiler identification is GNU
-- Found assembler: /root/.espressif/tools/xtensa-esp-elf/esp-15.2.0_20251204/xtensa-esp-elf/bin/xtensa-esp32-elf-gcc
-- Detecting C compiler ABI info
-- Detecting C compiler ABI info - done
-- Check for working C compiler: /root/.espressif/tools/xtensa-esp-elf/esp-15.2.0_20251204/xtensa-esp-elf/bin/xtensa-esp32-elf-gcc - skipped
-- Detecting C compile features
-- Detecting C compile features - done
-- Detecting CXX compiler ABI info
-- Detecting CXX compiler ABI info - done
-- Check for working CXX compiler: /root/.espressif/tools/xtensa-esp-elf/esp-15.2.0_20251204/xtensa-esp-elf/bin/xtensa-esp32-elf-g++ - skipped
-- Detecting CXX compile features
-- Detecting CXX compile features - done
-- Building ESP-IDF components for target esp32
NOTICE: Processing 2 dependencies:
NOTICE: [1/2] espressif/cjson (1.7.19~2)
NOTICE: [2/2] idf (6.1.0)
-- ESP-TEE is currently supported only on the esp32c6;esp32h2;esp32c5;esp32c61 SoCs
-- KCONFIG_REPORT_VERBOSITY not set, using default
-- Project sdkconfig file /a0/usr/projects/zclaw/sdkconfig
/tmp/kconfgen_tmpm1r_6fre:73: warning: ignoring malformed line 'EOF && tail -10 sdkconfig.defaults'
Configuration Report                                                            
 ────────────────────────────────────────────────────────────────────────────── 
   Parser Version: 1                                                            
   Verbosity: default                                                           
   Defaults policy: sdkconfig                                                   
   Status: Finished with notifications                                          
                                                                                
  Multiple Assignments                                                          
   ────────────────────────────────────────────────                             
    Symbol ZCLAW_LLM_FALLBACK:                                                  
        y (user-set value)                                                      
        y (user-set value)                                                      
        -> using y                                                              
    Symbol ZCLAW_LLM_FALLBACK_URL:                                              
        http://localhost:11434/v1 (user-set value)                              
        http://localhost:11434/v1 (user-set value)                              
        -> using http://localhost:11434/v1                                      
    Symbol ZCLAW_LLM_FALLBACK_MODEL:                                            
        llama2 (user-set value)                                                 
        llama2 (user-set value)                                                 
        -> using llama2                                                         
   ────────────────────────────────────────────────                             
  Disabled Symbols/Choices With User-Set Value                                  
   ──────────────────────────────────────────────────────────────────────────   
    * IDF_TARGET (defined at /root/esp/esp-idf/Kconfig:68) with user-set        
    value esp32 from /tmp/kconfgen_tmpm1r_6fre                                  
    * ESPTOOLPY_FLASHSIZE (defined at                                           
    /root/esp/esp-idf/components/esptool_py/Kconfig.projbuild:147) with         
    user-set value 4MB from /tmp/kconfgen_tmpm1r_6fre                           
    * LIBC_NEWLIB_NANO_FORMAT (defined at                                       
    /root/esp/esp-idf/components/esp_libc/Kconfig:106) with user-set value y    
    from /tmp/kconfgen_tmpm1r_6fre                                              
    * ESP_WIFI_TX_BUFFER_TYPE (defined at                                       
    /root/esp/esp-idf/components/esp_wifi/Kconfig:84,                           
    /root/esp/esp-idf/components/esp_wifi/remote/./Kconfig.wifi_is_remote.i…    
    with user-set value 0 from /tmp/kconfgen_tmpm1r_6fre                        
    * ESP_WIFI_STATIC_TX_BUFFER_NUM (defined at                                 
    /root/esp/esp-idf/components/esp_wifi/Kconfig:89,                           
    /root/esp/esp-idf/components/esp_wifi/remote/./Kconfig.wifi_is_remote.i…    
    with user-set value 4 from /tmp/kconfgen_tmpm1r_6fre                        
    * ESP_WIFI_ENABLE_SAE_PK (defined at                                        
    /root/esp/esp-idf/components/esp_wifi/Kconfig:317,                          
    /root/esp/esp-idf/components/esp_wifi/remote/./Kconfig.wifi_is_remote.i…    
    with user-set value n from /tmp/kconfgen_tmpm1r_6fre                        
    * ESP_WIFI_SOFTAP_SAE_SUPPORT (defined at                                   
    /root/esp/esp-idf/components/esp_wifi/Kconfig:324,                          
    /root/esp/esp-idf/components/esp_wifi/remote/./Kconfig.wifi_is_remote.i…    
    with user-set value n from /tmp/kconfgen_tmpm1r_6fre                        
    * MBEDTLS_SSL_MAX_CONTENT_LEN (defined at                                   
    /root/esp/esp-idf/components/mbedtls/Kconfig:180) with user-set value       
    16384 from /tmp/kconfgen_tmpm1r_6fre                                        
   ──────────────────────────────────────────────────────────────────────────   
 ────────────────────────────────────────────────────────────────────────────── 
Loading defaults file /a0/usr/projects/zclaw/sdkconfig.defaults...
/a0/usr/projects/zclaw/sdkconfig.defaults:12 CONFIG_NEWLIB_NANO_FORMAT was replaced with CONFIG_LIBC_NEWLIB_NANO_FORMAT 
-- Compiler supported targets: xtensa-esp-elf
-- Detecting C compiler ABI info
-- Detecting C compiler ABI info - done
-- Detecting CXX compiler ABI info
-- Detecting CXX compiler ABI info - done
-- Detecting C compiler ABI info
-- Detecting C compiler ABI info - done
-- Detecting CXX compiler ABI info
-- Detecting CXX compiler ABI info - done
-- App "zclaw" version: e22aaa4-dirty
-- Found Python3: /root/.espressif/python_env/idf6.1_py3.12_env/bin/python (found version "3.12.4") found components: Interpreter
-- Performing Test CMAKE_HAVE_LIBC_PTHREAD
-- Performing Test CMAKE_HAVE_LIBC_PTHREAD - Success
-- Found Threads: TRUE
-- Performing Test C_COMPILER_SUPPORTS_WFORMAT_SIGNEDNESS
-- Performing Test C_COMPILER_SUPPORTS_WFORMAT_SIGNEDNESS - Success
-- Setting up mbedtls configuration
-- Linkage type is PUBLIC
-- Adding linker script /root/esp/esp-idf/components/esp_system/ld/esp32/memory.ld.in
--   -> Preprocessing .in script: /root/esp/esp-idf/components/esp_system/ld/esp32/memory.ld.in
-- Adding linker script /root/esp/esp-idf/components/esp_system/ld/esp32/sections.ld.in
--   -> Preprocessing .in script: /root/esp/esp-idf/components/esp_system/ld/esp32/sections.ld.in
--   -> Applying ldgen processing: /a0/usr/projects/zclaw/build/esp-idf/esp_system/ld/sections.ld.in
-- Adding linker script /root/esp/esp-idf/components/esp_rom/esp32/ld/esp32.rom.ld
-- Adding linker script /root/esp/esp-idf/components/esp_rom/esp32/ld/esp32.rom.api.ld
-- Adding linker script /root/esp/esp-idf/components/esp_rom/esp32/ld/esp32.rom.libgcc.ld
-- Adding linker script /root/esp/esp-idf/components/esp_rom/esp32/ld/esp32.rom.libc-funcs.ld
-- Adding linker script /root/esp/esp-idf/components/soc/esp32/ld/esp32.peripherals.ld
-- Adding linker script /root/esp/esp-idf/components/esp_hal_regi2c/esp32/rom.regi2c.ld
CMake Warning at /root/esp/esp-idf/tools/cmake/component_validation.cmake:106 (message):
  Private include directory
  '/root/esp/esp-idf/components/esp_wifi/wifi_apps/roaming_app/include'
  belongs to component esp_wifi but is being used by component
  wpa_supplicant.  It is recommended to define the component dependency for
  wpa_supplicant on the component esp_wifi, i.e.  'idf_component_register(...
  PRIV_REQUIRES esp_wifi)' in the CMakeLists.txt of wpa_supplicant, and
  specify the included directory as idf_component_register(...
  PRIV_INCLUDE_DIRS <dir relative to component>) in the CMakeLists.txt of
  component esp_wifi.
Call Stack (most recent call first):
  /root/esp/esp-idf/tools/cmake/component_validation.cmake:130 (__component_validation_check_include_dirs)
  /root/esp/esp-idf/CMakeLists.txt:353 (__component_validation_run_checks)


CMake Warning at /root/esp/esp-idf/tools/cmake/component_validation.cmake:106 (message):
  Private include directory
  '/root/esp/esp-idf/components/esp_wifi/wifi_apps/roaming_app/src' belongs
  to component esp_wifi but is being used by component wpa_supplicant.  It is
  recommended to define the component dependency for wpa_supplicant on the
  component esp_wifi, i.e.  'idf_component_register(...  PRIV_REQUIRES
  esp_wifi)' in the CMakeLists.txt of wpa_supplicant, and specify the
  included directory as idf_component_register(...  PRIV_INCLUDE_DIRS <dir
  relative to component>) in the CMakeLists.txt of component esp_wifi.
Call Stack (most recent call first):
  /root/esp/esp-idf/tools/cmake/component_validation.cmake:130 (__component_validation_check_include_dirs)
  /root/esp/esp-idf/CMakeLists.txt:353 (__component_validation_run_checks)


CMake Warning at /root/esp/esp-idf/tools/cmake/component_validation.cmake:106 (message):
  Private include directory '/root/esp/esp-idf/components/wpa_supplicant/src'
  belongs to component wpa_supplicant but is being used by component
  esp_wifi.  It is recommended to define the component dependency for
  esp_wifi on the component wpa_supplicant, i.e.  'idf_component_register(...
  PRIV_REQUIRES wpa_supplicant)' in the CMakeLists.txt of esp_wifi, and
  specify the included directory as idf_component_register(...
  PRIV_INCLUDE_DIRS <dir relative to component>) in the CMakeLists.txt of
  component wpa_supplicant.
Call Stack (most recent call first):
  /root/esp/esp-idf/tools/cmake/component_validation.cmake:130 (__component_validation_check_include_dirs)
  /root/esp/esp-idf/CMakeLists.txt:353 (__component_validation_run_checks)


CMake Warning at /root/esp/esp-idf/tools/cmake/component_validation.cmake:106 (message):
  Private include directory
  '/root/esp/esp-idf/components/wpa_supplicant/esp_supplicant/src' belongs to
  component wpa_supplicant but is being used by component esp_wifi.  It is
  recommended to define the component dependency for esp_wifi on the
  component wpa_supplicant, i.e.  'idf_component_register(...  PRIV_REQUIRES
  wpa_supplicant)' in the CMakeLists.txt of esp_wifi, and specify the
  included directory as idf_component_register(...  PRIV_INCLUDE_DIRS <dir
  relative to component>) in the CMakeLists.txt of component wpa_supplicant.
Call Stack (most recent call first):
  /root/esp/esp-idf/tools/cmake/component_validation.cmake:130 (__component_validation_check_include_dirs)
  /root/esp/esp-idf/CMakeLists.txt:353 (__component_validation_run_checks)


-- Component idf::esp_trace will be linked with -Wl,--whole-archive
-- Components: app_trace app_update bootloader bootloader_support bt cmock console cxx driver efuse esp-tls esp_adc esp_app_format esp_asrc_adapter esp_blockdev esp_blockdev_util esp_bootloader_format esp_coex esp_common esp_driver_ana_cmpr esp_driver_bitscrambler esp_driver_cam esp_driver_cordic esp_driver_dac esp_driver_dma esp_driver_gpio esp_driver_gptimer esp_driver_i2c esp_driver_i2s esp_driver_i3c esp_driver_isp esp_driver_jpeg esp_driver_ledc esp_driver_mcpwm esp_driver_parlio esp_driver_pcnt esp_driver_ppa esp_driver_rmt esp_driver_sd_intf esp_driver_sdio esp_driver_sdm esp_driver_sdmmc esp_driver_sdspi esp_driver_spi esp_driver_touch_sens esp_driver_tsens esp_driver_twai esp_driver_uart esp_driver_usb_serial_jtag esp_eth esp_event esp_gdbstub esp_hal_ana_cmpr esp_hal_ana_conv esp_hal_asrc esp_hal_cam esp_hal_clock esp_hal_cordic esp_hal_dma esp_hal_emac esp_hal_gpio esp_hal_gpspi esp_hal_i2c esp_hal_i2s esp_hal_i3c esp_hal_ieee802154 esp_hal_jpeg esp_hal_lcd esp_hal_ledc esp_hal_mcpwm esp_hal_mspi esp_hal_parlio esp_hal_pcnt esp_hal_pmu esp_hal_ppa esp_hal_regi2c esp_hal_rmt esp_hal_rtc_timer esp_hal_sd esp_hal_security esp_hal_systimer esp_hal_timg esp_hal_touch_sens esp_hal_twai esp_hal_uart esp_hal_usb esp_hal_wdt esp_hid esp_http_client esp_http_server esp_https_ota esp_https_server esp_hw_support esp_lcd esp_libc esp_local_ctrl esp_mm esp_netif esp_netif_stack esp_partition esp_phy esp_pm esp_psram esp_ringbuf esp_rom esp_security esp_stdio esp_system esp_timer esp_trace esp_usb_cdc_rom_console esp_wifi espcoredump espressif__cjson esptool_py fatfs freertos hal heap http_parser ieee802154 log lwip main mbedtls nvs_flash nvs_sec_provider openthread partition_table perfmon protobuf-c protocomm pthread rt sdmmc soc spi_flash spiffs tcp_transport ulp unity vfs wear_levelling wpa_supplicant xtensa
-- Component paths: /root/esp/esp-idf/components/app_trace /root/esp/esp-idf/components/app_update /root/esp/esp-idf/components/bootloader /root/esp/esp-idf/components/bootloader_support /root/esp/esp-idf/components/bt /root/esp/esp-idf/components/cmock /root/esp/esp-idf/components/console /root/esp/esp-idf/components/cxx /root/esp/esp-idf/components/driver /root/esp/esp-idf/components/efuse /root/esp/esp-idf/components/esp-tls /root/esp/esp-idf/components/esp_adc /root/esp/esp-idf/components/esp_app_format /root/esp/esp-idf/components/esp_asrc_adapter /root/esp/esp-idf/components/esp_blockdev /root/esp/esp-idf/components/esp_blockdev_util /root/esp/esp-idf/components/esp_bootloader_format /root/esp/esp-idf/components/esp_coex /root/esp/esp-idf/components/esp_common /root/esp/esp-idf/components/esp_driver_ana_cmpr /root/esp/esp-idf/components/esp_driver_bitscrambler /root/esp/esp-idf/components/esp_driver_cam /root/esp/esp-idf/components/esp_driver_cordic /root/esp/esp-idf/components/esp_driver_dac /root/esp/esp-idf/components/esp_driver_dma /root/esp/esp-idf/components/esp_driver_gpio /root/esp/esp-idf/components/esp_driver_gptimer /root/esp/esp-idf/components/esp_driver_i2c /root/esp/esp-idf/components/esp_driver_i2s /root/esp/esp-idf/components/esp_driver_i3c /root/esp/esp-idf/components/esp_driver_isp /root/esp/esp-idf/components/esp_driver_jpeg /root/esp/esp-idf/components/esp_driver_ledc /root/esp/esp-idf/components/esp_driver_mcpwm /root/esp/esp-idf/components/esp_driver_parlio /root/esp/esp-idf/components/esp_driver_pcnt /root/esp/esp-idf/components/esp_driver_ppa /root/esp/esp-idf/components/esp_driver_rmt /root/esp/esp-idf/components/esp_driver_sd_intf /root/esp/esp-idf/components/esp_driver_sdio /root/esp/esp-idf/components/esp_driver_sdm /root/esp/esp-idf/components/esp_driver_sdmmc /root/esp/esp-idf/components/esp_driver_sdspi /root/esp/esp-idf/components/esp_driver_spi /root/esp/esp-idf/components/esp_driver_touch_sens /root/esp/esp-idf/components/esp_driver_tsens /root/esp/esp-idf/components/esp_driver_twai /root/esp/esp-idf/components/esp_driver_uart /root/esp/esp-idf/components/esp_driver_usb_serial_jtag /root/esp/esp-idf/components/esp_eth /root/esp/esp-idf/components/esp_event /root/esp/esp-idf/components/esp_gdbstub /root/esp/esp-idf/components/esp_hal_ana_cmpr /root/esp/esp-idf/components/esp_hal_ana_conv /root/esp/esp-idf/components/esp_hal_asrc /root/esp/esp-idf/components/esp_hal_cam /root/esp/esp-idf/components/esp_hal_clock /root/esp/esp-idf/components/esp_hal_cordic /root/esp/esp-idf/components/esp_hal_dma /root/esp/esp-idf/components/esp_hal_emac /root/esp/esp-idf/components/esp_hal_gpio /root/esp/esp-idf/components/esp_hal_gpspi /root/esp/esp-idf/components/esp_hal_i2c /root/esp/esp-idf/components/esp_hal_i2s /root/esp/esp-idf/components/esp_hal_i3c /root/esp/esp-idf/components/esp_hal_ieee802154 /root/esp/esp-idf/components/esp_hal_jpeg /root/esp/esp-idf/components/esp_hal_lcd /root/esp/esp-idf/components/esp_hal_ledc /root/esp/esp-idf/components/esp_hal_mcpwm /root/esp/esp-idf/components/esp_hal_mspi /root/esp/esp-idf/components/esp_hal_parlio /root/esp/esp-idf/components/esp_hal_pcnt /root/esp/esp-idf/components/esp_hal_pmu /root/esp/esp-idf/components/esp_hal_ppa /root/esp/esp-idf/components/esp_hal_regi2c /root/esp/esp-idf/components/esp_hal_rmt /root/esp/esp-idf/components/esp_hal_rtc_timer /root/esp/esp-idf/components/esp_hal_sd /root/esp/esp-idf/components/esp_hal_security /root/esp/esp-idf/components/esp_hal_systimer /root/esp/esp-idf/components/esp_hal_timg /root/esp/esp-idf/components/esp_hal_touch_sens /root/esp/esp-idf/components/esp_hal_twai /root/esp/esp-idf/components/esp_hal_uart /root/esp/esp-idf/components/esp_hal_usb /root/esp/esp-idf/components/esp_hal_wdt /root/esp/esp-idf/components/esp_hid /root/esp/esp-idf/components/esp_http_client /root/esp/esp-idf/components/esp_http_server /root/esp/esp-idf/components/esp_https_ota /root/esp/esp-idf/components/esp_https_server /root/esp/esp-idf/components/esp_hw_support /root/esp/esp-idf/components/esp_lcd /root/esp/esp-idf/components/esp_libc /root/esp/esp-idf/components/esp_local_ctrl /root/esp/esp-idf/components/esp_mm /root/esp/esp-idf/components/esp_netif /root/esp/esp-idf/components/esp_netif_stack /root/esp/esp-idf/components/esp_partition /root/esp/esp-idf/components/esp_phy /root/esp/esp-idf/components/esp_pm /root/esp/esp-idf/components/esp_psram /root/esp/esp-idf/components/esp_ringbuf /root/esp/esp-idf/components/esp_rom /root/esp/esp-idf/components/esp_security /root/esp/esp-idf/components/esp_stdio /root/esp/esp-idf/components/esp_system /root/esp/esp-idf/components/esp_timer /root/esp/esp-idf/components/esp_trace /root/esp/esp-idf/components/esp_usb_cdc_rom_console /root/esp/esp-idf/components/esp_wifi /root/esp/esp-idf/components/espcoredump /a0/usr/projects/zclaw/managed_components/espressif__cjson /root/esp/esp-idf/components/esptool_py /root/esp/esp-idf/components/fatfs /root/esp/esp-idf/components/freertos /root/esp/esp-idf/components/hal /root/esp/esp-idf/components/heap /root/esp/esp-idf/components/http_parser /root/esp/esp-idf/components/ieee802154 /root/esp/esp-idf/components/log /root/esp/esp-idf/components/lwip /a0/usr/projects/zclaw/main /root/esp/esp-idf/components/mbedtls /root/esp/esp-idf/components/nvs_flash /root/esp/esp-idf/components/nvs_sec_provider /root/esp/esp-idf/components/openthread /root/esp/esp-idf/components/partition_table /root/esp/esp-idf/components/perfmon /root/esp/esp-idf/components/protobuf-c /root/esp/esp-idf/components/protocomm /root/esp/esp-idf/components/pthread /root/esp/esp-idf/components/rt /root/esp/esp-idf/components/sdmmc /root/esp/esp-idf/components/soc /root/esp/esp-idf/components/spi_flash /root/esp/esp-idf/components/spiffs /root/esp/esp-idf/components/tcp_transport /root/esp/esp-idf/components/ulp /root/esp/esp-idf/components/unity /root/esp/esp-idf/components/vfs /root/esp/esp-idf/components/wear_levelling /root/esp/esp-idf/components/wpa_supplicant /root/esp/esp-idf/components/xtensa
-- Configuring done (34.9s)
-- Generating done (3.6s)
-- Build files have been written to: /a0/usr/projects/zclaw/build
Running ninja in directory /a0/usr/projects/zclaw/build
Executing "ninja all"...
[1/1075] Generating project_elf_src_esp32.c
[2/1075] Preprocessing linker script /root/esp/esp-idf/components/esp_system/ld/esp32/memory.ld.in -> /a0/usr/projects/zclaw/build/esp-idf/esp_system/ld/memory.ld
[3/1075] Preprocessing linker script /root/esp/esp-idf/components/esp_system/ld/esp32/sections.ld.in -> /a0/usr/projects/zclaw/build/esp-idf/esp_system/ld/sections.ld.in
[4/1075] Generating ../../ota_data_initial.bin
[5/1075] Generating ../../partition_table/partition-table.bin
Partition table binary generated. Contents:
*******************************************************************************
# ESP-IDF Partition Table
# Name, Type, SubType, Offset, Size, Flags
nvs,data,nvs,0x9000,16K,
nvs_key,data,nvs_keys,0xd000,4K,
otadata,data,ota,0xe000,8K,
phy_init,data,phy,0x10000,4K,
ota_0,app,ota_0,0x20000,1472K,
ota_1,app,ota_1,0x190000,1472K,
*******************************************************************************
[6/1075] Building C object esp-idf/esp_http_server/CMakeFiles/__idf_esp_http_server.dir/src/httpd_txrx.c.obj
[7/1075] Building C object esp-idf/esp_http_server/CMakeFiles/__idf_esp_http_server.dir/src/httpd_sess.c.obj
[8/1075] Building C object esp-idf/esp_http_server/CMakeFiles/__idf_esp_http_server.dir/src/httpd_main.c.obj
[9/1075] Building C object esp-idf/esp_http_server/CMakeFiles/__idf_esp_http_server.dir/src/httpd_ws.c.obj
[10/1075] Building C object esp-idf/esp_https_ota/CMakeFiles/__idf_esp_https_ota.dir/src/esp_https_ota.c.obj
[11/1075] Linking C static library esp-idf/esp_https_ota/libesp_https_ota.a
[12/1075] Building C object esp-idf/esp_http_server/CMakeFiles/__idf_esp_http_server.dir/src/httpd_uri.c.obj
[13/1075] Building C object esp-idf/esp_http_server/CMakeFiles/__idf_esp_http_server.dir/src/util/ctrl_sock.c.obj
[14/1075] Building C object esp-idf/esp_http_server/CMakeFiles/__idf_esp_http_server.dir/src/httpd_parse.c.obj
[15/1075] Linking C static library esp-idf/esp_http_server/libesp_http_server.a
[16/1075] Building C object esp-idf/esp_http_client/CMakeFiles/__idf_esp_http_client.dir/lib/http_header.c.obj
[17/1075] Building C object esp-idf/esp_http_client/CMakeFiles/__idf_esp_http_client.dir/lib/http_utils.c.obj
[18/1075] Building C object esp-idf/esp_http_client/CMakeFiles/__idf_esp_http_client.dir/lib/http_auth.c.obj
[19/1075] Building C object esp-idf/tcp_transport/CMakeFiles/__idf_tcp_transport.dir/transport_internal.c.obj
[20/1075] Building C object esp-idf/tcp_transport/CMakeFiles/__idf_tcp_transport.dir/transport_socks_proxy.c.obj
[21/1075] Building C object esp-idf/tcp_transport/CMakeFiles/__idf_tcp_transport.dir/transport.c.obj
[22/1075] Building C object esp-idf/esp_adc/CMakeFiles/__idf_esp_adc.dir/adc_cali.c.obj
[23/1075] Building C object esp-idf/esp_adc/CMakeFiles/__idf_esp_adc.dir/adc_cali_curve_fitting.c.obj
[24/1075] Building C object esp-idf/esp_adc/CMakeFiles/__idf_esp_adc.dir/adc_common.c.obj
[25/1075] Building C object esp-idf/tcp_transport/CMakeFiles/__idf_tcp_transport.dir/transport_ssl.c.obj
[26/1075] Building C object esp-idf/esp_adc/CMakeFiles/__idf_esp_adc.dir/adc_oneshot.c.obj
[27/1075] Building C object esp-idf/esp_adc/CMakeFiles/__idf_esp_adc.dir/esp32/adc_dma.c.obj
[28/1075] Building C object esp-idf/esp_adc/CMakeFiles/__idf_esp_adc.dir/esp32/adc_cali_line_fitting.c.obj
[29/1075] Building C object esp-idf/tcp_transport/CMakeFiles/__idf_tcp_transport.dir/transport_ws.c.obj
[30/1075] Building C object esp-idf/esp_adc/CMakeFiles/__idf_esp_adc.dir/adc_continuous.c.obj
[31/1075] Building C object esp-idf/esp_driver_i2s/CMakeFiles/__idf_esp_driver_i2s.dir/i2s_std.c.obj
[32/1075] Building C object esp-idf/esp-tls/CMakeFiles/__idf_esp-tls.dir/esp-tls-crypto/esp_tls_crypto.c.obj
[33/1075] Building C object esp-idf/esp_driver_i2s/CMakeFiles/__idf_esp_driver_i2s.dir/i2s_platform.c.obj
[34/1075] Building C object esp-idf/esp_http_client/CMakeFiles/__idf_esp_http_client.dir/esp_http_client.c.obj
[35/1075] Linking C static library esp-idf/esp_http_client/libesp_http_client.a
[36/1075] Building C object esp-idf/esp-tls/CMakeFiles/__idf_esp-tls.dir/esp_tls_platform_port.c.obj
[37/1075] Linking C static library esp-idf/tcp_transport/libtcp_transport.a
[38/1075] Linking C static library esp-idf/esp_adc/libesp_adc.a
[39/1075] Building C object esp-idf/esp_driver_i2s/CMakeFiles/__idf_esp_driver_i2s.dir/i2s_pdm.c.obj
[40/1075] Building C object esp-idf/esp-tls/CMakeFiles/__idf_esp-tls.dir/esp_tls_error_capture.c.obj
[41/1075] Building C object esp-idf/esp_hal_i2c/CMakeFiles/__idf_esp_hal_i2c.dir/i2c_hal.c.obj
[42/1075] Building C object esp-idf/esp_hal_i2c/CMakeFiles/__idf_esp_hal_i2c.dir/i2c_hal_iram.c.obj
[43/1075] Building C object esp-idf/esp_hal_i2c/CMakeFiles/__idf_esp_hal_i2c.dir/esp32/i2c_periph.c.obj
[44/1075] Building C object esp-idf/esp_driver_i2s/CMakeFiles/__idf_esp_driver_i2s.dir/i2s_common.c.obj
[45/1075] Building C object esp-idf/esp-tls/CMakeFiles/__idf_esp-tls.dir/esp_tls.c.obj
[46/1075] Linking C static library esp-idf/esp_driver_i2s/libesp_driver_i2s.a
[47/1075] Building C object esp-idf/esp_gdbstub/CMakeFiles/__idf_esp_gdbstub.dir/src/gdbstub_transport.c.obj
[48/1075] Building ASM object esp-idf/esp_gdbstub/CMakeFiles/__idf_esp_gdbstub.dir/src/port/xtensa/gdbstub-entry.S.obj
[49/1075] Building ASM object esp-idf/esp_gdbstub/CMakeFiles/__idf_esp_gdbstub.dir/src/port/xtensa/xt_debugexception.S.obj
[50/1075] Building C object esp-idf/esp_gdbstub/CMakeFiles/__idf_esp_gdbstub.dir/src/packet.c.obj
[51/1075] Building C object esp-idf/esp_gdbstub/CMakeFiles/__idf_esp_gdbstub.dir/src/gdbstub.c.obj
[52/1075] Building C object esp-idf/esp_wifi/CMakeFiles/__idf_esp_wifi.dir/src/mesh_event.c.obj
[53/1075] Building C object esp-idf/esp_wifi/CMakeFiles/__idf_esp_wifi.dir/src/lib_printf.c.obj
[54/1075] Building C object esp-idf/esp_gdbstub/CMakeFiles/__idf_esp_gdbstub.dir/src/port/xtensa/gdbstub_xtensa.c.obj
[55/1075] Building C object esp-idf/esp-tls/CMakeFiles/__idf_esp-tls.dir/esp_tls_mbedtls.c.obj
[56/1075] Building C object esp-idf/esp_wifi/CMakeFiles/__idf_esp_wifi.dir/src/smartconfig.c.obj
[57/1075] Linking C static library esp-idf/esp-tls/libesp-tls.a
[58/1075] Building C object esp-idf/esp_wifi/CMakeFiles/__idf_esp_wifi.dir/src/wifi_default_ap.c.obj
[59/1075] Building C object esp-idf/esp_wifi/CMakeFiles/__idf_esp_wifi.dir/src/wifi_init.c.obj
[60/1075] Building C object esp-idf/esp_wifi/CMakeFiles/__idf_esp_wifi.dir/src/wifi_netif.c.obj
[61/1075] Building C object esp-idf/esp_wifi/CMakeFiles/__idf_esp_wifi.dir/regulatory/esp_wifi_regulatory.c.obj
[62/1075] Building C object esp-idf/esp_wifi/CMakeFiles/__idf_esp_wifi.dir/src/wifi_default.c.obj
[63/1075] Building C object esp-idf/esp_wifi/CMakeFiles/__idf_esp_wifi.dir/src/smartconfig_ack.c.obj
[64/1075] Building C object esp-idf/esp_wifi/CMakeFiles/__idf_esp_wifi.dir/remote/esp_eap_client_remote_weak.c.obj
[65/1075] Building C object esp-idf/esp_coex/CMakeFiles/__idf_esp_coex.dir/src/coexist_debug_diagram.c.obj
[66/1075] Building C object esp-idf/esp_wifi/CMakeFiles/__idf_esp_wifi.dir/esp32/esp_adapter.c.obj
[67/1075] Building C object esp-idf/esp_wifi/CMakeFiles/__idf_esp_wifi.dir/remote/esp_wifi_remote_net2.c.obj
[68/1075] Building C object esp-idf/esp_coex/CMakeFiles/__idf_esp_coex.dir/src/coexist_debug.c.obj
[69/1075] Building C object esp-idf/esp_coex/CMakeFiles/__idf_esp_coex.dir/esp32/esp_coex_adapter.c.obj
[70/1075] Building C object esp-idf/esp_wifi/CMakeFiles/__idf_esp_wifi.dir/remote/esp_wifi_remote_weak.c.obj
[71/1075] Building C object esp-idf/wpa_supplicant/CMakeFiles/__idf_wpa_supplicant.dir/port/os_xtensa.c.obj
[72/1075] Building C object esp-idf/wpa_supplicant/CMakeFiles/__idf_wpa_supplicant.dir/src/ap/ap_config.c.obj
[73/1075] Building C object esp-idf/wpa_supplicant/CMakeFiles/__idf_wpa_supplicant.dir/port/eloop.c.obj
[74/1075] Building C object esp-idf/wpa_supplicant/CMakeFiles/__idf_wpa_supplicant.dir/src/ap/ieee802_1x.c.obj
[75/1075] Building C object esp-idf/http_parser/CMakeFiles/__idf_http_parser.dir/http_parser.c.obj
[76/1075] Building C object esp-idf/wpa_supplicant/CMakeFiles/__idf_wpa_supplicant.dir/src/ap/pmksa_cache_auth.c.obj
[77/1075] Linking C static library esp-idf/http_parser/libhttp_parser.a
[78/1075] Building C object esp-idf/wpa_supplicant/CMakeFiles/__idf_wpa_supplicant.dir/src/ap/wpa_auth_ie.c.obj
[79/1075] Linking C static library esp-idf/esp_hal_i2c/libesp_hal_i2c.a
[80/1075] Building C object esp-idf/wpa_supplicant/CMakeFiles/__idf_wpa_supplicant.dir/src/common/sae.c.obj
[81/1075] Building C object esp-idf/wpa_supplicant/CMakeFiles/__idf_wpa_supplicant.dir/src/ap/sta_info.c.obj
[82/1075] Building C object esp-idf/wpa_supplicant/CMakeFiles/__idf_wpa_supplicant.dir/src/ap/ieee802_11.c.obj
[83/1075] Linking C static library esp-idf/esp_gdbstub/libesp_gdbstub.a
[84/1075] Linking C static library esp-idf/esp_wifi/libesp_wifi.a
[85/1075] Building C object esp-idf/wpa_supplicant/CMakeFiles/__idf_wpa_supplicant.dir/src/ap/comeback_token.c.obj
[86/1075] Building C object esp-idf/wpa_supplicant/CMakeFiles/__idf_wpa_supplicant.dir/src/utils/bitfield.c.obj
[87/1075] Building C object esp-idf/wpa_supplicant/CMakeFiles/__idf_wpa_supplicant.dir/src/crypto/aes-siv.c.obj
[88/1075] Building C object esp-idf/wpa_supplicant/CMakeFiles/__idf_wpa_supplicant.dir/src/crypto/sha256-kdf.c.obj
[89/1075] Building C object esp-idf/wpa_supplicant/CMakeFiles/__idf_wpa_supplicant.dir/src/common/dragonfly.c.obj
[90/1075] Building C object esp-idf/wpa_supplicant/CMakeFiles/__idf_wpa_supplicant.dir/src/crypto/crypto_ops.c.obj
[91/1075] Building C object esp-idf/wpa_supplicant/CMakeFiles/__idf_wpa_supplicant.dir/src/crypto/dh_group5.c.obj
[92/1075] Building C object esp-idf/wpa_supplicant/CMakeFiles/__idf_wpa_supplicant.dir/src/crypto/ccmp.c.obj
[93/1075] Building C object esp-idf/wpa_supplicant/CMakeFiles/__idf_wpa_supplicant.dir/src/ap/wpa_auth.c.obj
[94/1075] Building C object esp-idf/wpa_supplicant/CMakeFiles/__idf_wpa_supplicant.dir/src/crypto/dh_groups.c.obj
[95/1075] Building C object esp-idf/wpa_supplicant/CMakeFiles/__idf_wpa_supplicant.dir/src/crypto/aes-gcm.c.obj
[96/1075] Building C object esp-idf/wpa_supplicant/CMakeFiles/__idf_wpa_supplicant.dir/src/common/wpa_common.c.obj
[97/1075] Building C object esp-idf/wpa_supplicant/CMakeFiles/__idf_wpa_supplicant.dir/src/crypto/sha1-tlsprf.c.obj
[98/1075] Building C object esp-idf/wpa_supplicant/CMakeFiles/__idf_wpa_supplicant.dir/src/crypto/sha256-tlsprf.c.obj
[99/1075] Building C object esp-idf/wpa_supplicant/CMakeFiles/__idf_wpa_supplicant.dir/src/crypto/sha384-tlsprf.c.obj
[100/1075] Building C object esp-idf/wpa_supplicant/CMakeFiles/__idf_wpa_supplicant.dir/src/crypto/ms_funcs.c.obj
[101/1075] Building C object esp-idf/wpa_supplicant/CMakeFiles/__idf_wpa_supplicant.dir/src/crypto/sha256-prf.c.obj
[102/1075] Building C object esp-idf/wpa_supplicant/CMakeFiles/__idf_wpa_supplicant.dir/src/crypto/sha1-prf.c.obj
[103/1075] Building C object esp-idf/wpa_supplicant/CMakeFiles/__idf_wpa_supplicant.dir/src/crypto/sha384-prf.c.obj
[104/1075] Building C object esp-idf/wpa_supplicant/CMakeFiles/__idf_wpa_supplicant.dir/src/crypto/sha1-tprf.c.obj
[105/1075] Building C object esp-idf/wpa_supplicant/CMakeFiles/__idf_wpa_supplicant.dir/src/eap_common/eap_wsc_common.c.obj
[106/1075] Building C object esp-idf/wpa_supplicant/CMakeFiles/__idf_wpa_supplicant.dir/src/crypto/md4-internal.c.obj
[107/1075] Building C object esp-idf/wpa_supplicant/CMakeFiles/__idf_wpa_supplicant.dir/src/eap_peer/chap.c.obj
[108/1075] Building C object esp-idf/wpa_supplicant/CMakeFiles/__idf_wpa_supplicant.dir/src/common/ieee802_11_common.c.obj
[109/1075] Building C object esp-idf/wpa_supplicant/CMakeFiles/__idf_wpa_supplicant.dir/src/eap_peer/eap_peap_common.c.obj
[110/1075] Building C object esp-idf/wpa_supplicant/CMakeFiles/__idf_wpa_supplicant.dir/src/eap_peer/eap_common.c.obj
[111/1075] Building C object esp-idf/wpa_supplicant/CMakeFiles/__idf_wpa_supplicant.dir/src/eap_peer/eap_tls.c.obj
[112/1075] Building C object esp-idf/wpa_supplicant/CMakeFiles/__idf_wpa_supplicant.dir/src/eap_peer/eap_mschapv2.c.obj
[113/1075] Building C object esp-idf/wpa_supplicant/CMakeFiles/__idf_wpa_supplicant.dir/src/eap_peer/mschapv2.c.obj
[114/1075] Building C object esp-idf/wpa_supplicant/CMakeFiles/__idf_wpa_supplicant.dir/src/eap_peer/eap.c.obj
[115/1075] Building C object esp-idf/wpa_supplicant/CMakeFiles/__idf_wpa_supplicant.dir/src/eap_peer/eap_tls_common.c.obj
[116/1075] Building C object esp-idf/wpa_supplicant/CMakeFiles/__idf_wpa_supplicant.dir/src/eap_peer/eap_peap.c.obj
[117/1075] Building C object esp-idf/wpa_supplicant/CMakeFiles/__idf_wpa_supplicant.dir/src/eap_peer/eap_fast_common.c.obj
[118/1075] Building C object esp-idf/wpa_supplicant/CMakeFiles/__idf_wpa_supplicant.dir/src/rsn_supp/pmksa_cache.c.obj
[119/1075] Building C object esp-idf/wpa_supplicant/CMakeFiles/__idf_wpa_supplicant.dir/src/eap_peer/eap_ttls.c.obj
[120/1075] Building C object esp-idf/wpa_supplicant/CMakeFiles/__idf_wpa_supplicant.dir/src/rsn_supp/wpa_ie.c.obj
[121/1075] Building C object esp-idf/wpa_supplicant/CMakeFiles/__idf_wpa_supplicant.dir/src/eap_peer/eap_fast_pac.c.obj
[122/1075] Building C object esp-idf/wpa_supplicant/CMakeFiles/__idf_wpa_supplicant.dir/src/utils/base64.c.obj
[123/1075] Building C object esp-idf/wpa_supplicant/CMakeFiles/__idf_wpa_supplicant.dir/src/utils/ext_password.c.obj
[124/1075] Building C object esp-idf/wpa_supplicant/CMakeFiles/__idf_wpa_supplicant.dir/src/utils/uuid.c.obj
[125/1075] Building C object esp-idf/wpa_supplicant/CMakeFiles/__idf_wpa_supplicant.dir/src/utils/wpa_debug.c.obj
[126/1075] Building C object esp-idf/wpa_supplicant/CMakeFiles/__idf_wpa_supplicant.dir/src/utils/wpabuf.c.obj
[127/1075] Building C object esp-idf/wpa_supplicant/CMakeFiles/__idf_wpa_supplicant.dir/src/utils/common.c.obj
[128/1075] Building C object esp-idf/wpa_supplicant/CMakeFiles/__idf_wpa_supplicant.dir/src/eap_peer/eap_fast.c.obj
[129/1075] Building C object esp-idf/wpa_supplicant/CMakeFiles/__idf_wpa_supplicant.dir/src/rsn_supp/wpa.c.obj
[130/1075] Building C object esp-idf/wpa_supplicant/CMakeFiles/__idf_wpa_supplicant.dir/src/wps/wps_attr_build.c.obj
[131/1075] Building C object esp-idf/wpa_supplicant/CMakeFiles/__idf_wpa_supplicant.dir/src/wps/wps.c.obj
[132/1075] Building C object esp-idf/wpa_supplicant/CMakeFiles/__idf_wpa_supplicant.dir/src/utils/json.c.obj
[133/1075] Building C object esp-idf/wpa_supplicant/CMakeFiles/__idf_wpa_supplicant.dir/src/wps/wps_common.c.obj
[134/1075] Building C object esp-idf/wpa_supplicant/CMakeFiles/__idf_wpa_supplicant.dir/src/wps/wps_attr_parse.c.obj
[135/1075] Building C object esp-idf/wpa_supplicant/CMakeFiles/__idf_wpa_supplicant.dir/src/wps/wps_attr_process.c.obj
[136/1075] Building C object esp-idf/wpa_supplicant/CMakeFiles/__idf_wpa_supplicant.dir/esp_supplicant/src/esp_wpa2_api_port.c.obj
[137/1075] Building C object esp-idf/wpa_supplicant/CMakeFiles/__idf_wpa_supplicant.dir/src/wps/wps_dev_attr.c.obj
[138/1075] Building C object esp-idf/wpa_supplicant/CMakeFiles/__idf_wpa_supplicant.dir/esp_supplicant/src/esp_wpas_glue.c.obj
[139/1075] Building C object esp-idf/wpa_supplicant/CMakeFiles/__idf_wpa_supplicant.dir/esp_supplicant/src/esp_wpa3.c.obj
[140/1075] Building C object esp-idf/wpa_supplicant/CMakeFiles/__idf_wpa_supplicant.dir/esp_supplicant/src/esp_owe.c.obj
[141/1075] Building C object esp-idf/wpa_supplicant/CMakeFiles/__idf_wpa_supplicant.dir/esp_supplicant/src/esp_wpa_main.c.obj
[142/1075] Building C object esp-idf/wpa_supplicant/CMakeFiles/__idf_wpa_supplicant.dir/esp_supplicant/src/esp_common.c.obj
[143/1075] Building C object esp-idf/wpa_supplicant/CMakeFiles/__idf_wpa_supplicant.dir/src/wps/wps_enrollee.c.obj
[144/1075] Building C object esp-idf/wpa_supplicant/CMakeFiles/__idf_wpa_supplicant.dir/esp_supplicant/src/esp_hostap.c.obj
[145/1075] Building C object esp-idf/wpa_supplicant/CMakeFiles/__idf_wpa_supplicant.dir/src/tls/asn1.c.obj
[146/1075] Building C object esp-idf/wpa_supplicant/CMakeFiles/__idf_wpa_supplicant.dir/src/tls/pkcs1.c.obj
[147/1075] Building C object esp-idf/wpa_supplicant/CMakeFiles/__idf_wpa_supplicant.dir/esp_supplicant/src/esp_eap_client.c.obj
[148/1075] Building C object esp-idf/wpa_supplicant/CMakeFiles/__idf_wpa_supplicant.dir/src/tls/pkcs8.c.obj
[149/1075] Building C object esp-idf/wpa_supplicant/CMakeFiles/__idf_wpa_supplicant.dir/src/tls/pkcs5.c.obj
[150/1075] Building C object esp-idf/wpa_supplicant/CMakeFiles/__idf_wpa_supplicant.dir/src/tls/rsa.c.obj
[151/1075] Building C object esp-idf/wpa_supplicant/CMakeFiles/__idf_wpa_supplicant.dir/esp_supplicant/src/esp_wps.c.obj
[152/1075] Building C object esp-idf/wpa_supplicant/CMakeFiles/__idf_wpa_supplicant.dir/src/tls/bignum.c.obj
[153/1075] Building C object esp-idf/wpa_supplicant/CMakeFiles/__idf_wpa_supplicant.dir/src/crypto/tls_internal.c.obj
[154/1075] Building C object esp-idf/wpa_supplicant/CMakeFiles/__idf_wpa_supplicant.dir/src/tls/tlsv1_client.c.obj
[155/1075] Building C object esp-idf/wpa_supplicant/CMakeFiles/__idf_wpa_supplicant.dir/src/tls/tlsv1_client_write.c.obj
[156/1075] Building C object esp-idf/wpa_supplicant/CMakeFiles/__idf_wpa_supplicant.dir/src/tls/tlsv1_cred.c.obj
[157/1075] Building C object esp-idf/wpa_supplicant/CMakeFiles/__idf_wpa_supplicant.dir/src/tls/tlsv1_common.c.obj
[158/1075] Building C object esp-idf/wpa_supplicant/CMakeFiles/__idf_wpa_supplicant.dir/src/tls/tlsv1_client_read.c.obj
[159/1075] Building C object esp-idf/wpa_supplicant/CMakeFiles/__idf_wpa_supplicant.dir/src/tls/tlsv1_record.c.obj
[160/1075] Building C object esp-idf/wpa_supplicant/CMakeFiles/__idf_wpa_supplicant.dir/src/tls/tlsv1_client_ocsp.c.obj
[161/1075] Building C object esp-idf/wpa_supplicant/CMakeFiles/__idf_wpa_supplicant.dir/esp_supplicant/src/crypto/crypto_mbedtls-rsa.c.obj
[162/1075] Building C object esp-idf/wpa_supplicant/CMakeFiles/__idf_wpa_supplicant.dir/esp_supplicant/src/crypto/crypto_mbedtls.c.obj
[163/1075] Building C object esp-idf/wpa_supplicant/CMakeFiles/__idf_wpa_supplicant.dir/src/crypto/rc4.c.obj
[164/1075] Building C object esp-idf/wpa_supplicant/CMakeFiles/__idf_wpa_supplicant.dir/esp_supplicant/src/crypto/fastpbkdf2.c.obj
[165/1075] Building C object esp-idf/wpa_supplicant/CMakeFiles/__idf_wpa_supplicant.dir/esp_supplicant/src/crypto/crypto_mbedtls-bignum.c.obj
[166/1075] Building C object esp-idf/wpa_supplicant/CMakeFiles/__idf_wpa_supplicant.dir/src/crypto/aes-wrap.c.obj
[167/1075] Linking C static library esp-idf/esp_coex/libesp_coex.a
[168/1075] Building C object esp-idf/wpa_supplicant/CMakeFiles/__idf_wpa_supplicant.dir/src/crypto/des-internal.c.obj
[169/1075] Building C object esp-idf/esp_netif/CMakeFiles/__idf_esp_netif.dir/esp_netif_handlers.c.obj
[170/1075] Building C object esp-idf/esp_netif/CMakeFiles/__idf_esp_netif.dir/esp_netif_objects.c.obj
[171/1075] Building C object esp-idf/wpa_supplicant/CMakeFiles/__idf_wpa_supplicant.dir/src/crypto/aes-unwrap.c.obj
[172/1075] Building C object esp-idf/wpa_supplicant/CMakeFiles/__idf_wpa_supplicant.dir/src/crypto/aes-ccm.c.obj
[173/1075] Building C object esp-idf/esp_netif/CMakeFiles/__idf_esp_netif.dir/esp_netif_defaults.c.obj
[174/1075] Building C object esp-idf/wpa_supplicant/CMakeFiles/__idf_wpa_supplicant.dir/src/tls/x509v3.c.obj
[175/1075] Building C object esp-idf/esp_netif/CMakeFiles/__idf_esp_netif.dir/lwip/esp_netif_lwip_defaults.c.obj
[176/1075] Building C object esp-idf/esp_netif/CMakeFiles/__idf_esp_netif.dir/lwip/netif/ethernetif.c.obj
[177/1075] Building C object esp-idf/esp_netif/CMakeFiles/__idf_esp_netif.dir/lwip/esp_netif_sntp.c.obj
[178/1075] Building C object esp-idf/esp_netif/CMakeFiles/__idf_esp_netif.dir/lwip/netif/wlanif.c.obj
[179/1075] Building C object esp-idf/esp_netif/CMakeFiles/__idf_esp_netif.dir/lwip/netif/esp_pbuf_ref.c.obj
[180/1075] Building C object esp-idf/lwip/CMakeFiles/__idf_lwip.dir/lwip/src/api/err.c.obj
[181/1075] Building C object esp-idf/lwip/CMakeFiles/__idf_lwip.dir/apps/sntp/sntp.c.obj
[182/1075] Building C object esp-idf/lwip/CMakeFiles/__idf_lwip.dir/lwip/src/api/if_api.c.obj
[183/1075] Building C object esp-idf/lwip/CMakeFiles/__idf_lwip.dir/lwip/src/api/api_lib.c.obj
[184/1075] Building C object esp-idf/lwip/CMakeFiles/__idf_lwip.dir/lwip/src/api/netbuf.c.obj
[185/1075] Building C object esp-idf/wpa_supplicant/CMakeFiles/__idf_wpa_supplicant.dir/esp_supplicant/src/crypto/crypto_mbedtls-ec.c.obj
[186/1075] Building C object esp-idf/lwip/CMakeFiles/__idf_lwip.dir/lwip/src/api/netifapi.c.obj
[187/1075] Building C object esp-idf/lwip/CMakeFiles/__idf_lwip.dir/lwip/src/api/netdb.c.obj
[188/1075] Building C object esp-idf/lwip/CMakeFiles/__idf_lwip.dir/lwip/src/api/api_msg.c.obj
[189/1075] Linking C static library esp-idf/wpa_supplicant/libwpa_supplicant.a
[190/1075] Building C object esp-idf/esp_netif/CMakeFiles/__idf_esp_netif.dir/lwip/esp_netif_lwip.c.obj
[191/1075] Building C object esp-idf/lwip/CMakeFiles/__idf_lwip.dir/lwip/src/apps/netbiosns/netbiosns.c.obj
[192/1075] Building C object esp-idf/lwip/CMakeFiles/__idf_lwip.dir/lwip/src/api/tcpip.c.obj
[193/1075] Building C object esp-idf/lwip/CMakeFiles/__idf_lwip.dir/lwip/src/apps/sntp/sntp.c.obj
[194/1075] Building C object esp-idf/lwip/CMakeFiles/__idf_lwip.dir/lwip/src/core/def.c.obj
[195/1075] Building C object esp-idf/lwip/CMakeFiles/__idf_lwip.dir/lwip/src/core/init.c.obj
[196/1075] Building C object esp-idf/lwip/CMakeFiles/__idf_lwip.dir/lwip/src/core/inet_chksum.c.obj
[197/1075] Building C object esp-idf/lwip/CMakeFiles/__idf_lwip.dir/lwip/src/core/ip.c.obj
[198/1075] Building C object esp-idf/lwip/CMakeFiles/__idf_lwip.dir/lwip/src/core/mem.c.obj
[199/1075] Building C object esp-idf/lwip/CMakeFiles/__idf_lwip.dir/lwip/src/core/memp.c.obj
[200/1075] Building C object esp-idf/lwip/CMakeFiles/__idf_lwip.dir/lwip/src/core/dns.c.obj
[201/1075] Building C object esp-idf/lwip/CMakeFiles/__idf_lwip.dir/lwip/src/core/stats.c.obj
[202/1075] Building C object esp-idf/lwip/CMakeFiles/__idf_lwip.dir/lwip/src/core/raw.c.obj
[203/1075] Building C object esp-idf/lwip/CMakeFiles/__idf_lwip.dir/lwip/src/core/sys.c.obj
[204/1075] Building C object esp-idf/lwip/CMakeFiles/__idf_lwip.dir/lwip/src/core/netif.c.obj
[205/1075] Building C object esp-idf/lwip/CMakeFiles/__idf_lwip.dir/lwip/src/core/timeouts.c.obj
[206/1075] Building C object esp-idf/lwip/CMakeFiles/__idf_lwip.dir/lwip/src/core/pbuf.c.obj
[207/1075] Building C object esp-idf/lwip/CMakeFiles/__idf_lwip.dir/lwip/src/api/sockets.c.obj
[208/1075] Building C object esp-idf/lwip/CMakeFiles/__idf_lwip.dir/lwip/src/core/ipv4/autoip.c.obj
[209/1075] Building C object esp-idf/lwip/CMakeFiles/__idf_lwip.dir/lwip/src/core/tcp.c.obj
[210/1075] Building C object esp-idf/lwip/CMakeFiles/__idf_lwip.dir/lwip/src/core/tcp_out.c.obj
[211/1075] Building C object esp-idf/lwip/CMakeFiles/__idf_lwip.dir/lwip/src/core/udp.c.obj
[212/1075] Building C object esp-idf/lwip/CMakeFiles/__idf_lwip.dir/lwip/src/core/ipv4/icmp.c.obj
[213/1075] Building C object esp-idf/lwip/CMakeFiles/__idf_lwip.dir/lwip/src/core/ipv4/ip4_napt.c.obj
[214/1075] Building C object esp-idf/lwip/CMakeFiles/__idf_lwip.dir/lwip/src/core/tcp_in.c.obj
[215/1075] Building C object esp-idf/lwip/CMakeFiles/__idf_lwip.dir/lwip/src/core/ipv4/ip4.c.obj
[216/1075] Building C object esp-idf/lwip/CMakeFiles/__idf_lwip.dir/lwip/src/core/ipv4/etharp.c.obj
[217/1075] Building C object esp-idf/lwip/CMakeFiles/__idf_lwip.dir/lwip/src/core/ipv4/igmp.c.obj
[218/1075] Building C object esp-idf/lwip/CMakeFiles/__idf_lwip.dir/lwip/src/core/ipv4/ip4_frag.c.obj
[219/1075] Building C object esp-idf/lwip/CMakeFiles/__idf_lwip.dir/lwip/src/core/ipv6/ethip6.c.obj
[220/1075] Building C object esp-idf/lwip/CMakeFiles/__idf_lwip.dir/lwip/src/core/ipv4/ip4_addr.c.obj
[221/1075] Building C object esp-idf/lwip/CMakeFiles/__idf_lwip.dir/lwip/src/core/ipv6/dhcp6.c.obj
[222/1075] Building C object esp-idf/lwip/CMakeFiles/__idf_lwip.dir/lwip/src/core/ipv6/icmp6.c.obj
[223/1075] Building C object esp-idf/lwip/CMakeFiles/__idf_lwip.dir/lwip/src/core/ipv6/inet6.c.obj
[224/1075] Building C object esp-idf/lwip/CMakeFiles/__idf_lwip.dir/lwip/src/core/ipv6/ip6_addr.c.obj
[225/1075] Building C object esp-idf/lwip/CMakeFiles/__idf_lwip.dir/lwip/src/core/ipv6/ip6.c.obj
[226/1075] Building C object esp-idf/lwip/CMakeFiles/__idf_lwip.dir/lwip/src/core/ipv6/ip6_frag.c.obj
[227/1075] Building C object esp-idf/lwip/CMakeFiles/__idf_lwip.dir/lwip/src/core/ipv6/mld6.c.obj
[228/1075] Building C object esp-idf/lwip/CMakeFiles/__idf_lwip.dir/lwip/src/core/ipv6/nd6.c.obj
[229/1075] Building C object esp-idf/lwip/CMakeFiles/__idf_lwip.dir/lwip/src/netif/bridgeif.c.obj
[230/1075] Building C object esp-idf/lwip/CMakeFiles/__idf_lwip.dir/lwip/src/netif/ethernet.c.obj
[231/1075] Building C object esp-idf/lwip/CMakeFiles/__idf_lwip.dir/lwip/src/netif/bridgeif_fdb.c.obj
[232/1075] Building C object esp-idf/lwip/CMakeFiles/__idf_lwip.dir/lwip/src/netif/ppp/auth.c.obj
[233/1075] Building C object esp-idf/lwip/CMakeFiles/__idf_lwip.dir/lwip/src/core/ipv4/dhcp.c.obj
[234/1075] Building C object esp-idf/lwip/CMakeFiles/__idf_lwip.dir/lwip/src/netif/ppp/ccp.c.obj
[235/1075] Building C object esp-idf/lwip/CMakeFiles/__idf_lwip.dir/lwip/src/netif/ppp/chap-md5.c.obj
[236/1075] Building C object esp-idf/lwip/CMakeFiles/__idf_lwip.dir/lwip/src/netif/ppp/chap_ms.c.obj
[237/1075] Building C object esp-idf/lwip/CMakeFiles/__idf_lwip.dir/lwip/src/netif/ppp/chap-new.c.obj
[238/1075] Building C object esp-idf/lwip/CMakeFiles/__idf_lwip.dir/lwip/src/netif/slipif.c.obj
[239/1075] Building C object esp-idf/lwip/CMakeFiles/__idf_lwip.dir/lwip/src/netif/ppp/eap.c.obj
[240/1075] Building C object esp-idf/lwip/CMakeFiles/__idf_lwip.dir/lwip/src/netif/ppp/ecp.c.obj
[241/1075] Building C object esp-idf/lwip/CMakeFiles/__idf_lwip.dir/lwip/src/netif/ppp/demand.c.obj
[242/1075] Building C object esp-idf/lwip/CMakeFiles/__idf_lwip.dir/lwip/src/netif/ppp/ipv6cp.c.obj
[243/1075] Building C object esp-idf/lwip/CMakeFiles/__idf_lwip.dir/lwip/src/netif/ppp/eui64.c.obj
[244/1075] Building C object esp-idf/lwip/CMakeFiles/__idf_lwip.dir/lwip/src/netif/ppp/ipcp.c.obj
[245/1075] Building C object esp-idf/lwip/CMakeFiles/__idf_lwip.dir/lwip/src/netif/ppp/magic.c.obj
[246/1075] Building C object esp-idf/lwip/CMakeFiles/__idf_lwip.dir/lwip/src/netif/ppp/fsm.c.obj
[247/1075] Building C object esp-idf/lwip/CMakeFiles/__idf_lwip.dir/lwip/src/netif/ppp/lcp.c.obj
[248/1075] Building C object esp-idf/lwip/CMakeFiles/__idf_lwip.dir/lwip/src/netif/ppp/mppe.c.obj
[249/1075] Building C object esp-idf/lwip/CMakeFiles/__idf_lwip.dir/lwip/src/netif/ppp/ppp.c.obj
[250/1075] Building C object esp-idf/lwip/CMakeFiles/__idf_lwip.dir/lwip/src/netif/ppp/pppcrypt.c.obj
[251/1075] Building C object esp-idf/lwip/CMakeFiles/__idf_lwip.dir/lwip/src/netif/ppp/multilink.c.obj
[252/1075] Building C object esp-idf/lwip/CMakeFiles/__idf_lwip.dir/lwip/src/netif/ppp/pppol2tp.c.obj
[253/1075] Building C object esp-idf/lwip/CMakeFiles/__idf_lwip.dir/lwip/src/netif/ppp/pppapi.c.obj
[254/1075] Building C object esp-idf/lwip/CMakeFiles/__idf_lwip.dir/lwip/src/netif/ppp/pppoe.c.obj
[255/1075] Building C object esp-idf/lwip/CMakeFiles/__idf_lwip.dir/lwip/src/netif/ppp/upap.c.obj
[256/1075] Building C object esp-idf/lwip/CMakeFiles/__idf_lwip.dir/lwip/src/netif/ppp/pppos.c.obj
[257/1075] Building C object esp-idf/lwip/CMakeFiles/__idf_lwip.dir/lwip/src/netif/ppp/utils.c.obj
[258/1075] Building C object esp-idf/lwip/CMakeFiles/__idf_lwip.dir/port/hooks/tcp_isn_default.c.obj
[259/1075] Building C object esp-idf/lwip/CMakeFiles/__idf_lwip.dir/lwip/src/netif/ppp/vj.c.obj
[260/1075] Building C object esp-idf/lwip/CMakeFiles/__idf_lwip.dir/port/if_index.c.obj
[261/1075] Building C object esp-idf/lwip/CMakeFiles/__idf_lwip.dir/port/hooks/lwip_default_hooks.c.obj
[262/1075] Building C object esp-idf/lwip/CMakeFiles/__idf_lwip.dir/port/debug/lwip_debug.c.obj
[263/1075] Building C object esp-idf/lwip/CMakeFiles/__idf_lwip.dir/port/sockets_ext.c.obj
[264/1075] Building C object esp-idf/lwip/CMakeFiles/__idf_lwip.dir/port/acd_dhcp_check.c.obj
[265/1075] Building C object esp-idf/lwip/CMakeFiles/__idf_lwip.dir/lwip/src/netif/ppp/polarssl/arc4.c.obj
[266/1075] Building C object esp-idf/lwip/CMakeFiles/__idf_lwip.dir/lwip/src/netif/ppp/polarssl/des.c.obj
[267/1075] Building C object esp-idf/lwip/CMakeFiles/__idf_lwip.dir/port/esp32xx/vfs_lwip.c.obj
[268/1075] Building C object esp-idf/lwip/CMakeFiles/__idf_lwip.dir/lwip/src/netif/ppp/polarssl/md4.c.obj
[269/1075] Building C object esp-idf/lwip/CMakeFiles/__idf_lwip.dir/port/freertos/sys_arch.c.obj
[270/1075] Linking C static library esp-idf/esp_netif/libesp_netif.a
[271/1075] Building C object esp-idf/lwip/CMakeFiles/__idf_lwip.dir/lwip/src/netif/ppp/polarssl/md5.c.obj
[272/1075] Building C object esp-idf/lwip/CMakeFiles/__idf_lwip.dir/lwip/src/netif/ppp/polarssl/sha1.c.obj
[273/1075] Building C object esp-idf/lwip/CMakeFiles/__idf_lwip.dir/apps/ping/ping_sock.c.obj
[274/1075] Building C object esp-idf/vfs/CMakeFiles/__idf_vfs.dir/vfs_eventfd.c.obj
[275/1075] Building C object esp-idf/vfs/CMakeFiles/__idf_vfs.dir/nullfs.c.obj
[276/1075] Building C object esp-idf/vfs/CMakeFiles/__idf_vfs.dir/vfs.c.obj
[277/1075] Building C object esp-idf/esp_phy/CMakeFiles/__idf_esp_phy.dir/src/lib_printf.c.obj
[278/1075] Building C object esp-idf/esp_phy/CMakeFiles/__idf_esp_phy.dir/src/phy_override.c.obj
[279/1075] Building C object esp-idf/esp_phy/CMakeFiles/__idf_esp_phy.dir/esp32/phy_init_data.c.obj
[280/1075] Building C object esp-idf/vfs/CMakeFiles/__idf_vfs.dir/vfs_calls.c.obj
[281/1075] Building C object esp-idf/vfs/CMakeFiles/__idf_vfs.dir/vfs_semihost.c.obj
[282/1075] Building C object esp-idf/lwip/CMakeFiles/__idf_lwip.dir/apps/dhcpserver/dhcpserver.c.obj
[283/1075] Building C object esp-idf/esp_phy/CMakeFiles/__idf_esp_phy.dir/src/phy_common.c.obj
[284/1075] Building C object esp-idf/esp_phy/CMakeFiles/__idf_esp_phy.dir/src/btbb_init.c.obj
[285/1075] Linking C static library esp-idf/lwip/liblwip.a
[286/1075] Linking C static library esp-idf/vfs/libvfs.a
[287/1075] Building C object esp-idf/esp_phy/CMakeFiles/__idf_esp_phy.dir/src/phy_init.c.obj
[288/1075] Building CXX object esp-idf/nvs_flash/CMakeFiles/__idf_nvs_flash.dir/src/nvs_cxx_api.cpp.obj
[289/1075] Building CXX object esp-idf/nvs_flash/CMakeFiles/__idf_nvs_flash.dir/src/nvs_item_hash_list.cpp.obj
[290/1075] Building CXX object esp-idf/nvs_flash/CMakeFiles/__idf_nvs_flash.dir/src/nvs_page.cpp.obj
[291/1075] Building CXX object esp-idf/nvs_flash/CMakeFiles/__idf_nvs_flash.dir/src/nvs_pagemanager.cpp.obj
[292/1075] Building CXX object esp-idf/nvs_flash/CMakeFiles/__idf_nvs_flash.dir/src/nvs_api.cpp.obj
[293/1075] Building CXX object esp-idf/nvs_flash/CMakeFiles/__idf_nvs_flash.dir/src/nvs_partition.cpp.obj
[294/1075] Building CXX object esp-idf/nvs_flash/CMakeFiles/__idf_nvs_flash.dir/src/nvs_partition_lookup.cpp.obj
[295/1075] Building CXX object esp-idf/nvs_flash/CMakeFiles/__idf_nvs_flash.dir/src/nvs_platform.cpp.obj
[296/1075] Building CXX object esp-idf/nvs_flash/CMakeFiles/__idf_nvs_flash.dir/src/nvs_storage.cpp.obj
[297/1075] Building C object esp-idf/nvs_flash/CMakeFiles/__idf_nvs_flash.dir/src/nvs_bootloader.c.obj
[298/1075] Building C object esp-idf/nvs_flash/CMakeFiles/__idf_nvs_flash.dir/src/nvs_bootloader_aes.c.obj
[299/1075] Building CXX object esp-idf/nvs_flash/CMakeFiles/__idf_nvs_flash.dir/src/nvs_handle_simple.cpp.obj
[300/1075] Linking C static library esp-idf/esp_phy/libesp_phy.a
[301/1075] Building C object esp-idf/nvs_flash/CMakeFiles/__idf_nvs_flash.dir/src/nvs_bootloader_xts_aes.c.obj
[302/1075] Building C object esp-idf/esp_event/CMakeFiles/__idf_esp_event.dir/default_event_loop.c.obj
[303/1075] Building C object esp-idf/nvs_sec_provider/CMakeFiles/__idf_nvs_sec_provider.dir/nvs_sec_provider.c.obj
[304/1075] Building C object esp-idf/esp_event/CMakeFiles/__idf_esp_event.dir/esp_event_private.c.obj
[305/1075] Building CXX object esp-idf/nvs_flash/CMakeFiles/__idf_nvs_flash.dir/src/nvs_handle_locked.cpp.obj
[306/1075] Building C object esp-idf/esp_driver_uart/CMakeFiles/__idf_esp_driver_uart.dir/src/uart_wakeup.c.obj
[307/1075] Building C object esp-idf/esp_event/CMakeFiles/__idf_esp_event.dir/esp_event.c.obj
[308/1075] Building C object esp-idf/esp_psram/CMakeFiles/__idf_esp_psram.dir/system_layer/esp_psram_mspi.c.obj
[309/1075] Building C object esp-idf/esp_driver_uart/CMakeFiles/__idf_esp_driver_uart.dir/src/uart_vfs.c.obj
[310/1075] Building CXX object esp-idf/nvs_flash/CMakeFiles/__idf_nvs_flash.dir/src/nvs_partition_manager.cpp.obj
[311/1075] Building CXX object esp-idf/nvs_flash/CMakeFiles/__idf_nvs_flash.dir/src/nvs_types.cpp.obj
[312/1075] Building CXX object esp-idf/nvs_flash/CMakeFiles/__idf_nvs_flash.dir/src/nvs_encrypted_partition.cpp.obj
[313/1075] Building C object esp-idf/esp_timer/CMakeFiles/__idf_esp_timer.dir/src/esp_timer_init.c.obj
[314/1075] Linking C static library esp-idf/nvs_flash/libnvs_flash.a
[315/1075] Linking C static library esp-idf/nvs_sec_provider/libnvs_sec_provider.a
[316/1075] Building C object esp-idf/esp_timer/CMakeFiles/__idf_esp_timer.dir/src/ets_timer_legacy.c.obj
[317/1075] Linking C static library esp-idf/esp_event/libesp_event.a
[318/1075] Building C object esp-idf/esp_timer/CMakeFiles/__idf_esp_timer.dir/src/system_time.c.obj
[319/1075] Building C object esp-idf/esp_ringbuf/CMakeFiles/__idf_esp_ringbuf.dir/ringbuf.c.obj
[320/1075] Building C object esp-idf/esp_timer/CMakeFiles/__idf_esp_timer.dir/src/esp_timer.c.obj
[321/1075] Building CXX object esp-idf/cxx/CMakeFiles/__idf_cxx.dir/cxx_exception_stubs.cpp.obj
[322/1075] Building C object esp-idf/esp_timer/CMakeFiles/__idf_esp_timer.dir/src/esp_timer_impl_common.c.obj
[323/1075] Building CXX object esp-idf/cxx/CMakeFiles/__idf_cxx.dir/cxx_init.cpp.obj
[324/1075] Building C object esp-idf/pthread/CMakeFiles/__idf_pthread.dir/pthread_cond_var.c.obj
[325/1075] Building C object esp-idf/esp_timer/CMakeFiles/__idf_esp_timer.dir/src/esp_timer_impl_lac.c.obj
[326/1075] Building C object esp-idf/pthread/CMakeFiles/__idf_pthread.dir/pthread_local_storage.c.obj
[327/1075] Building C object esp-idf/pthread/CMakeFiles/__idf_pthread.dir/pthread_semaphore.c.obj
[328/1075] Building C object esp-idf/esp_libc/CMakeFiles/__idf_esp_libc.dir/src/init.c.obj
[329/1075] Building C object esp-idf/pthread/CMakeFiles/__idf_pthread.dir/pthread_rwlock.c.obj
[330/1075] Building C object esp-idf/pthread/CMakeFiles/__idf_pthread.dir/pthread.c.obj
[331/1075] Building C object esp-idf/esp_libc/CMakeFiles/__idf_esp_libc.dir/src/abort.c.obj
[332/1075] Building C object esp-idf/esp_libc/CMakeFiles/__idf_esp_libc.dir/src/heap.c.obj
[333/1075] Building C object esp-idf/esp_libc/CMakeFiles/__idf_esp_libc.dir/src/assert.c.obj
[334/1075] Building C object esp-idf/esp_libc/CMakeFiles/__idf_esp_libc.dir/src/pthread.c.obj
[335/1075] Building C object esp-idf/esp_libc/CMakeFiles/__idf_esp_libc.dir/src/random.c.obj
[336/1075] Building C object esp-idf/esp_libc/CMakeFiles/__idf_esp_libc.dir/src/poll.c.obj
[337/1075] Building C object esp-idf/esp_libc/CMakeFiles/__idf_esp_libc.dir/src/termios.c.obj
[338/1075] Building C object esp-idf/esp_libc/CMakeFiles/__idf_esp_libc.dir/src/locks.c.obj
[339/1075] Building C object esp-idf/esp_libc/CMakeFiles/__idf_esp_libc.dir/src/getentropy.c.obj
[340/1075] Building CXX object esp-idf/cxx/CMakeFiles/__idf_cxx.dir/cxx_guards.cpp.obj
[341/1075] Building C object esp-idf/esp_libc/CMakeFiles/__idf_esp_libc.dir/src/timekeeping.c.obj
[342/1075] Building C object esp-idf/esp_libc/CMakeFiles/__idf_esp_libc.dir/src/sysconf.c.obj
[343/1075] Building C object esp-idf/esp_libc/CMakeFiles/__idf_esp_libc.dir/src/realpath.c.obj
[344/1075] Building C object esp-idf/esp_libc/CMakeFiles/__idf_esp_libc.dir/src/scandir.c.obj
[345/1075] Building C object esp-idf/esp_driver_uart/CMakeFiles/__idf_esp_driver_uart.dir/src/uart.c.obj
[346/1075] Building C object esp-idf/esp_libc/CMakeFiles/__idf_esp_libc.dir/src/time.c.obj
[347/1075] Linking C static library esp-idf/esp_driver_uart/libesp_driver_uart.a
[348/1075] Building C object esp-idf/esp_libc/CMakeFiles/__idf_esp_libc.dir/src/reent_syscalls.c.obj
[349/1075] Building C object esp-idf/esp_libc/CMakeFiles/__idf_esp_libc.dir/src/stdatomic.c.obj
[350/1075] Building C object esp-idf/esp_libc/CMakeFiles/__idf_esp_libc.dir/src/syscalls.c.obj
[351/1075] Linking C static library esp-idf/esp_psram/libesp_psram.a
[352/1075] Building C object esp-idf/esp_libc/CMakeFiles/__idf_esp_libc.dir/src/picolibc/rand.c.obj
[353/1075] Building C object esp-idf/esp_libc/CMakeFiles/__idf_esp_libc.dir/src/port/esp_time_impl.c.obj
[354/1075] Building C object esp-idf/esp_libc/CMakeFiles/__idf_esp_libc.dir/src/picolibc/errno.c.obj
[355/1075] Linking C static library esp-idf/esp_ringbuf/libesp_ringbuf.a
[356/1075] Linking C static library esp-idf/esp_timer/libesp_timer.a
[357/1075] Linking C static library esp-idf/cxx/libcxx.a
[358/1075] Building C object esp-idf/esp_libc/CMakeFiles/__idf_esp_libc.dir/src/picolibc/getreent.c.obj
[359/1075] Building C object esp-idf/esp_libc/CMakeFiles/__idf_esp_libc.dir/src/picolibc/bufio_setvbuf.c.obj
[360/1075] Building C object esp-idf/esp_libc/CMakeFiles/__idf_esp_libc.dir/src/picolibc/open_memstream.c.obj
[361/1075] Building C object esp-idf/esp_libc/CMakeFiles/__idf_esp_libc.dir/src/picolibc/picolibc_init.c.obj
[362/1075] Building C object esp-idf/esp_libc/CMakeFiles/__idf_esp_libc.dir/src/picolibc/fopencookie.c.obj
[363/1075] Linking C static library esp-idf/pthread/libpthread.a
[364/1075] Building C object esp-idf/freertos/CMakeFiles/__idf_freertos.dir/heap_idf.c.obj
[365/1075] Building C object esp-idf/freertos/CMakeFiles/__idf_freertos.dir/FreeRTOS-Kernel/list.c.obj
[366/1075] Building C object esp-idf/freertos/CMakeFiles/__idf_freertos.dir/port_systick.c.obj
[367/1075] Building C object esp-idf/freertos/CMakeFiles/__idf_freertos.dir/port_common.c.obj
[368/1075] Building C object esp-idf/freertos/CMakeFiles/__idf_freertos.dir/app_startup.c.obj
[369/1075] Building C object esp-idf/freertos/CMakeFiles/__idf_freertos.dir/FreeRTOS-Kernel/event_groups.c.obj
[370/1075] Building ASM object esp-idf/freertos/CMakeFiles/__idf_freertos.dir/FreeRTOS-Kernel/portable/xtensa/portasm.S.obj
[371/1075] Building C object esp-idf/freertos/CMakeFiles/__idf_freertos.dir/FreeRTOS-Kernel/timers.c.obj
[372/1075] Building C object esp-idf/freertos/CMakeFiles/__idf_freertos.dir/FreeRTOS-Kernel/portable/xtensa/xtensa_init.c.obj
[373/1075] Building C object esp-idf/freertos/CMakeFiles/__idf_freertos.dir/FreeRTOS-Kernel/portable/xtensa/port.c.obj
[374/1075] Building C object esp-idf/freertos/CMakeFiles/__idf_freertos.dir/FreeRTOS-Kernel/portable/xtensa/xtensa_overlay_os_hook.c.obj
[375/1075] Building C object esp-idf/freertos/CMakeFiles/__idf_freertos.dir/FreeRTOS-Kernel/stream_buffer.c.obj
[376/1075] Building C object esp-idf/freertos/CMakeFiles/__idf_freertos.dir/FreeRTOS-Kernel/queue.c.obj
[377/1075] Building C object esp-idf/freertos/CMakeFiles/__idf_freertos.dir/esp_additions/idf_additions_event_groups.c.obj
[378/1075] Linking C static library esp-idf/esp_libc/libesp_libc.a
[379/1075] Building C object esp-idf/esp_hw_support/CMakeFiles/__idf_esp_hw_support.dir/esp_memory_utils.c.obj
[380/1075] Building C object esp-idf/esp_hw_support/CMakeFiles/__idf_esp_hw_support.dir/port/esp32/cpu_region_protect.c.obj
[381/1075] Building C object esp-idf/esp_hw_support/CMakeFiles/__idf_esp_hw_support.dir/port/esp32/esp_cpu_intr.c.obj
[382/1075] Building C object esp-idf/freertos/CMakeFiles/__idf_freertos.dir/esp_additions/idf_additions.c.obj
[383/1075] Building C object esp-idf/esp_hw_support/CMakeFiles/__idf_esp_hw_support.dir/cpu.c.obj
[384/1075] Building C object esp-idf/esp_hw_support/CMakeFiles/__idf_esp_hw_support.dir/hw_random.c.obj
[385/1075] Building C object esp-idf/esp_hw_support/CMakeFiles/__idf_esp_hw_support.dir/esp_clk.c.obj
[386/1075] Building C object esp-idf/esp_hw_support/CMakeFiles/__idf_esp_hw_support.dir/clk_ctrl_os.c.obj
[387/1075] Building C object esp-idf/esp_hw_support/CMakeFiles/__idf_esp_hw_support.dir/revision.c.obj
[388/1075] Building C object esp-idf/esp_hw_support/CMakeFiles/__idf_esp_hw_support.dir/mac_addr.c.obj
[389/1075] Building C object esp-idf/esp_hw_support/CMakeFiles/__idf_esp_hw_support.dir/esp_gpio_reserve.c.obj
[390/1075] Building C object esp-idf/esp_hw_support/CMakeFiles/__idf_esp_hw_support.dir/regi2c_ctrl.c.obj
[391/1075] Building C object esp-idf/esp_hw_support/CMakeFiles/__idf_esp_hw_support.dir/sar_tsens_ctrl.c.obj
[392/1075] Building C object esp-idf/esp_hw_support/CMakeFiles/__idf_esp_hw_support.dir/periph_ctrl.c.obj
[393/1075] Building C object esp-idf/esp_hw_support/CMakeFiles/__idf_esp_hw_support.dir/rtc_module.c.obj
[394/1075] Building C object esp-idf/esp_hw_support/CMakeFiles/__idf_esp_hw_support.dir/port/esp32/io_mux.c.obj
[395/1075] Building C object esp-idf/esp_hw_support/CMakeFiles/__idf_esp_hw_support.dir/intr_alloc.c.obj
[396/1075] Building C object esp-idf/esp_hw_support/CMakeFiles/__idf_esp_hw_support.dir/sar_periph_ctrl_common.c.obj
[397/1075] Building C object esp-idf/esp_hw_support/CMakeFiles/__idf_esp_hw_support.dir/heap_align_hw.c.obj
[398/1075] Building C object esp-idf/esp_hw_support/CMakeFiles/__idf_esp_hw_support.dir/port/esp32/esp_clk_tree.c.obj
[399/1075] Building C object esp-idf/freertos/CMakeFiles/__idf_freertos.dir/FreeRTOS-Kernel/tasks.c.obj
[400/1075] Building C object esp-idf/esp_hw_support/CMakeFiles/__idf_esp_hw_support.dir/spi_share_hw_ctrl.c.obj
[401/1075] Building C object esp-idf/esp_hw_support/CMakeFiles/__idf_esp_hw_support.dir/clk_utils.c.obj
[402/1075] Building C object esp-idf/esp_hw_support/CMakeFiles/__idf_esp_hw_support.dir/port/esp_clk_tree_common.c.obj
[403/1075] Building C object esp-idf/esp_hw_support/CMakeFiles/__idf_esp_hw_support.dir/adc_share_hw_ctrl.c.obj
[404/1075] Building C object esp-idf/esp_hw_support/CMakeFiles/__idf_esp_hw_support.dir/sleep_mspi.c.obj
[405/1075] Building C object esp-idf/esp_hw_support/CMakeFiles/__idf_esp_hw_support.dir/spi_bus_lock.c.obj
[406/1075] Building C object esp-idf/esp_hw_support/CMakeFiles/__idf_esp_hw_support.dir/sleep_usb.c.obj
[407/1075] Building C object esp-idf/esp_hw_support/CMakeFiles/__idf_esp_hw_support.dir/sleep_console.c.obj
[408/1075] Building C object esp-idf/esp_hw_support/CMakeFiles/__idf_esp_hw_support.dir/sleep_modem.c.obj
[409/1075] Building C object esp-idf/esp_hw_support/CMakeFiles/__idf_esp_hw_support.dir/sleep_uart.c.obj
[410/1075] Building C object esp-idf/esp_hw_support/CMakeFiles/__idf_esp_hw_support.dir/mspi/mspi_timing_tuning/mspi_timing_tuning.c.obj
[411/1075] Building C object esp-idf/esp_hw_support/CMakeFiles/__idf_esp_hw_support.dir/sleep_event.c.obj
[412/1075] Building C object esp-idf/esp_hw_support/CMakeFiles/__idf_esp_hw_support.dir/mspi/mspi_intr/mspi_intr.c.obj
[413/1075] Building C object esp-idf/esp_hw_support/CMakeFiles/__idf_esp_hw_support.dir/rtc_wdt.c.obj
[414/1075] Building C object esp-idf/esp_hw_support/CMakeFiles/__idf_esp_hw_support.dir/power_supply/brownout.c.obj
[415/1075] Building C object esp-idf/esp_hw_support/CMakeFiles/__idf_esp_hw_support.dir/port/esp32/rtc_clk_init.c.obj
[416/1075] Building C object esp-idf/esp_hw_support/CMakeFiles/__idf_esp_hw_support.dir/sleep_gpio.c.obj
[417/1075] Building C object esp-idf/esp_hw_support/CMakeFiles/__idf_esp_hw_support.dir/sleep_wake_stub.c.obj
[418/1075] Building C object esp-idf/esp_hw_support/CMakeFiles/__idf_esp_hw_support.dir/port/esp32/rtc_init.c.obj
[419/1075] Building C object esp-idf/esp_hw_support/CMakeFiles/__idf_esp_hw_support.dir/esp_clock_output.c.obj
[420/1075] Building C object esp-idf/esp_hw_support/CMakeFiles/__idf_esp_hw_support.dir/port/esp32/chip_info.c.obj
[421/1075] Building C object esp-idf/esp_hw_support/CMakeFiles/__idf_esp_hw_support.dir/port/esp32/cache_sram_mmu.c.obj
[422/1075] Building C object esp-idf/esp_hw_support/CMakeFiles/__idf_esp_hw_support.dir/port/esp32/rtc_time.c.obj
[423/1075] Building C object esp-idf/esp_hw_support/CMakeFiles/__idf_esp_hw_support.dir/port/esp32/sar_periph_ctrl.c.obj
[424/1075] Building C object esp-idf/esp_hw_support/CMakeFiles/__idf_esp_hw_support.dir/port/esp32/rtc_sleep.c.obj
[425/1075] Linking C static library esp-idf/freertos/libfreertos.a
[426/1075] Building C object esp-idf/esp_hal_touch_sens/CMakeFiles/__idf_esp_hal_touch_sens.dir/esp32/touch_sensor_periph.c.obj
[427/1075] Building C object esp-idf/esp_hal_touch_sens/CMakeFiles/__idf_esp_hal_touch_sens.dir/esp32/touch_sensor_legacy_hal.c.obj
[428/1075] Building C object esp-idf/esp_hw_support/CMakeFiles/__idf_esp_hw_support.dir/port/esp32/rtc_clk.c.obj
[429/1075] Building C object esp-idf/esp_hal_touch_sens/CMakeFiles/__idf_esp_hal_touch_sens.dir/touch_sensor_legacy_hal.c.obj
[430/1075] Building C object esp-idf/esp_hal_pmu/CMakeFiles/__idf_esp_hal_pmu.dir/brownout_hal.c.obj
[431/1075] Building C object esp-idf/esp_hal_gpio/CMakeFiles/__idf_esp_hal_gpio.dir/sdm_hal.c.obj
[432/1075] Building C object esp-idf/esp_hal_gpio/CMakeFiles/__idf_esp_hal_gpio.dir/esp32/rtc_io_periph.c.obj
[433/1075] Building C object esp-idf/esp_hal_touch_sens/CMakeFiles/__idf_esp_hal_touch_sens.dir/touch_sens_hal.c.obj
[434/1075] Building C object esp-idf/esp_hal_gpio/CMakeFiles/__idf_esp_hal_gpio.dir/esp32/sdm_periph.c.obj
[435/1075] Building C object esp-idf/soc/CMakeFiles/__idf_soc.dir/lldesc.c.obj
[436/1075] Building C object esp-idf/soc/CMakeFiles/__idf_soc.dir/dport_access_common.c.obj
[437/1075] Building C object esp-idf/esp_hal_gpio/CMakeFiles/__idf_esp_hal_gpio.dir/gpio_hal.c.obj
[438/1075] Building C object esp-idf/soc/CMakeFiles/__idf_soc.dir/esp32/interrupts.c.obj
[439/1075] Building C object esp-idf/esp_hw_support/CMakeFiles/__idf_esp_hw_support.dir/sleep_modes.c.obj
[440/1075] Building C object esp-idf/soc/CMakeFiles/__idf_soc.dir/esp32/dport_access.c.obj
[441/1075] Building C object esp-idf/soc/CMakeFiles/__idf_soc.dir/esp32/power_supply_periph.c.obj
[442/1075] Building C object esp-idf/soc/CMakeFiles/__idf_soc.dir/esp32/gpio_periph.c.obj
[443/1075] Building C object esp-idf/soc/CMakeFiles/__idf_soc.dir/esp32/mpi_periph.c.obj
[444/1075] Building C object esp-idf/esp_hal_gpio/CMakeFiles/__idf_esp_hal_gpio.dir/rtc_io_hal.c.obj
[445/1075] Linking C static library esp-idf/esp_hw_support/libesp_hw_support.a
[446/1075] Linking C static library esp-idf/esp_hal_touch_sens/libesp_hal_touch_sens.a
[447/1075] Linking C static library esp-idf/esp_hal_pmu/libesp_hal_pmu.a
[448/1075] Linking C static library esp-idf/esp_hal_gpio/libesp_hal_gpio.a
[449/1075] Building C object esp-idf/heap/CMakeFiles/__idf_heap.dir/port/memory_layout_utils.c.obj
[450/1075] Building C object esp-idf/heap/CMakeFiles/__idf_heap.dir/heap_caps_init.c.obj
[451/1075] Building C object esp-idf/heap/CMakeFiles/__idf_heap.dir/heap_caps_base.c.obj
[452/1075] Building C object esp-idf/heap/CMakeFiles/__idf_heap.dir/port/esp32/memory_layout.c.obj
[453/1075] Building C object esp-idf/heap/CMakeFiles/__idf_heap.dir/multi_heap.c.obj
[454/1075] Linking C static library esp-idf/soc/libsoc.a
[455/1075] Building C object esp-idf/log/CMakeFiles/__idf_log.dir/src/os/log_timestamp.c.obj
[456/1075] Building C object esp-idf/log/CMakeFiles/__idf_log.dir/src/buffer/log_buffers.c.obj
[457/1075] Building C object esp-idf/log/CMakeFiles/__idf_log.dir/src/os/log_lock.c.obj
[458/1075] Building C object esp-idf/log/CMakeFiles/__idf_log.dir/src/log_timestamp_common.c.obj
[459/1075] Building C object esp-idf/log/CMakeFiles/__idf_log.dir/src/util.c.obj
[460/1075] Building C object esp-idf/log/CMakeFiles/__idf_log.dir/src/os/util.c.obj
[461/1075] Building C object esp-idf/heap/CMakeFiles/__idf_heap.dir/heap_caps.c.obj
[462/1075] Building C object esp-idf/log/CMakeFiles/__idf_log.dir/src/log_format_text.c.obj
[463/1075] Building C object esp-idf/log/CMakeFiles/__idf_log.dir/src/log_print.c.obj
[464/1075] Building C object esp-idf/log/CMakeFiles/__idf_log.dir/src/log_level/log_level.c.obj
[465/1075] Building C object esp-idf/log/CMakeFiles/__idf_log.dir/src/log_level/tag_log_level/linked_list/log_linked_list.c.obj
[466/1075] Building C object esp-idf/log/CMakeFiles/__idf_log.dir/src/os/log_write.c.obj
[467/1075] Building C object esp-idf/log/CMakeFiles/__idf_log.dir/src/log_level/tag_log_level/tag_log_level.c.obj
[468/1075] Building C object esp-idf/log/CMakeFiles/__idf_log.dir/src/log.c.obj
[469/1075] Building C object esp-idf/hal/CMakeFiles/__idf_hal.dir/efuse_hal.c.obj
[470/1075] Building C object esp-idf/hal/CMakeFiles/__idf_hal.dir/hal_utils.c.obj
[471/1075] Building C object esp-idf/log/CMakeFiles/__idf_log.dir/src/log_level/tag_log_level/cache/log_binary_heap.c.obj
[472/1075] Building C object esp-idf/hal/CMakeFiles/__idf_hal.dir/esp32/efuse_hal.c.obj
[473/1075] Building C object esp-idf/hal/CMakeFiles/__idf_hal.dir/color_hal.c.obj
[474/1075] Building C object esp-idf/esp_rom/CMakeFiles/__idf_esp_rom.dir/patches/esp_rom_sys.c.obj
[475/1075] Building C object esp-idf/hal/CMakeFiles/__idf_hal.dir/esp32/cache_hal_esp32.c.obj
[476/1075] Building C object esp-idf/esp_rom/CMakeFiles/__idf_esp_rom.dir/patches/esp_rom_crc.c.obj
[477/1075] Building C object esp-idf/esp_rom/CMakeFiles/__idf_esp_rom.dir/patches/esp_rom_efuse.c.obj
[478/1075] Building C object esp-idf/esp_rom/CMakeFiles/__idf_esp_rom.dir/patches/esp_rom_serial_output.c.obj
[479/1075] Building ASM object esp-idf/esp_rom/CMakeFiles/__idf_esp_rom.dir/patches/esp_rom_longjmp.S.obj
[480/1075] Building C object esp-idf/esp_rom/CMakeFiles/__idf_esp_rom.dir/patches/esp_rom_gpio.c.obj
[481/1075] Building C object esp-idf/hal/CMakeFiles/__idf_hal.dir/mmu_hal.c.obj
[482/1075] Building C object esp-idf/esp_rom/CMakeFiles/__idf_esp_rom.dir/patches/esp_rom_print.c.obj
[483/1075] Building C object esp-idf/esp_system/CMakeFiles/__idf_esp_system.dir/esp_err.c.obj
[484/1075] Building C object esp-idf/esp_system/CMakeFiles/__idf_esp_system.dir/esp_ipc.c.obj
[485/1075] Building C object esp-idf/heap/CMakeFiles/__idf_heap.dir/tlsf/tlsf.c.obj
[486/1075] Building C object esp-idf/esp_system/CMakeFiles/__idf_esp_system.dir/crosscore_int.c.obj
[487/1075] Building C object esp-idf/esp_system/CMakeFiles/__idf_esp_system.dir/freertos_hooks.c.obj
[488/1075] Linking C static library esp-idf/heap/libheap.a
[489/1075] Building C object esp-idf/esp_common/CMakeFiles/__idf_esp_common.dir/src/esp_err_to_name.c.obj
[490/1075] Linking C static library esp-idf/log/liblog.a
[491/1075] Building C object esp-idf/esp_system/CMakeFiles/__idf_esp_system.dir/esp_system.c.obj
[492/1075] Linking C static library esp-idf/hal/libhal.a
[493/1075] Building C object esp-idf/esp_system/CMakeFiles/__idf_esp_system.dir/startup.c.obj
[494/1075] Building C object esp-idf/esp_rom/CMakeFiles/__idf_esp_rom.dir/patches/esp_rom_spiflash.c.obj
[495/1075] Linking C static library esp-idf/esp_rom/libesp_rom.a
[496/1075] Building C object esp-idf/esp_system/CMakeFiles/__idf_esp_system.dir/stack_check.c.obj
[497/1075] Building C object esp-idf/esp_system/CMakeFiles/__idf_esp_system.dir/panic.c.obj
[498/1075] Building C object esp-idf/esp_system/CMakeFiles/__idf_esp_system.dir/startup_funcs.c.obj
[499/1075] Building C object esp-idf/esp_system/CMakeFiles/__idf_esp_system.dir/system_time.c.obj
[500/1075] Building C object esp-idf/esp_system/CMakeFiles/__idf_esp_system.dir/ubsan.c.obj
[501/1075] Building C object esp-idf/esp_system/CMakeFiles/__idf_esp_system.dir/int_wdt.c.obj
[502/1075] Building C object esp-idf/esp_system/CMakeFiles/__idf_esp_system.dir/task_wdt/task_wdt_impl_timergroup.c.obj
[503/1075] Building C object esp-idf/esp_system/CMakeFiles/__idf_esp_system.dir/port/image_process.c.obj
[504/1075] Building C object esp-idf/esp_system/CMakeFiles/__idf_esp_system.dir/port/esp_system_chip.c.obj
[505/1075] Building C object esp-idf/esp_system/CMakeFiles/__idf_esp_system.dir/port/cpu_start.c.obj
[506/1075] Building ASM object esp-idf/esp_system/CMakeFiles/__idf_esp_system.dir/port/arch/xtensa/esp_ipc_isr_handler.S.obj
[507/1075] Building C object esp-idf/esp_system/CMakeFiles/__idf_esp_system.dir/port/arch/xtensa/esp_ipc_isr_port.c.obj
[508/1075] Building C object esp-idf/esp_system/CMakeFiles/__idf_esp_system.dir/port/panic_handler.c.obj
[509/1075] Building ASM object esp-idf/esp_system/CMakeFiles/__idf_esp_system.dir/port/arch/xtensa/esp_ipc_isr_routines.S.obj
[510/1075] Building ASM object esp-idf/esp_system/CMakeFiles/__idf_esp_system.dir/port/arch/xtensa/panic_handler_asm.S.obj
[511/1075] Building ASM object esp-idf/esp_system/CMakeFiles/__idf_esp_system.dir/port/arch/xtensa/expression_with_stack_asm.S.obj
[512/1075] Building ASM object esp-idf/esp_system/CMakeFiles/__idf_esp_system.dir/port/arch/xtensa/debug_helpers_asm.S.obj
[513/1075] Building C object esp-idf/esp_system/CMakeFiles/__idf_esp_system.dir/port/arch/xtensa/expression_with_stack.c.obj
[514/1075] Building C object esp-idf/esp_system/CMakeFiles/__idf_esp_system.dir/port/esp_ipc_isr.c.obj
[515/1075] Building C object esp-idf/esp_system/CMakeFiles/__idf_esp_system.dir/port/arch/xtensa/debug_stubs.c.obj
[516/1075] Building ASM object esp-idf/esp_system/CMakeFiles/__idf_esp_system.dir/port/soc/esp32/highint_hdl.S.obj
[517/1075] Building C object esp-idf/esp_system/CMakeFiles/__idf_esp_system.dir/port/arch/xtensa/trax.c.obj
[518/1075] Building C object esp-idf/esp_system/CMakeFiles/__idf_esp_system.dir/port/arch/xtensa/panic_arch.c.obj
[519/1075] Building C object esp-idf/esp_system/CMakeFiles/__idf_esp_system.dir/task_wdt/task_wdt.c.obj
[520/1075] Building C object esp-idf/esp_system/CMakeFiles/__idf_esp_system.dir/port/soc/esp32/reset_reason.c.obj
[521/1075] Building C object esp-idf/esp_system/CMakeFiles/__idf_esp_system.dir/port/arch/xtensa/debug_helpers.c.obj
[522/1075] Linking C static library esp-idf/esp_common/libesp_common.a
[523/1075] Building C object esp-idf/esp_system/CMakeFiles/__idf_esp_system.dir/port/soc/esp32/cache_err_int.c.obj
[524/1075] Building C object esp-idf/spi_flash/CMakeFiles/__idf_spi_flash.dir/flash_brownout_hook.c.obj
[525/1075] Building C object esp-idf/spi_flash/CMakeFiles/__idf_spi_flash.dir/spi_flash_chip_drivers.c.obj
[526/1075] Building C object esp-idf/esp_system/CMakeFiles/__idf_esp_system.dir/port/soc/esp32/system_internal.c.obj
[527/1075] Building C object esp-idf/esp_system/CMakeFiles/__idf_esp_system.dir/port/soc/esp32/clk.c.obj
[528/1075] Building C object esp-idf/spi_flash/CMakeFiles/__idf_spi_flash.dir/spi_flash_chip_issi.c.obj
[529/1075] Building C object esp-idf/spi_flash/CMakeFiles/__idf_spi_flash.dir/spi_flash_chip_mxic.c.obj
[530/1075] Building C object esp-idf/spi_flash/CMakeFiles/__idf_spi_flash.dir/spi_flash_chip_boya.c.obj
[531/1075] Building C object esp-idf/spi_flash/CMakeFiles/__idf_spi_flash.dir/spi_flash_chip_gd.c.obj
[532/1075] Building C object esp-idf/spi_flash/CMakeFiles/__idf_spi_flash.dir/spi_flash_chip_th.c.obj
[533/1075] Building C object esp-idf/spi_flash/CMakeFiles/__idf_spi_flash.dir/spi_flash_chip_winbond.c.obj
[534/1075] Building C object esp-idf/spi_flash/CMakeFiles/__idf_spi_flash.dir/spi_flash_blockdev.c.obj
[535/1075] Building C object esp-idf/spi_flash/CMakeFiles/__idf_spi_flash.dir/cache_utils.c.obj
[536/1075] Building C object esp-idf/spi_flash/CMakeFiles/__idf_spi_flash.dir/spi_flash_chip_mxic_opi.c.obj
[537/1075] Building C object esp-idf/spi_flash/CMakeFiles/__idf_spi_flash.dir/memspi_host_driver.c.obj
[538/1075] Building C object esp-idf/spi_flash/CMakeFiles/__idf_spi_flash.dir/flash_ops.c.obj
[539/1075] Building C object esp-idf/spi_flash/CMakeFiles/__idf_spi_flash.dir/spi_flash_wrap.c.obj
[540/1075] Building C object esp-idf/spi_flash/CMakeFiles/__idf_spi_flash.dir/spi_flash_chip_generic.c.obj
[541/1075] Building C object esp-idf/spi_flash/CMakeFiles/__idf_spi_flash.dir/flash_mmap.c.obj
[542/1075] Linking C static library esp-idf/esp_system/libesp_system.a
[543/1075] Building C object esp-idf/spi_flash/CMakeFiles/__idf_spi_flash.dir/spi_flash_os_func_noos.c.obj
[544/1075] Building C object esp-idf/spi_flash/CMakeFiles/__idf_spi_flash.dir/spi_flash_os_func_app.c.obj
[545/1075] Building C object esp-idf/spi_flash/CMakeFiles/__idf_spi_flash.dir/esp_flash_spi_init.c.obj
[546/1075] Building C object esp-idf/bootloader_support/CMakeFiles/__idf_bootloader_support.dir/src/bootloader_common_loader.c.obj
[547/1075] Building C object esp-idf/bootloader_support/CMakeFiles/__idf_bootloader_support.dir/src/bootloader_mem.c.obj
[548/1075] Building C object esp-idf/bootloader_support/CMakeFiles/__idf_bootloader_support.dir/src/bootloader_clock_init.c.obj
[549/1075] Building C object esp-idf/bootloader_support/CMakeFiles/__idf_bootloader_support.dir/src/bootloader_random.c.obj
[550/1075] Building C object esp-idf/bootloader_support/CMakeFiles/__idf_bootloader_support.dir/src/bootloader_efuse.c.obj
[551/1075] Building C object esp-idf/bootloader_support/CMakeFiles/__idf_bootloader_support.dir/src/bootloader_common.c.obj
[552/1075] Building C object esp-idf/bootloader_support/CMakeFiles/__idf_bootloader_support.dir/src/secure_boot.c.obj
[553/1075] Building C object esp-idf/bootloader_support/CMakeFiles/__idf_bootloader_support.dir/src/bootloader_random_esp32.c.obj
[554/1075] Building C object esp-idf/bootloader_support/CMakeFiles/__idf_bootloader_support.dir/src/flash_encrypt.c.obj
[555/1075] Building C object esp-idf/bootloader_support/CMakeFiles/__idf_bootloader_support.dir/bootloader_flash/src/flash_qio_mode.c.obj
[556/1075] Building C object esp-idf/spi_flash/CMakeFiles/__idf_spi_flash.dir/esp_flash_api.c.obj
[557/1075] Building C object esp-idf/bootloader_support/CMakeFiles/__idf_bootloader_support.dir/src/flash_partitions.c.obj
[558/1075] Building C object esp-idf/bootloader_support/CMakeFiles/__idf_bootloader_support.dir/src/esp32/secure_boot_secure_features.c.obj
[559/1075] Building C object esp-idf/bootloader_support/CMakeFiles/__idf_bootloader_support.dir/bootloader_flash/src/bootloader_flash_config_esp32.c.obj
[560/1075] Building C object esp-idf/bootloader_support/CMakeFiles/__idf_bootloader_support.dir/bootloader_flash/src/bootloader_flash.c.obj
[561/1075] Building C object esp-idf/esp_hal_ana_conv/CMakeFiles/__idf_esp_hal_ana_conv.dir/esp32/adc_periph.c.obj
[562/1075] Linking C static library esp-idf/spi_flash/libspi_flash.a
[563/1075] Building C object esp-idf/esp_hal_ana_conv/CMakeFiles/__idf_esp_hal_ana_conv.dir/adc_hal_common.c.obj
[564/1075] Building C object esp-idf/bootloader_support/CMakeFiles/__idf_bootloader_support.dir/src/bootloader_sha.c.obj
[565/1075] Building C object esp-idf/bootloader_support/CMakeFiles/__idf_bootloader_support.dir/src/bootloader_utility.c.obj
[566/1075] Building C object esp-idf/esp_hal_ana_conv/CMakeFiles/__idf_esp_hal_ana_conv.dir/adc_oneshot_hal.c.obj
[567/1075] Building C object esp-idf/esp_hal_ana_conv/CMakeFiles/__idf_esp_hal_ana_conv.dir/esp32/dac_periph.c.obj
[568/1075] Building C object esp-idf/esp_hal_wdt/CMakeFiles/__idf_esp_hal_wdt.dir/esp32/mwdt_periph.c.obj
[569/1075] Building C object esp-idf/bootloader_support/CMakeFiles/__idf_bootloader_support.dir/src/esp_image_format.c.obj
[570/1075] Building C object esp-idf/esp_hal_i2s/CMakeFiles/__idf_esp_hal_i2s.dir/esp32/i2s_periph.c.obj
[571/1075] Linking C static library esp-idf/bootloader_support/libbootloader_support.a
[572/1075] Building C object esp-idf/esp_hal_timg/CMakeFiles/__idf_esp_hal_timg.dir/timer_hal.c.obj
[573/1075] Building C object esp-idf/esp_hal_timg/CMakeFiles/__idf_esp_hal_timg.dir/esp32/timer_periph.c.obj
[574/1075] Building C object esp-idf/esp_hal_ana_conv/CMakeFiles/__idf_esp_hal_ana_conv.dir/adc_hal.c.obj
[575/1075] Building C object esp-idf/esp_hal_i2s/CMakeFiles/__idf_esp_hal_i2s.dir/i2s_hal.c.obj
[576/1075] Linking C static library esp-idf/esp_hal_ana_conv/libesp_hal_ana_conv.a
[577/1075] Building C object esp-idf/esp_hal_wdt/CMakeFiles/__idf_esp_hal_wdt.dir/wdt_hal_iram.c.obj
[578/1075] Linking C static library esp-idf/esp_hal_i2s/libesp_hal_i2s.a
[579/1075] Building C object esp-idf/mbedtls/mbedtls/tf-psa-crypto/core/CMakeFiles/tfpsacrypto.dir/psa_crypto_client.c.obj
[580/1075] Building C object esp-idf/mbedtls/mbedtls/tf-psa-crypto/core/CMakeFiles/tfpsacrypto.dir/psa_crypto_driver_wrappers_no_static.c.obj
[581/1075] Linking C static library esp-idf/esp_hal_wdt/libesp_hal_wdt.a
[582/1075] Building C object esp-idf/mbedtls/mbedtls/tf-psa-crypto/core/CMakeFiles/tfpsacrypto.dir/psa_its_file.c.obj
[583/1075] Building C object esp-idf/mbedtls/mbedtls/tf-psa-crypto/core/CMakeFiles/tfpsacrypto.dir/tf_psa_crypto_version.c.obj
[584/1075] Building C object esp-idf/mbedtls/mbedtls/tf-psa-crypto/core/CMakeFiles/tfpsacrypto.dir/tf_psa_crypto_config.c.obj
[585/1075] Building C object esp-idf/mbedtls/mbedtls/tf-psa-crypto/core/CMakeFiles/tfpsacrypto.dir/psa_crypto_storage.c.obj
[586/1075] Building C object esp-idf/mbedtls/mbedtls/tf-psa-crypto/core/CMakeFiles/tfpsacrypto.dir/root/esp/esp-idf/components/mbedtls/port/esp_hardware.c.obj
[587/1075] Building C object esp-idf/mbedtls/mbedtls/tf-psa-crypto/core/CMakeFiles/tfpsacrypto.dir/root/esp/esp-idf/components/mbedtls/port/aes/esp_aes_common.c.obj
[588/1075] Building C object esp-idf/mbedtls/mbedtls/tf-psa-crypto/core/CMakeFiles/tfpsacrypto.dir/root/esp/esp-idf/components/mbedtls/port/aes/esp_aes_xts.c.obj
[589/1075] Building C object esp-idf/mbedtls/mbedtls/tf-psa-crypto/core/CMakeFiles/tfpsacrypto.dir/root/esp/esp-idf/components/mbedtls/port/psa_crypto_storage/esp_psa_its.c.obj
[590/1075] Building C object esp-idf/mbedtls/mbedtls/tf-psa-crypto/core/CMakeFiles/tfpsacrypto.dir/psa_crypto_slot_management.c.obj
[591/1075] Building C object esp-idf/mbedtls/mbedtls/tf-psa-crypto/core/CMakeFiles/tfpsacrypto.dir/root/esp/esp-idf/components/mbedtls/port/aes/esp_aes.c.obj
[592/1075] Building C object esp-idf/mbedtls/mbedtls/tf-psa-crypto/core/CMakeFiles/tfpsacrypto.dir/root/esp/esp-idf/components/mbedtls/port/aes/esp_aes_gcm.c.obj
[593/1075] Building C object esp-idf/mbedtls/mbedtls/tf-psa-crypto/core/CMakeFiles/tfpsacrypto.dir/root/esp/esp-idf/components/mbedtls/port/sha/esp_sha.c.obj
[594/1075] Building C object esp-idf/mbedtls/mbedtls/tf-psa-crypto/core/CMakeFiles/tfpsacrypto.dir/root/esp/esp-idf/components/mbedtls/port/psa_driver/esp_sha/psa_crypto_driver_esp_sha.c.obj
[595/1075] Building C object esp-idf/mbedtls/mbedtls/tf-psa-crypto/core/CMakeFiles/tfpsacrypto.dir/root/esp/esp-idf/components/mbedtls/port/sha/parallel_engine/sha.c.obj
[596/1075] Building C object esp-idf/mbedtls/mbedtls/tf-psa-crypto/core/CMakeFiles/tfpsacrypto.dir/root/esp/esp-idf/components/mbedtls/port/psa_driver/esp_sha/parallel_engine/psa_crypto_driver_esp_sha256.c.obj
[597/1075] Building C object esp-idf/mbedtls/mbedtls/tf-psa-crypto/core/CMakeFiles/tfpsacrypto.dir/root/esp/esp-idf/components/mbedtls/port/psa_driver/esp_md/psa_crypto_driver_esp_md5.c.obj
[598/1075] Building C object esp-idf/mbedtls/mbedtls/tf-psa-crypto/core/CMakeFiles/tfpsacrypto.dir/root/esp/esp-idf/components/mbedtls/port/bignum/bignum_alt.c.obj
[599/1075] Building C object esp-idf/mbedtls/mbedtls/tf-psa-crypto/core/CMakeFiles/tfpsacrypto.dir/root/esp/esp-idf/components/mbedtls/port/psa_driver/esp_mac/psa_crypto_driver_esp_hmac_transparent.c.obj
[600/1075] Building C object esp-idf/mbedtls/mbedtls/tf-psa-crypto/core/CMakeFiles/tfpsacrypto.dir/root/esp/esp-idf/components/mbedtls/port/psa_driver/esp_sha/parallel_engine/psa_crypto_driver_esp_sha512.c.obj
[601/1075] Building C object esp-idf/mbedtls/mbedtls/tf-psa-crypto/core/CMakeFiles/tfpsacrypto.dir/root/esp/esp-idf/components/mbedtls/port/psa_driver/esp_aes/psa_crypto_driver_esp_aes_gcm.c.obj
[602/1075] Building C object esp-idf/mbedtls/mbedtls/tf-psa-crypto/core/CMakeFiles/tfpsacrypto.dir/root/esp/esp-idf/components/mbedtls/port/bignum/esp_bignum.c.obj
[603/1075] Linking C static library esp-idf/esp_hal_timg/libesp_hal_timg.a
[604/1075] Building C object esp-idf/mbedtls/mbedtls/tf-psa-crypto/core/CMakeFiles/tfpsacrypto.dir/root/esp/esp-idf/components/mbedtls/port/psa_driver/esp_sha/parallel_engine/psa_crypto_driver_esp_sha1.c.obj
[605/1075] Building C object esp-idf/mbedtls/mbedtls/tf-psa-crypto/core/CMakeFiles/tfpsacrypto.dir/root/esp/esp-idf/components/mbedtls/port/psa_driver/esp_mac/psa_crypto_driver_esp_cmac.c.obj
[606/1075] Building C object esp-idf/mbedtls/mbedtls/library/CMakeFiles/mbedtls.dir/debug.c.obj
[607/1075] Building C object esp-idf/mbedtls/mbedtls/library/CMakeFiles/mbedtls.dir/mps_reader.c.obj
[608/1075] Building C object esp-idf/mbedtls/mbedtls/library/CMakeFiles/mbedtls.dir/mps_trace.c.obj
[609/1075] Building C object esp-idf/mbedtls/mbedtls/tf-psa-crypto/core/CMakeFiles/tfpsacrypto.dir/root/esp/esp-idf/components/mbedtls/port/psa_driver/esp_aes/psa_crypto_driver_esp_aes.c.obj
[610/1075] Building C object esp-idf/mbedtls/mbedtls/library/CMakeFiles/mbedtls.dir/ssl_debug_helpers_generated.c.obj
[611/1075] Building C object esp-idf/mbedtls/mbedtls/library/CMakeFiles/mbedtls.dir/ssl_cookie.c.obj
[612/1075] Building C object esp-idf/mbedtls/mbedtls/library/CMakeFiles/mbedtls.dir/ssl_ciphersuites.c.obj
[613/1075] Building C object esp-idf/mbedtls/mbedtls/library/CMakeFiles/mbedtls.dir/ssl_cache.c.obj
[614/1075] Building C object esp-idf/mbedtls/mbedtls/library/CMakeFiles/mbedtls.dir/ssl_client.c.obj
[615/1075] Building C object esp-idf/mbedtls/mbedtls/library/CMakeFiles/mbedtls.dir/ssl_ticket.c.obj
[616/1075] Building C object esp-idf/mbedtls/mbedtls/library/CMakeFiles/mbedtls.dir/ssl_tls13_keys.c.obj
[617/1075] Building C object esp-idf/mbedtls/mbedtls/library/CMakeFiles/mbedtls.dir/ssl_tls13_server.c.obj
[618/1075] Building C object esp-idf/mbedtls/mbedtls/library/CMakeFiles/mbedtls.dir/ssl_tls13_client.c.obj
[619/1075] Building C object esp-idf/mbedtls/mbedtls/library/CMakeFiles/mbedtls.dir/ssl_tls12_server.c.obj
[620/1075] Building C object esp-idf/mbedtls/mbedtls/library/CMakeFiles/mbedtls.dir/ssl_tls13_generic.c.obj
[621/1075] Building C object esp-idf/mbedtls/mbedtls/library/CMakeFiles/mbedtls.dir/ssl_tls12_client.c.obj
[622/1075] Building C object esp-idf/mbedtls/mbedtls/library/CMakeFiles/mbedtls.dir/version_features.c.obj
[623/1075] Building C object esp-idf/mbedtls/mbedtls/library/CMakeFiles/mbedtls.dir/timing.c.obj
[624/1075] Building C object esp-idf/mbedtls/mbedtls/library/CMakeFiles/mbedtls.dir/version.c.obj
[625/1075] Building C object esp-idf/mbedtls/mbedtls/library/CMakeFiles/mbedtls.dir/root/esp/esp-idf/components/mbedtls/port/mbedtls_debug.c.obj
[626/1075] Building C object esp-idf/mbedtls/mbedtls/library/CMakeFiles/mbedtls.dir/root/esp/esp-idf/components/mbedtls/port/esp_platform_time.c.obj
[627/1075] Building C object esp-idf/mbedtls/mbedtls/library/CMakeFiles/mbedtls.dir/ssl_msg.c.obj
[628/1075] Building C object esp-idf/mbedtls/mbedtls/library/CMakeFiles/mbedtls.dir/root/esp/esp-idf/components/mbedtls/port/esp_timing.c.obj
[629/1075] Building C object esp-idf/mbedtls/mbedtls/library/CMakeFiles/mbedtls.dir/root/esp/esp-idf/components/mbedtls/port/esp_psa_crypto_init.c.obj
[630/1075] Building C object esp-idf/mbedtls/mbedtls/library/CMakeFiles/mbedx509.dir/mbedtls_config.c.obj
[631/1075] Building C object esp-idf/mbedtls/mbedtls/library/CMakeFiles/mbedx509.dir/error.c.obj
[632/1075] Building C object esp-idf/mbedtls/mbedtls/library/CMakeFiles/mbedx509.dir/x509_create.c.obj
[633/1075] Building C object esp-idf/mbedtls/mbedtls/library/CMakeFiles/mbedx509.dir/pkcs7.c.obj
[634/1075] Building C object esp-idf/mbedtls/mbedtls/library/CMakeFiles/mbedtls.dir/root/esp/esp-idf/components/mbedtls/port/net_sockets.c.obj
[635/1075] Building C object esp-idf/mbedtls/mbedtls/library/CMakeFiles/mbedtls.dir/ssl_tls.c.obj
[636/1075] Building C object esp-idf/mbedtls/mbedtls/tf-psa-crypto/core/CMakeFiles/tfpsacrypto.dir/psa_crypto.c.obj
[637/1075] Building C object esp-idf/mbedtls/mbedtls/library/CMakeFiles/mbedx509.dir/x509_crl.c.obj
[638/1075] Linking CXX static library esp-idf/mbedtls/mbedtls/tf-psa-crypto/core/libtfpsacrypto.a
[639/1075] Building C object esp-idf/mbedtls/mbedtls/library/CMakeFiles/mbedx509.dir/x509_csr.c.obj
[640/1075] Building C object esp-idf/mbedtls/mbedtls/library/CMakeFiles/mbedx509.dir/x509_oid.c.obj
[641/1075] Building C object esp-idf/mbedtls/mbedtls/library/CMakeFiles/mbedx509.dir/x509write.c.obj
[642/1075] Building C object esp-idf/mbedtls/mbedtls/library/CMakeFiles/mbedx509.dir/x509.c.obj
[643/1075] Building C object esp-idf/mbedtls/mbedtls/tf-psa-crypto/drivers/builtin/CMakeFiles/builtin.dir/src/aesce.c.obj
[644/1075] Building C object esp-idf/mbedtls/mbedtls/library/CMakeFiles/mbedx509.dir/x509write_csr.c.obj
[645/1075] Building C object esp-idf/mbedtls/mbedtls/library/CMakeFiles/mbedx509.dir/x509write_crt.c.obj
[646/1075] Linking CXX static library esp-idf/mbedtls/mbedtls/library/libmbedtls.a
[647/1075] Building C object esp-idf/mbedtls/mbedtls/tf-psa-crypto/drivers/builtin/CMakeFiles/builtin.dir/src/aria.c.obj
[648/1075] Building C object esp-idf/mbedtls/mbedtls/tf-psa-crypto/drivers/builtin/CMakeFiles/builtin.dir/src/aesni.c.obj
[649/1075] Building C object esp-idf/mbedtls/mbedtls/tf-psa-crypto/drivers/builtin/CMakeFiles/builtin.dir/src/asn1write.c.obj
[650/1075] Building C object esp-idf/mbedtls/mbedtls/tf-psa-crypto/drivers/builtin/CMakeFiles/builtin.dir/src/base64.c.obj
[651/1075] Building C object esp-idf/mbedtls/mbedtls/tf-psa-crypto/drivers/builtin/CMakeFiles/builtin.dir/src/asn1parse.c.obj
[652/1075] Building C object esp-idf/mbedtls/mbedtls/tf-psa-crypto/drivers/builtin/CMakeFiles/builtin.dir/src/bignum_mod.c.obj
[653/1075] Building C object esp-idf/mbedtls/mbedtls/tf-psa-crypto/drivers/builtin/CMakeFiles/builtin.dir/src/bignum_mod_raw.c.obj
[654/1075] Building C object esp-idf/mbedtls/mbedtls/tf-psa-crypto/drivers/builtin/CMakeFiles/builtin.dir/src/block_cipher.c.obj
[655/1075] Building C object esp-idf/mbedtls/mbedtls/tf-psa-crypto/drivers/builtin/CMakeFiles/builtin.dir/src/camellia.c.obj
[656/1075] Building C object esp-idf/mbedtls/mbedtls/tf-psa-crypto/drivers/builtin/CMakeFiles/builtin.dir/src/chacha20.c.obj
[657/1075] Building C object esp-idf/mbedtls/mbedtls/tf-psa-crypto/drivers/builtin/CMakeFiles/builtin.dir/src/chachapoly.c.obj
[658/1075] Building C object esp-idf/mbedtls/mbedtls/library/CMakeFiles/mbedx509.dir/x509_crt.c.obj
[659/1075] Building C object esp-idf/mbedtls/mbedtls/tf-psa-crypto/drivers/builtin/CMakeFiles/builtin.dir/src/ccm.c.obj
[660/1075] Building C object esp-idf/mbedtls/mbedtls/tf-psa-crypto/drivers/builtin/CMakeFiles/builtin.dir/src/aes.c.obj
[661/1075] Building C object esp-idf/mbedtls/mbedtls/tf-psa-crypto/drivers/builtin/CMakeFiles/builtin.dir/src/cipher.c.obj
[662/1075] Building C object esp-idf/mbedtls/mbedtls/tf-psa-crypto/drivers/builtin/CMakeFiles/builtin.dir/src/cipher_wrap.c.obj
[663/1075] Building C object esp-idf/mbedtls/mbedtls/tf-psa-crypto/drivers/builtin/CMakeFiles/builtin.dir/src/constant_time.c.obj
[664/1075] Building C object esp-idf/mbedtls/mbedtls/tf-psa-crypto/drivers/builtin/CMakeFiles/builtin.dir/src/ecdh.c.obj
[665/1075] Building C object esp-idf/mbedtls/mbedtls/tf-psa-crypto/drivers/builtin/CMakeFiles/builtin.dir/src/bignum_core.c.obj
[666/1075] Building C object esp-idf/mbedtls/mbedtls/tf-psa-crypto/drivers/builtin/CMakeFiles/builtin.dir/src/cmac.c.obj
[667/1075] Building C object esp-idf/mbedtls/mbedtls/tf-psa-crypto/drivers/builtin/CMakeFiles/builtin.dir/src/ecdsa.c.obj
[668/1075] Building C object esp-idf/mbedtls/mbedtls/tf-psa-crypto/drivers/builtin/CMakeFiles/builtin.dir/src/ecp_curves_new.c.obj
[669/1075] Building C object esp-idf/mbedtls/mbedtls/tf-psa-crypto/drivers/builtin/CMakeFiles/builtin.dir/src/ctr_drbg.c.obj
[670/1075] Building C object esp-idf/mbedtls/mbedtls/tf-psa-crypto/drivers/builtin/CMakeFiles/builtin.dir/src/entropy.c.obj
[671/1075] Building C object esp-idf/mbedtls/mbedtls/tf-psa-crypto/drivers/builtin/CMakeFiles/builtin.dir/src/entropy_poll.c.obj
[672/1075] Building C object esp-idf/mbedtls/mbedtls/tf-psa-crypto/drivers/builtin/CMakeFiles/builtin.dir/src/bignum.c.obj
[673/1075] Building C object esp-idf/mbedtls/mbedtls/tf-psa-crypto/drivers/builtin/CMakeFiles/builtin.dir/src/lmots.c.obj
[674/1075] Building C object esp-idf/mbedtls/mbedtls/tf-psa-crypto/drivers/builtin/CMakeFiles/builtin.dir/src/ecjpake.c.obj
[675/1075] Building C object esp-idf/mbedtls/mbedtls/tf-psa-crypto/drivers/builtin/CMakeFiles/builtin.dir/src/lms.c.obj
[676/1075] Building C object esp-idf/mbedtls/mbedtls/tf-psa-crypto/drivers/builtin/CMakeFiles/builtin.dir/src/md5.c.obj
[677/1075] Building C object esp-idf/mbedtls/mbedtls/tf-psa-crypto/drivers/builtin/CMakeFiles/builtin.dir/src/hmac_drbg.c.obj
[678/1075] Building C object esp-idf/mbedtls/mbedtls/tf-psa-crypto/drivers/builtin/CMakeFiles/builtin.dir/src/memory_buffer_alloc.c.obj
[679/1075] Building C object esp-idf/mbedtls/mbedtls/tf-psa-crypto/drivers/builtin/CMakeFiles/builtin.dir/src/nist_kw.c.obj
[680/1075] Building C object esp-idf/mbedtls/mbedtls/tf-psa-crypto/drivers/builtin/CMakeFiles/builtin.dir/src/md.c.obj
[681/1075] Building C object esp-idf/mbedtls/mbedtls/tf-psa-crypto/drivers/builtin/CMakeFiles/builtin.dir/src/oid.c.obj
[682/1075] Building C object esp-idf/mbedtls/mbedtls/tf-psa-crypto/drivers/builtin/CMakeFiles/builtin.dir/src/gcm.c.obj
[683/1075] Building C object esp-idf/mbedtls/mbedtls/tf-psa-crypto/drivers/builtin/CMakeFiles/builtin.dir/src/ecp_curves.c.obj
[684/1075] Building C object esp-idf/mbedtls/mbedtls/tf-psa-crypto/drivers/builtin/CMakeFiles/builtin.dir/src/pem.c.obj
[685/1075] Building C object esp-idf/mbedtls/mbedtls/tf-psa-crypto/drivers/builtin/CMakeFiles/builtin.dir/src/pk_ecc.c.obj
[686/1075] Building C object esp-idf/mbedtls/mbedtls/tf-psa-crypto/drivers/builtin/CMakeFiles/builtin.dir/src/ecp.c.obj
[687/1075] Building C object esp-idf/mbedtls/mbedtls/tf-psa-crypto/drivers/builtin/CMakeFiles/builtin.dir/src/pk_rsa.c.obj
[688/1075] Building C object esp-idf/mbedtls/mbedtls/tf-psa-crypto/drivers/builtin/CMakeFiles/builtin.dir/src/pkcs5.c.obj
[689/1075] Building C object esp-idf/mbedtls/mbedtls/tf-psa-crypto/drivers/builtin/CMakeFiles/builtin.dir/src/platform.c.obj
[690/1075] Building C object esp-idf/mbedtls/mbedtls/tf-psa-crypto/drivers/builtin/CMakeFiles/builtin.dir/src/poly1305.c.obj
[691/1075] Building C object esp-idf/mbedtls/mbedtls/tf-psa-crypto/drivers/builtin/CMakeFiles/builtin.dir/src/pk_wrap.c.obj
[692/1075] Building C object esp-idf/mbedtls/mbedtls/tf-psa-crypto/drivers/builtin/CMakeFiles/builtin.dir/src/platform_util.c.obj
[693/1075] Building C object esp-idf/mbedtls/mbedtls/tf-psa-crypto/drivers/builtin/CMakeFiles/builtin.dir/src/pkparse.c.obj
[694/1075] Building C object esp-idf/mbedtls/mbedtls/tf-psa-crypto/drivers/builtin/CMakeFiles/builtin.dir/src/pkwrite.c.obj
[695/1075] Building C object esp-idf/mbedtls/mbedtls/tf-psa-crypto/drivers/builtin/CMakeFiles/builtin.dir/src/psa_crypto_aead.c.obj
[696/1075] Building C object esp-idf/mbedtls/mbedtls/tf-psa-crypto/drivers/builtin/CMakeFiles/builtin.dir/src/psa_crypto_ecp.c.obj
[697/1075] Building C object esp-idf/mbedtls/mbedtls/tf-psa-crypto/drivers/builtin/CMakeFiles/builtin.dir/src/psa_crypto_ffdh.c.obj
[698/1075] Building C object esp-idf/mbedtls/mbedtls/tf-psa-crypto/drivers/builtin/CMakeFiles/builtin.dir/src/pk.c.obj
[699/1075] Building C object esp-idf/mbedtls/mbedtls/tf-psa-crypto/drivers/builtin/CMakeFiles/builtin.dir/src/psa_crypto_hash.c.obj
[700/1075] Building C object esp-idf/mbedtls/mbedtls/tf-psa-crypto/drivers/builtin/CMakeFiles/builtin.dir/src/psa_crypto_mac.c.obj
[701/1075] Building C object esp-idf/mbedtls/mbedtls/tf-psa-crypto/drivers/builtin/CMakeFiles/builtin.dir/src/ripemd160.c.obj
[702/1075] Building C object esp-idf/mbedtls/mbedtls/tf-psa-crypto/drivers/builtin/CMakeFiles/builtin.dir/src/psa_crypto_cipher.c.obj
[703/1075] Building C object esp-idf/mbedtls/mbedtls/tf-psa-crypto/drivers/builtin/CMakeFiles/builtin.dir/src/psa_crypto_pake.c.obj
[704/1075] Building C object esp-idf/mbedtls/mbedtls/tf-psa-crypto/drivers/builtin/CMakeFiles/builtin.dir/src/sha1.c.obj
[705/1075] Building C object esp-idf/mbedtls/mbedtls/tf-psa-crypto/drivers/builtin/CMakeFiles/builtin.dir/src/sha3.c.obj
[706/1075] Building C object esp-idf/mbedtls/mbedtls/tf-psa-crypto/drivers/builtin/CMakeFiles/builtin.dir/src/psa_util.c.obj
[707/1075] Building C object esp-idf/mbedtls/mbedtls/tf-psa-crypto/drivers/builtin/CMakeFiles/builtin.dir/src/sha512.c.obj
[708/1075] Building C object esp-idf/mbedtls/mbedtls/tf-psa-crypto/drivers/builtin/CMakeFiles/builtin.dir/root/esp/esp-idf/components/mbedtls/port/esp_mem.c.obj
[709/1075] Linking CXX static library esp-idf/mbedtls/mbedtls/library/libmbedx509.a
[710/1075] Building C object esp-idf/mbedtls/mbedtls/tf-psa-crypto/drivers/builtin/CMakeFiles/builtin.dir/src/rsa_alt_helpers.c.obj
[711/1075] Building C object esp-idf/mbedtls/mbedtls/tf-psa-crypto/drivers/builtin/CMakeFiles/builtin.dir/src/threading.c.obj
[712/1075] Building C object esp-idf/mbedtls/mbedtls/tf-psa-crypto/drivers/builtin/CMakeFiles/builtin.dir/src/psa_crypto_rsa.c.obj
[713/1075] Building C object esp-idf/mbedtls/mbedtls/tf-psa-crypto/drivers/builtin/CMakeFiles/builtin.dir/src/sha256.c.obj
[714/1075] Building C object esp-idf/mbedtls/mbedtls/tf-psa-crypto/drivers/p256-m/CMakeFiles/p256m.dir/p256-m_driver_entrypoints.c.obj
[715/1075] Building C object esp-idf/mbedtls/mbedtls/tf-psa-crypto/drivers/everest/CMakeFiles/everest.dir/library/x25519.c.obj
[716/1075] Building C object esp-idf/mbedtls/mbedtls/tf-psa-crypto/drivers/p256-m/CMakeFiles/p256m.dir/p256-m/p256-m.c.obj
[717/1075] Building C object esp-idf/mbedtls/mbedtls/tf-psa-crypto/drivers/everest/CMakeFiles/everest.dir/library/everest.c.obj
[718/1075] Creating directories for 'bootloader'
[719/1075] Building C object esp-idf/mbedtls/mbedtls/tf-psa-crypto/drivers/everest/CMakeFiles/everest.dir/library/Hacl_Curve25519_joined.c.obj
[720/1075] No download step for 'bootloader'
[721/1075] No update step for 'bootloader'
[722/1075] No patch step for 'bootloader'
[723/1075] Building C object esp-idf/mbedtls/mbedtls/tf-psa-crypto/drivers/builtin/CMakeFiles/builtin.dir/src/rsa.c.obj
[724/1075] Linking CXX static library esp-idf/mbedtls/mbedtls/tf-psa-crypto/drivers/builtin/libmbed-builtin.a
[725/1075] Linking CXX static library esp-idf/mbedtls/mbedtls/tf-psa-crypto/drivers/p256-m/libp256m.a
[726/1075] Linking CXX static library esp-idf/mbedtls/mbedtls/tf-psa-crypto/drivers/everest/libeverest.a
[727/1075] Generating x509_crt_bundle
[728/1075] Generating ../../x509_crt_bundle.S
[729/1075] Building ASM object esp-idf/mbedtls/CMakeFiles/__idf_mbedtls.dir/__/__/x509_crt_bundle.S.obj
[730/1075] Building C object esp-idf/esp_mm/CMakeFiles/__idf_esp_mm.dir/port/esp32/ext_mem_layout.c.obj
[731/1075] Building C object esp-idf/esp_driver_dma/CMakeFiles/__idf_esp_driver_dma.dir/src/esp_dma_utils.c.obj
[732/1075] Building C object esp-idf/esp_mm/CMakeFiles/__idf_esp_mm.dir/esp_cache_msync.c.obj
[733/1075] Building C object esp-idf/esp_mm/CMakeFiles/__idf_esp_mm.dir/cache_esp32.c.obj
[734/1075] Building C object esp-idf/esp_mm/CMakeFiles/__idf_esp_mm.dir/esp_cache_utils.c.obj
[735/1075] Building C object esp-idf/esp_driver_dma/CMakeFiles/__idf_esp_driver_dma.dir/src/gdma_link.c.obj
[736/1075] Building C object esp-idf/mbedtls/CMakeFiles/__idf_mbedtls.dir/esp_crt_bundle/esp_crt_bundle.c.obj
[737/1075] Linking C static library esp-idf/mbedtls/libmbedtls.a
[738/1075] Building C object esp-idf/esp_pm/CMakeFiles/__idf_esp_pm.dir/pm_trace.c.obj
[739/1075] Building C object esp-idf/esp_pm/CMakeFiles/__idf_esp_pm.dir/pm_locks.c.obj
[740/1075] Linking C static library esp-idf/esp_driver_dma/libesp_driver_dma.a
[741/1075] Building C object esp-idf/esp_hal_uart/CMakeFiles/__idf_esp_hal_uart.dir/esp32/uart_periph.c.obj
[742/1075] Building C object esp-idf/esp_hal_uart/CMakeFiles/__idf_esp_hal_uart.dir/uart_hal_iram.c.obj
[743/1075] Building C object esp-idf/esp_mm/CMakeFiles/__idf_esp_mm.dir/esp_mmu_map.c.obj
[744/1075] Building C object esp-idf/esp_pm/CMakeFiles/__idf_esp_pm.dir/pm_impl.c.obj
[745/1075] Building C object esp-idf/esp_hal_uart/CMakeFiles/__idf_esp_hal_uart.dir/uart_hal.c.obj
[746/1075] Building C object esp-idf/esp_driver_gpio/CMakeFiles/__idf_esp_driver_gpio.dir/src/gpio_glitch_filter_ops.c.obj
[747/1075] Linking C static library esp-idf/esp_mm/libesp_mm.a
[748/1075] Linking C static library esp-idf/esp_pm/libesp_pm.a
[749/1075] Building C object esp-idf/esp_security/CMakeFiles/__idf_esp_security.dir/src/esp_crypto_lock.c.obj
[750/1075] Linking C static library esp-idf/esp_hal_uart/libesp_hal_uart.a
[751/1075] Building C object esp-idf/esp_security/CMakeFiles/__idf_esp_security.dir/src/init.c.obj
[752/1075] Building C object esp-idf/efuse/CMakeFiles/__idf_efuse.dir/esp32/esp_efuse_table.c.obj
[753/1075] Building C object esp-idf/esp_security/CMakeFiles/__idf_esp_security.dir/src/esp_crypto_periph_clk.c.obj
[754/1075] Building C object esp-idf/efuse/CMakeFiles/__idf_efuse.dir/esp32/esp_efuse_fields.c.obj
[755/1075] Building C object esp-idf/efuse/CMakeFiles/__idf_efuse.dir/esp32/esp_efuse_utility.c.obj
[756/1075] Building C object esp-idf/esp_driver_gpio/CMakeFiles/__idf_esp_driver_gpio.dir/src/rtc_io.c.obj
[757/1075] Building C object esp-idf/efuse/CMakeFiles/__idf_efuse.dir/src/esp_efuse_fields.c.obj
[758/1075] Building C object esp-idf/efuse/CMakeFiles/__idf_efuse.dir/src/esp_efuse_startup.c.obj
[759/1075] Building C object esp-idf/efuse/CMakeFiles/__idf_efuse.dir/src/esp_efuse_api.c.obj
[760/1075] Building C object esp-idf/efuse/CMakeFiles/__idf_efuse.dir/src/efuse_controller/keys/without_key_purposes/three_key_blocks/esp_efuse_api_key.c.obj
[761/1075] Building C object esp-idf/efuse/CMakeFiles/__idf_efuse.dir/src/esp_efuse_utility.c.obj
[762/1075] Building C object esp-idf/esp_partition/CMakeFiles/__idf_esp_partition.dir/partition_target.c.obj
[763/1075] Building C object esp-idf/esp_bootloader_format/CMakeFiles/__idf_esp_bootloader_format.dir/esp_bootloader_desc.c.obj
[764/1075] Building C object esp-idf/esp_hal_security/CMakeFiles/__idf_esp_hal_security.dir/mpi_hal.c.obj
[765/1075] Building C object esp-idf/esp_hal_security/CMakeFiles/__idf_esp_hal_security.dir/sha_hal.c.obj
[766/1075] Building C object esp-idf/esp_app_format/CMakeFiles/__idf_esp_app_format.dir/esp_app_desc.c.obj
[767/1075] Building C object esp-idf/app_update/CMakeFiles/__idf_app_update.dir/esp_ota_ops.c.obj
[768/1075] Building C object esp-idf/esp_hal_security/CMakeFiles/__idf_esp_hal_security.dir/aes_hal.c.obj
[769/1075] Building C object esp-idf/esp_driver_gpio/CMakeFiles/__idf_esp_driver_gpio.dir/src/gpio.c.obj
[770/1075] Building C object esp-idf/esp_hal_security/CMakeFiles/__idf_esp_hal_security.dir/mpu_hal.c.obj
[771/1075] Building C object esp-idf/esp_partition/CMakeFiles/__idf_esp_partition.dir/partition.c.obj
[772/1075] Linking C static library esp-idf/esp_driver_gpio/libesp_driver_gpio.a
[773/1075] Linking C static library esp-idf/esp_security/libesp_security.a
[774/1075] Building C object esp-idf/esp_hal_mspi/CMakeFiles/__idf_esp_hal_mspi.dir/esp32/mspi_periph.c.obj
[775/1075] Building C object esp-idf/esp_hal_mspi/CMakeFiles/__idf_esp_hal_mspi.dir/spi_flash_encrypt_hal_iram.c.obj
[776/1075] Linking C static library esp-idf/efuse/libefuse.a
[777/1075] Linking C static library esp-idf/esp_partition/libesp_partition.a
[778/1075] Linking C static library esp-idf/app_update/libapp_update.a
[779/1075] Linking C static library esp-idf/esp_bootloader_format/libesp_bootloader_format.a
[780/1075] Building C object esp-idf/esp_hal_mspi/CMakeFiles/__idf_esp_hal_mspi.dir/spi_flash_hal.c.obj
[781/1075] Building C object esp-idf/esp_hal_gpspi/CMakeFiles/__idf_esp_hal_gpspi.dir/esp32/spi_periph.c.obj
[782/1075] Linking C static library esp-idf/esp_app_format/libesp_app_format.a
[783/1075] Linking C static library esp-idf/esp_hal_security/libesp_hal_security.a
[784/1075] Building C object esp-idf/esp_hal_clock/CMakeFiles/__idf_esp_hal_clock.dir/esp32/clk_tree_hal.c.obj
[785/1075] Building C object esp-idf/esp_hal_mspi/CMakeFiles/__idf_esp_hal_mspi.dir/spi_flash_hal_iram.c.obj
[786/1075] Building C object esp-idf/esp_hal_gpspi/CMakeFiles/__idf_esp_hal_gpspi.dir/spi_slave_hal.c.obj
[787/1075] Building C object esp-idf/esp_hal_gpspi/CMakeFiles/__idf_esp_hal_gpspi.dir/spi_hal.c.obj
[788/1075] Linking C static library esp-idf/esp_hal_mspi/libesp_hal_mspi.a
[789/1075] Linking C static library esp-idf/esp_hal_clock/libesp_hal_clock.a
[790/1075] Building C object esp-idf/esp_hal_gpspi/CMakeFiles/__idf_esp_hal_gpspi.dir/spi_slave_hal_iram.c.obj
[791/1075] Building C object esp-idf/esp_stdio/CMakeFiles/__idf_esp_stdio.dir/stdio_simple.c.obj
[792/1075] Building C object esp-idf/esp_stdio/CMakeFiles/__idf_esp_stdio.dir/stdio_vfs.c.obj
[793/1075] Building C object esp-idf/xtensa/CMakeFiles/__idf_xtensa.dir/eri.c.obj
[794/1075] Building C object esp-idf/esp_stdio/CMakeFiles/__idf_esp_stdio.dir/stdio_port.c.obj
[795/1075] Building ASM object esp-idf/xtensa/CMakeFiles/__idf_xtensa.dir/xtensa_context.S.obj
[796/1075] Building C object esp-idf/xtensa/CMakeFiles/__idf_xtensa.dir/xt_trax.c.obj
[797/1075] Building ASM object esp-idf/xtensa/CMakeFiles/__idf_xtensa.dir/xtensa_intr_asm.S.obj
[798/1075] Building C object esp-idf/esp_stdio/CMakeFiles/__idf_esp_stdio.dir/stdio_syscalls_simple.c.obj
[799/1075] Building C object esp-idf/esp_hal_sd/CMakeFiles/__idf_esp_hal_sd.dir/esp32/sdmmc_periph.c.obj
[800/1075] Building C object esp-idf/esp_hal_gpspi/CMakeFiles/__idf_esp_hal_gpspi.dir/spi_hal_iram.c.obj
[801/1075] Building ASM object esp-idf/xtensa/CMakeFiles/__idf_xtensa.dir/xtensa_vectors.S.obj
[802/1075] Building C object esp-idf/esp_hal_sd/CMakeFiles/__idf_esp_hal_sd.dir/sdmmc_hal.c.obj
[803/1075] Linking C static library esp-idf/esp_hal_gpspi/libesp_hal_gpspi.a
[804/1075] Linking C static library esp-idf/esp_stdio/libesp_stdio.a
[805/1075] Building C object esp-idf/xtensa/CMakeFiles/__idf_xtensa.dir/xtensa_intr.c.obj
[806/1075] Building C object esp-idf/esp_hal_sd/CMakeFiles/__idf_esp_hal_sd.dir/esp32/sdio_slave_periph.c.obj
[807/1075] Linking C static library esp-idf/xtensa/libxtensa.a
[808/1075] Building C object esp-idf/sdmmc/CMakeFiles/__idf_sdmmc.dir/sdmmc_init.c.obj
[809/1075] Building C object esp-idf/sdmmc/CMakeFiles/__idf_sdmmc.dir/sdmmc_mmc.c.obj
[810/1075] Building C object esp-idf/sdmmc/CMakeFiles/__idf_sdmmc.dir/sdmmc_blockdev.c.obj
[811/1075] Building C object esp-idf/esp_hal_sd/CMakeFiles/__idf_esp_hal_sd.dir/sdio_slave_hal.c.obj
[812/1075] Building C object esp-idf/sdmmc/CMakeFiles/__idf_sdmmc.dir/sd_pwr_ctrl/sd_pwr_ctrl.c.obj
[813/1075] Building C object esp-idf/sdmmc/CMakeFiles/__idf_sdmmc.dir/sdmmc_common.c.obj
[814/1075] Building C object esp-idf/sdmmc/CMakeFiles/__idf_sdmmc.dir/sdmmc_cmd.c.obj
[815/1075] Linking C static library esp-idf/esp_hal_sd/libesp_hal_sd.a
[816/1075] Building C object esp-idf/sdmmc/CMakeFiles/__idf_sdmmc.dir/sdmmc_sd.c.obj
[817/1075] Building C object esp-idf/esp_driver_spi/CMakeFiles/__idf_esp_driver_spi.dir/src/gpspi/spi_dma.c.obj
[818/1075] Building C object esp-idf/sdmmc/CMakeFiles/__idf_sdmmc.dir/sdmmc_io.c.obj
[819/1075] Building C object esp-idf/esp_driver_spi/CMakeFiles/__idf_esp_driver_spi.dir/src/gpspi/spi_master.c.obj
[820/1075] Building C object esp-idf/console/CMakeFiles/__idf_console.dir/commands.c.obj
[821/1075] Building C object esp-idf/esp_driver_spi/CMakeFiles/__idf_esp_driver_spi.dir/src/gpspi/spi_slave.c.obj
[822/1075] Building C object esp-idf/console/CMakeFiles/__idf_console.dir/esp_console_common.c.obj
[823/1075] Building C object esp-idf/console/CMakeFiles/__idf_console.dir/split_argv.c.obj
[824/1075] Building C object esp-idf/console/CMakeFiles/__idf_console.dir/esp_console_repl_internal.c.obj
[825/1075] Building C object esp-idf/console/CMakeFiles/__idf_console.dir/esp_console_repl_chip.c.obj
[826/1075] Building C object esp-idf/console/CMakeFiles/__idf_console.dir/argtable3/arg_cmd.c.obj
[827/1075] Building C object esp-idf/console/CMakeFiles/__idf_console.dir/argtable3/arg_dbl.c.obj
[828/1075] Building C object esp-idf/esp_driver_spi/CMakeFiles/__idf_esp_driver_spi.dir/src/gpspi/spi_common.c.obj
[829/1075] Building C object esp-idf/console/CMakeFiles/__idf_console.dir/argtable3/arg_dstr.c.obj
[830/1075] Building C object esp-idf/console/CMakeFiles/__idf_console.dir/argtable3/arg_end.c.obj
[831/1075] Building C object esp-idf/console/CMakeFiles/__idf_console.dir/argtable3/arg_file.c.obj
[832/1075] Building C object esp-idf/console/CMakeFiles/__idf_console.dir/argtable3/arg_date.c.obj
[833/1075] Building C object esp-idf/console/CMakeFiles/__idf_console.dir/argtable3/arg_lit.c.obj
[834/1075] Building C object esp-idf/console/CMakeFiles/__idf_console.dir/argtable3/arg_rem.c.obj
[835/1075] Building C object esp-idf/console/CMakeFiles/__idf_console.dir/argtable3/arg_int.c.obj
[836/1075] Building C object esp-idf/console/CMakeFiles/__idf_console.dir/argtable3/arg_hashtable.c.obj
[837/1075] Building C object esp-idf/console/CMakeFiles/__idf_console.dir/argtable3/arg_str.c.obj
[838/1075] Building C object esp-idf/console/CMakeFiles/__idf_console.dir/linenoise/linenoise.c.obj
[839/1075] Building C object esp-idf/console/CMakeFiles/__idf_console.dir/argtable3/arg_utils.c.obj
[840/1075] Linking C static library esp-idf/sdmmc/libsdmmc.a
[841/1075] Building C object esp-idf/esp_hal_twai/CMakeFiles/__idf_esp_hal_twai.dir/esp32/twai_periph.c.obj
[842/1075] Building C object esp-idf/esp_driver_sd_intf/CMakeFiles/__idf_esp_driver_sd_intf.dir/sd_host.c.obj
[843/1075] Building C object esp-idf/console/CMakeFiles/__idf_console.dir/argtable3/argtable3.c.obj
[844/1075] Linking C static library esp-idf/esp_driver_spi/libesp_driver_spi.a
[845/1075] Building C object esp-idf/unity/CMakeFiles/__idf_unity.dir/unity_compat.c.obj
[846/1075] Building C object esp-idf/console/CMakeFiles/__idf_console.dir/argtable3/arg_rex.c.obj
[847/1075] Building C object esp-idf/esp_hal_twai/CMakeFiles/__idf_esp_hal_twai.dir/twai_hal_v1.c.obj
FAILED: [code=1] esp-idf/esp_hal_twai/CMakeFiles/__idf_esp_hal_twai.dir/twai_hal_v1.c.obj 
/root/.espressif/tools/xtensa-esp-elf/esp-15.2.0_20251204/xtensa-esp-elf/bin/xtensa-esp32-elf-gcc -DESP_PLATFORM -DIDF_VER=\"v6.1-dev-3863-g338f341110\" -DSOC_MMU_PAGE_SIZE=CONFIG_MMU_PAGE_SIZE -DSOC_XTAL_FREQ_MHZ=CONFIG_XTAL_FREQ -D_GLIBCXX_HAVE_POSIX_SEMAPHORE -D_GLIBCXX_USE_POSIX_SEMAPHORE -D_GNU_SOURCE -D_POSIX_READER_WRITER_LOCKS -I/a0/usr/projects/zclaw/build/config -I/root/esp/esp-idf/components/esp_hal_twai/include -I/root/esp/esp-idf/components/esp_hal_twai/esp32/include -I/root/esp/esp-idf/components/esp_libc/platform_include -I/root/esp/esp-idf/components/freertos/config/include -I/root/esp/esp-idf/components/freertos/config/include/freertos -I/root/esp/esp-idf/components/freertos/config/xtensa/include -I/root/esp/esp-idf/components/freertos/FreeRTOS-Kernel/include -I/root/esp/esp-idf/components/freertos/FreeRTOS-Kernel/portable/xtensa/include -I/root/esp/esp-idf/components/freertos/FreeRTOS-Kernel/portable/xtensa/include/freertos -I/root/esp/esp-idf/components/freertos/esp_additions/include -I/root/esp/esp-idf/components/esp_hw_support/include -I/root/esp/esp-idf/components/esp_hw_support/include/soc -I/root/esp/esp-idf/components/esp_hw_support/ldo/include -I/root/esp/esp-idf/components/esp_hw_support/debug_probe/include -I/root/esp/esp-idf/components/esp_hw_support/etm/include -I/root/esp/esp-idf/components/esp_hw_support/mspi/mspi_timing_tuning/include -I/root/esp/esp-idf/components/esp_hw_support/mspi/mspi_timing_tuning/tuning_scheme_impl/include -I/root/esp/esp-idf/components/esp_hw_support/mspi/mspi_intr/include -I/root/esp/esp-idf/components/esp_hw_support/power_supply/include -I/root/esp/esp-idf/components/esp_hw_support/modem/include -I/root/esp/esp-idf/components/esp_hw_support/port/esp32/. -I/root/esp/esp-idf/components/esp_hw_support/port/esp32/include -I/root/esp/esp-idf/components/heap/include -I/root/esp/esp-idf/components/heap/tlsf -I/root/esp/esp-idf/components/log/include -I/root/esp/esp-idf/components/soc/include -I/root/esp/esp-idf/components/soc/esp32 -I/root/esp/esp-idf/components/soc/esp32/include -I/root/esp/esp-idf/components/soc/esp32/register -I/root/esp/esp-idf/components/hal/platform_port/include -I/root/esp/esp-idf/components/hal/esp32/include -I/root/esp/esp-idf/components/hal/include -I/root/esp/esp-idf/components/esp_rom/include -I/root/esp/esp-idf/components/esp_rom/esp32/include -I/root/esp/esp-idf/components/esp_rom/esp32/include/esp32 -I/root/esp/esp-idf/components/esp_rom/esp32 -I/root/esp/esp-idf/components/esp_common/include -I/root/esp/esp-idf/components/esp_system/include -I/root/esp/esp-idf/components/esp_system/port/soc -I/root/esp/esp-idf/components/esp_system/port/include/private -I/root/esp/esp-idf/components/esp_stdio/include -I/root/esp/esp-idf/components/xtensa/esp32/include -I/root/esp/esp-idf/components/xtensa/include -I/root/esp/esp-idf/components/xtensa/deprecated_include -I/root/esp/esp-idf/components/esp_hal_gpio/include -I/root/esp/esp-idf/components/esp_hal_gpio/esp32/include -I/root/esp/esp-idf/components/esp_hal_usb/include -I/root/esp/esp-idf/components/esp_hal_pmu/include -I/root/esp/esp-idf/components/esp_hal_pmu/esp32/include -I/root/esp/esp-idf/components/esp_hal_regi2c/include -I/root/esp/esp-idf/components/esp_hal_regi2c/esp32/include -I/root/esp/esp-idf/components/esp_hal_ana_conv/include -I/root/esp/esp-idf/components/esp_hal_ana_conv/esp32/include -I/root/esp/esp-idf/components/esp_hal_dma/include -I/root/esp/esp-idf/components/esp_hal_i2s/include -I/root/esp/esp-idf/components/esp_hal_i2s/esp32/include -I/root/esp/esp-idf/components/lwip/include -I/root/esp/esp-idf/components/lwip/include/apps -I/root/esp/esp-idf/components/lwip/lwip/src/include -I/root/esp/esp-idf/components/lwip/port/include -I/root/esp/esp-idf/components/lwip/port/freertos/include -I/root/esp/esp-idf/components/lwip/port/esp32xx/include -I/root/esp/esp-idf/components/lwip/port/esp32xx/include/arch -I/root/esp/esp-idf/components/lwip/port/esp32xx/include/sys @"/a0/usr/projects/zclaw/build/toolchain/cflags" -fdiagnostics-color=always -ffunction-sections -fdata-sections -Wall -Werror -Wno-error=unused-function -Wno-error=unused-variable -Wno-error=unused-but-set-variable -Wno-error=deprecated-declarations -Wextra -Wno-error=extra -Wno-unused-parameter -Wno-sign-compare -Wno-enum-conversion -gdwarf-4 -ggdb -Os -freorder-blocks -mno-target-align -fmacro-prefix-map=/a0/usr/projects/zclaw=. -fmacro-prefix-map=/root/esp/esp-idf=/IDF -fstrict-volatile-bitfields -fno-jump-tables -fno-tree-switch-conversion -std=gnu23 -Wno-old-style-declaration -fzero-init-padding-bits=all -fno-malloc-dce -MD -MT esp-idf/esp_hal_twai/CMakeFiles/__idf_esp_hal_twai.dir/twai_hal_v1.c.obj -MF esp-idf/esp_hal_twai/CMakeFiles/__idf_esp_hal_twai.dir/twai_hal_v1.c.obj.d -o esp-idf/esp_hal_twai/CMakeFiles/__idf_esp_hal_twai.dir/twai_hal_v1.c.obj -c /root/esp/esp-idf/components/esp_hal_twai/twai_hal_v1.c
/root/esp/esp-idf/components/esp_hal_twai/twai_hal_v1.c:462:1: fatal error: opening dependency file esp-idf/esp_hal_twai/CMakeFiles/__idf_esp_hal_twai.dir/twai_hal_v1.c.obj.d: No such file or directory
  462 | }
      | ^
compilation terminated.
[848/1075] Performing configure step for 'bootloader'
FAILED: [code=1] bootloader-prefix/src/bootloader-stamp/bootloader-configure /a0/usr/projects/zclaw/build/bootloader-prefix/src/bootloader-stamp/bootloader-configure 
cd /a0/usr/projects/zclaw/build/bootloader && /usr/bin/cmake -DSDKCONFIG=/a0/usr/projects/zclaw/sdkconfig -DIDF_PATH=/root/esp/esp-idf -DIDF_TARGET=esp32 -DPYTHON_DEPS_CHECKED=1 -DPYTHON=/root/.espressif/python_env/idf6.1_py3.12_env/bin/python -DEXTRA_COMPONENT_DIRS= -DPROJECT_SOURCE_DIR=/a0/usr/projects/zclaw -DIGNORE_EXTRA_COMPONENT= -DIDF_BUILD_V2= -GNinja -S /root/esp/esp-idf/components/bootloader/subproject -B /a0/usr/projects/zclaw/build/bootloader && /usr/bin/cmake -E touch /a0/usr/projects/zclaw/build/bootloader-prefix/src/bootloader-stamp/bootloader-configure
-- Found Git: /usr/bin/git (found version "2.53.0")
-- Component directory /root/esp/esp-idf/components/idf_test does not contain a CMakeLists.txt file. No component will be added
-- Minimal build - OFF
-- The C compiler identification is GNU 15.2.0
-- The CXX compiler identification is GNU 15.2.0
-- The ASM compiler identification is GNU
-- Found assembler: /root/.espressif/tools/xtensa-esp-elf/esp-15.2.0_20251204/xtensa-esp-elf/bin/xtensa-esp32-elf-gcc
-- Detecting C compiler ABI info
-- Detecting C compiler ABI info - done
-- Check for working C compiler: /root/.espressif/tools/xtensa-esp-elf/esp-15.2.0_20251204/xtensa-esp-elf/bin/xtensa-esp32-elf-gcc - skipped
-- Detecting C compile features
-- Detecting C compile features - done
-- Detecting CXX compiler ABI info
-- Detecting CXX compiler ABI info - done
-- Check for working CXX compiler: /root/.espressif/tools/xtensa-esp-elf/esp-15.2.0_20251204/xtensa-esp-elf/bin/xtensa-esp32-elf-g++ - skipped
-- Detecting CXX compile features
-- Detecting CXX compile features - done
-- Building ESP-IDF components for target esp32
-- ESP-TEE is currently supported only on the esp32c6;esp32h2;esp32c5;esp32c61 SoCs
CMake Error at /root/esp/esp-idf/tools/cmake/component.cmake:262 (include):
  include could not find requested file:

    /a0/usr/projects/zclaw/build/bootloader/component_requires.temp.cmake
Call Stack (most recent call first):
  /root/esp/esp-idf/tools/cmake/build.cmake:747 (__component_get_requirements)
  /root/esp/esp-idf/tools/cmake/project.cmake:773 (idf_build_process)
  CMakeLists.txt:76 (project)


CMake Error at /root/esp/esp-idf/tools/cmake/project.cmake:353 (include):
  include called with wrong number of arguments.  include() only takes one
  file.
Call Stack (most recent call first):
  /root/esp/esp-idf/tools/cmake/project.cmake:1004 (__project_info)
  CMakeLists.txt:76 (project)


-- Adding linker script /root/esp/esp-idf/components/bootloader/subproject/main/ld/esp32/bootloader.memory.ld.in
--   -> Preprocessing .in script: /root/esp/esp-idf/components/bootloader/subproject/main/ld/esp32/bootloader.memory.ld.in
CMake Error at /root/esp/esp-idf/tools/cmake/utilities.cmake:208 (add_dependencies):
  Cannot add target-level dependencies to non-existent target "__idf_main".

  The add_dependencies works for top-level logical targets created by the
  add_executable, add_library, or add_custom_target commands.  If you want to
  add file-level dependencies see the DEPENDS option of the add_custom_target
  and add_custom_command commands.
Call Stack (most recent call first):
  /root/esp/esp-idf/tools/cmake/utilities.cmake:237 (preprocess_linker_file)
  CMakeLists.txt:77 (target_linker_script)


CMake Error at /root/esp/esp-idf/tools/cmake/utilities.cmake:251 (target_link_directories):
  Cannot specify link directories for target "__idf_main" which is not built
  by this project.
Call Stack (most recent call first):
  CMakeLists.txt:77 (target_linker_script)


CMake Error at /root/esp/esp-idf/tools/cmake/utilities.cmake:254 (target_link_options):
  Cannot specify link options for target "__idf_main" which is not built by
  this project.
Call Stack (most recent call first):
  CMakeLists.txt:77 (target_linker_script)


-- Adding linker script /root/esp/esp-idf/components/bootloader/subproject/main/ld/esp32/bootloader.sections.ld.in
--   -> Preprocessing .in script: /root/esp/esp-idf/components/bootloader/subproject/main/ld/esp32/bootloader.sections.ld.in
CMake Error at /root/esp/esp-idf/tools/cmake/utilities.cmake:208 (add_dependencies):
  Cannot add target-level dependencies to non-existent target "__idf_main".

  The add_dependencies works for top-level logical targets created by the
  add_executable, add_library, or add_custom_target commands.  If you want to
  add file-level dependencies see the DEPENDS option of the add_custom_target
  and add_custom_command commands.
Call Stack (most recent call first):
  /root/esp/esp-idf/tools/cmake/utilities.cmake:237 (preprocess_linker_file)
  CMakeLists.txt:78 (target_linker_script)


CMake Error at /root/esp/esp-idf/tools/cmake/utilities.cmake:251 (target_link_directories):
  Cannot specify link directories for target "__idf_main" which is not built
  by this project.
Call Stack (most recent call first):
  CMakeLists.txt:78 (target_linker_script)


CMake Error at /root/esp/esp-idf/tools/cmake/utilities.cmake:254 (target_link_options):
  Cannot specify link options for target "__idf_main" which is not built by
  this project.
Call Stack (most recent call first):
  CMakeLists.txt:78 (target_linker_script)


-- Configuring incomplete, errors occurred!
[849/1075] Building C object esp-idf/unity/CMakeFiles/__idf_unity.dir/unity_utils_freertos.c.obj
FAILED: [code=1] esp-idf/unity/CMakeFiles/__idf_unity.dir/unity_utils_freertos.c.obj 
/root/.espressif/tools/xtensa-esp-elf/esp-15.2.0_20251204/xtensa-esp-elf/bin/xtensa-esp32-elf-gcc -DESP_PLATFORM -DIDF_VER=\"v6.1-dev-3863-g338f341110\" -DSOC_MMU_PAGE_SIZE=CONFIG_MMU_PAGE_SIZE -DSOC_XTAL_FREQ_MHZ=CONFIG_XTAL_FREQ -DUNITY_INCLUDE_CONFIG_H -D_GLIBCXX_HAVE_POSIX_SEMAPHORE -D_GLIBCXX_USE_POSIX_SEMAPHORE -D_GNU_SOURCE -D_POSIX_READER_WRITER_LOCKS -I/a0/usr/projects/zclaw/build/config -I/root/esp/esp-idf/components/unity/include -I/root/esp/esp-idf/components/unity/unity/src -I/root/esp/esp-idf/components/esp_libc/platform_include -I/root/esp/esp-idf/components/freertos/config/include -I/root/esp/esp-idf/components/freertos/config/include/freertos -I/root/esp/esp-idf/components/freertos/config/xtensa/include -I/root/esp/esp-idf/components/freertos/FreeRTOS-Kernel/include -I/root/esp/esp-idf/components/freertos/FreeRTOS-Kernel/portable/xtensa/include -I/root/esp/esp-idf/components/freertos/FreeRTOS-Kernel/portable/xtensa/include/freertos -I/root/esp/esp-idf/components/freertos/esp_additions/include -I/root/esp/esp-idf/components/esp_hw_support/include -I/root/esp/esp-idf/components/esp_hw_support/include/soc -I/root/esp/esp-idf/components/esp_hw_support/ldo/include -I/root/esp/esp-idf/components/esp_hw_support/debug_probe/include -I/root/esp/esp-idf/components/esp_hw_support/etm/include -I/root/esp/esp-idf/components/esp_hw_support/mspi/mspi_timing_tuning/include -I/root/esp/esp-idf/components/esp_hw_support/mspi/mspi_timing_tuning/tuning_scheme_impl/include -I/root/esp/esp-idf/components/esp_hw_support/mspi/mspi_intr/include -I/root/esp/esp-idf/components/esp_hw_support/power_supply/include -I/root/esp/esp-idf/components/esp_hw_support/modem/include -I/root/esp/esp-idf/components/esp_hw_support/port/esp32/. -I/root/esp/esp-idf/components/esp_hw_support/port/esp32/include -I/root/esp/esp-idf/components/heap/include -I/root/esp/esp-idf/components/heap/tlsf -I/root/esp/esp-idf/components/log/include -I/root/esp/esp-idf/components/soc/include -I/root/esp/esp-idf/components/soc/esp32 -I/root/esp/esp-idf/components/soc/esp32/include -I/root/esp/esp-idf/components/soc/esp32/register -I/root/esp/esp-idf/components/hal/platform_port/include -I/root/esp/esp-idf/components/hal/esp32/include -I/root/esp/esp-idf/components/hal/include -I/root/esp/esp-idf/components/esp_rom/include -I/root/esp/esp-idf/components/esp_rom/esp32/include -I/root/esp/esp-idf/components/esp_rom/esp32/include/esp32 -I/root/esp/esp-idf/components/esp_rom/esp32 -I/root/esp/esp-idf/components/esp_common/include -I/root/esp/esp-idf/components/esp_system/include -I/root/esp/esp-idf/components/esp_system/port/soc -I/root/esp/esp-idf/components/esp_system/port/include/private -I/root/esp/esp-idf/components/esp_stdio/include -I/root/esp/esp-idf/components/xtensa/esp32/include -I/root/esp/esp-idf/components/xtensa/include -I/root/esp/esp-idf/components/xtensa/deprecated_include -I/root/esp/esp-idf/components/esp_hal_gpio/include -I/root/esp/esp-idf/components/esp_hal_gpio/esp32/include -I/root/esp/esp-idf/components/esp_hal_usb/include -I/root/esp/esp-idf/components/esp_hal_pmu/include -I/root/esp/esp-idf/components/esp_hal_pmu/esp32/include -I/root/esp/esp-idf/components/esp_hal_regi2c/include -I/root/esp/esp-idf/components/esp_hal_regi2c/esp32/include -I/root/esp/esp-idf/components/esp_hal_ana_conv/include -I/root/esp/esp-idf/components/esp_hal_ana_conv/esp32/include -I/root/esp/esp-idf/components/esp_hal_dma/include -I/root/esp/esp-idf/components/esp_hal_i2s/include -I/root/esp/esp-idf/components/esp_hal_i2s/esp32/include -I/root/esp/esp-idf/components/lwip/include -I/root/esp/esp-idf/components/lwip/include/apps -I/root/esp/esp-idf/components/lwip/lwip/src/include -I/root/esp/esp-idf/components/lwip/port/include -I/root/esp/esp-idf/components/lwip/port/freertos/include -I/root/esp/esp-idf/components/lwip/port/esp32xx/include -I/root/esp/esp-idf/components/lwip/port/esp32xx/include/arch -I/root/esp/esp-idf/components/lwip/port/esp32xx/include/sys -I/root/esp/esp-idf/components/spi_flash/include -I/root/esp/esp-idf/components/esp_hal_mspi/include -I/root/esp/esp-idf/components/esp_hal_mspi/esp32/include -I/root/esp/esp-idf/components/esp_hal_gpspi/include -I/root/esp/esp-idf/components/esp_hal_gpspi/esp32/include -I/root/esp/esp-idf/components/esp_hal_clock/include -I/root/esp/esp-idf/components/esp_hal_clock/esp32/include -I/root/esp/esp-idf/components/esp_blockdev/include @"/a0/usr/projects/zclaw/build/toolchain/cflags" -fdiagnostics-color=always -ffunction-sections -fdata-sections -Wall -Werror -Wno-error=unused-function -Wno-error=unused-variable -Wno-error=unused-but-set-variable -Wno-error=deprecated-declarations -Wextra -Wno-error=extra -Wno-unused-parameter -Wno-sign-compare -Wno-enum-conversion -gdwarf-4 -ggdb -Os -freorder-blocks -mno-target-align -fmacro-prefix-map=/a0/usr/projects/zclaw=. -fmacro-prefix-map=/root/esp/esp-idf=/IDF -fstrict-volatile-bitfields -fno-jump-tables -fno-tree-switch-conversion -std=gnu23 -Wno-old-style-declaration -fzero-init-padding-bits=all -fno-malloc-dce -Wno-unused-const-variable -MD -MT esp-idf/unity/CMakeFiles/__idf_unity.dir/unity_utils_freertos.c.obj -MF esp-idf/unity/CMakeFiles/__idf_unity.dir/unity_utils_freertos.c.obj.d -o esp-idf/unity/CMakeFiles/__idf_unity.dir/unity_utils_freertos.c.obj -c /root/esp/esp-idf/components/unity/unity_utils_freertos.c
In file included from /root/esp/esp-idf/components/esp_libc/platform_include/stdio.h:17,
                 from /root/esp/esp-idf/components/esp_common/include/esp_err.h:10,
                 from /root/esp/esp-idf/components/unity/include/unity_config.h:14,
                 from /root/esp/esp-idf/components/unity/unity/src/unity_internals.h:11,
                 from /root/esp/esp-idf/components/unity/unity/src/unity.h:21,
                 from /root/esp/esp-idf/components/unity/unity_utils_freertos.c:9:
/root/.espressif/tools/xtensa-esp-elf/esp-15.2.0_20251204/xtensa-esp-elf/xtensa-esp-elf/include/stdio.h:66:9: error: unknown type name '__FILE'; did you mean '__FILE__'?
   66 | typedef __FILE FILE;
      |         ^~~~~~
      |         __FILE__
/root/.espressif/tools/xtensa-esp-elf/esp-15.2.0_20251204/xtensa-esp-elf/xtensa-esp-elf/include/stdio.h: In function '__sputc_r':
/root/.espressif/tools/xtensa-esp-elf/esp-15.2.0_20251204/xtensa-esp-elf/xtensa-esp-elf/include/stdio.h:696:17: error: request for member '_w' in something not a structure or union
  696 |         if (--_p->_w >= 0 || (_p->_w >= _p->_lbfsize && (char)_c != '\n'))
      |                 ^~
/root/.espressif/tools/xtensa-esp-elf/esp-15.2.0_20251204/xtensa-esp-elf/xtensa-esp-elf/include/stdio.h:696:33: error: request for member '_w' in something not a structure or union
  696 |         if (--_p->_w >= 0 || (_p->_w >= _p->_lbfsize && (char)_c != '\n'))
      |                                 ^~
/root/.espressif/tools/xtensa-esp-elf/esp-15.2.0_20251204/xtensa-esp-elf/xtensa-esp-elf/include/stdio.h:696:43: error: request for member '_lbfsize' in something not a structure or union
  696 |         if (--_p->_w >= 0 || (_p->_w >= _p->_lbfsize && (char)_c != '\n'))
      |                                           ^~
/root/.espressif/tools/xtensa-esp-elf/esp-15.2.0_20251204/xtensa-esp-elf/xtensa-esp-elf/include/stdio.h:697:28: error: request for member '_p' in something not a structure or union
  697 |                 return (*_p->_p++ = _c);
      |                            ^~
/root/.espressif/tools/xtensa-esp-elf/esp-15.2.0_20251204/xtensa-esp-elf/xtensa-esp-elf/include/stdio.h: In function '_getchar_unlocked':
/root/.espressif/tools/xtensa-esp-elf/esp-15.2.0_20251204/xtensa-esp-elf/xtensa-esp-elf/include/stdio.h:750:16: error: '_REENT' undeclared (first use in this function)
  750 |         _ptr = _REENT;
      |                ^~~~~~
/root/.espressif/tools/xtensa-esp-elf/esp-15.2.0_20251204/xtensa-esp-elf/xtensa-esp-elf/include/stdio.h:750:16: note: each undeclared identifier is reported only once for each function it appears in
/root/.espressif/tools/xtensa-esp-elf/esp-15.2.0_20251204/xtensa-esp-elf/xtensa-esp-elf/include/stdio.h:751:33: error: implicit declaration of function '_REENT_STDIN' [-Wimplicit-function-declaration]
  751 |         return (__sgetc_r(_ptr, _stdin_r(_ptr)));
      |                                 ^~~~~~~~
/root/.espressif/tools/xtensa-esp-elf/esp-15.2.0_20251204/xtensa-esp-elf/xtensa-esp-elf/include/stdio.h:751:17: error: invalid type argument of '->' (have 'int')
  751 |         return (__sgetc_r(_ptr, _stdin_r(_ptr)));
      |                 ^~~~~~~~~
/root/.espressif/tools/xtensa-esp-elf/esp-15.2.0_20251204/xtensa-esp-elf/xtensa-esp-elf/include/stdio.h:751:33: error: passing argument 2 of '__srget_r' makes pointer from integer without a cast [-Wint-conversion]
  751 |         return (__sgetc_r(_ptr, _stdin_r(_ptr)));
      |                                 ^~~~~~~~
      |                                 |
      |                                 int
/root/.espressif/tools/xtensa-esp-elf/esp-15.2.0_20251204/xtensa-esp-elf/xtensa-esp-elf/include/stdio.h:583:37: note: expected 'FILE *' {aka 'int *'} but argument is of type 'int'
  583 | int     __srget_r (struct _reent *, FILE *);
      |                                     ^~~~~~
/root/.espressif/tools/xtensa-esp-elf/esp-15.2.0_20251204/xtensa-esp-elf/xtensa-esp-elf/include/stdio.h:751:17: error: invalid type argument of '->' (have 'int')
  751 |         return (__sgetc_r(_ptr, _stdin_r(_ptr)));
      |                 ^~~~~~~~~
/root/.espressif/tools/xtensa-esp-elf/esp-15.2.0_20251204/xtensa-esp-elf/xtensa-esp-elf/include/stdio.h: In function '_putchar_unlocked':
/root/.espressif/tools/xtensa-esp-elf/esp-15.2.0_20251204/xtensa-esp-elf/xtensa-esp-elf/include/stdio.h:759:16: error: '_REENT' undeclared (first use in this function)
  759 |         _ptr = _REENT;
      |                ^~~~~~
/root/.espressif/tools/xtensa-esp-elf/esp-15.2.0_20251204/xtensa-esp-elf/xtensa-esp-elf/include/stdio.h:760:37: error: implicit declaration of function '_REENT_STDOUT' [-Wimplicit-function-declaration]
  760 |         return (__sputc_r(_ptr, _c, _stdout_r(_ptr)));
      |                                     ^~~~~~~~~
/root/.espressif/tools/xtensa-esp-elf/esp-15.2.0_20251204/xtensa-esp-elf/xtensa-esp-elf/include/stdio.h:760:37: error: passing argument 3 of '__sputc_r' makes pointer from integer without a cast [-Wint-conversion]
  760 |         return (__sputc_r(_ptr, _c, _stdout_r(_ptr)));
      |                                     ^~~~~~~~~
      |                                     |
      |                                     int
/root/.espressif/tools/xtensa-esp-elf/esp-15.2.0_20251204/xtensa-esp-elf/xtensa-esp-elf/include/stdio.h:691:67: note: expected 'FILE *' {aka 'int *'} but argument is of type 'int'
  691 | _ELIDABLE_INLINE int __sputc_r(struct _reent *_ptr, int _c, FILE *_p) {
      |                                                             ~~~~~~^~
/root/esp/esp-idf/components/esp_libc/platform_include/stdio.h: At top level:
/root/esp/esp-idf/components/esp_libc/platform_include/stdio.h:55:3: error: conflicting types for 'cookie_io_functions_t'; have 'struct <anonymous>'
   55 | } cookie_io_functions_t;
      |   ^~~~~~~~~~~~~~~~~~~~~
/root/.espressif/tools/xtensa-esp-elf/esp-15.2.0_20251204/xtensa-esp-elf/xtensa-esp-elf/include/stdio.h:646:3: note: previous declaration of 'cookie_io_functions_t' with type 'cookie_io_functions_t'
  646 | } cookie_io_functions_t;
      |   ^~~~~~~~~~~~~~~~~~~~~
/root/esp/esp-idf/components/esp_libc/platform_include/stdio.h:56:7: error: conflicting types for 'fopencookie'; have 'FILE *(void *, const char *, cookie_io_functions_t)' {aka 'int *(void *, const char *, cookie_io_functions_t)'}
   56 | FILE *fopencookie(void *cookie, const char *mode, cookie_io_functions_t functions);
      |       ^~~~~~~~~~~
/root/.espressif/tools/xtensa-esp-elf/esp-15.2.0_20251204/xtensa-esp-elf/xtensa-esp-elf/include/stdio.h:647:7: note: previous declaration of 'fopencookie' with type 'FILE *(void *, const char *, cookie_io_functions_t)' {aka 'int *(void *, const char *, cookie_io_functions_t)'}
  647 | FILE *fopencookie (void *__cookie,
      |       ^~~~~~~~~~~
/root/esp/esp-idf/components/unity/unity_utils_freertos.c:86:1: fatal error: opening dependency file esp-idf/unity/CMakeFiles/__idf_unity.dir/unity_utils_freertos.c.obj.d: No such file or directory
   86 | }
      | ^
compilation terminated.
[850/1075] Building C object esp-idf/unity/CMakeFiles/__idf_unity.dir/unity_runner.c.obj
FAILED: [code=1] esp-idf/unity/CMakeFiles/__idf_unity.dir/unity_runner.c.obj 
/root/.espressif/tools/xtensa-esp-elf/esp-15.2.0_20251204/xtensa-esp-elf/bin/xtensa-esp32-elf-gcc -DESP_PLATFORM -DIDF_VER=\"v6.1-dev-3863-g338f341110\" -DSOC_MMU_PAGE_SIZE=CONFIG_MMU_PAGE_SIZE -DSOC_XTAL_FREQ_MHZ=CONFIG_XTAL_FREQ -DUNITY_INCLUDE_CONFIG_H -D_GLIBCXX_HAVE_POSIX_SEMAPHORE -D_GLIBCXX_USE_POSIX_SEMAPHORE -D_GNU_SOURCE -D_POSIX_READER_WRITER_LOCKS -I/a0/usr/projects/zclaw/build/config -I/root/esp/esp-idf/components/unity/include -I/root/esp/esp-idf/components/unity/unity/src -I/root/esp/esp-idf/components/esp_libc/platform_include -I/root/esp/esp-idf/components/freertos/config/include -I/root/esp/esp-idf/components/freertos/config/include/freertos -I/root/esp/esp-idf/components/freertos/config/xtensa/include -I/root/esp/esp-idf/components/freertos/FreeRTOS-Kernel/include -I/root/esp/esp-idf/components/freertos/FreeRTOS-Kernel/portable/xtensa/include -I/root/esp/esp-idf/components/freertos/FreeRTOS-Kernel/portable/xtensa/include/freertos -I/root/esp/esp-idf/components/freertos/esp_additions/include -I/root/esp/esp-idf/components/esp_hw_support/include -I/root/esp/esp-idf/components/esp_hw_support/include/soc -I/root/esp/esp-idf/components/esp_hw_support/ldo/include -I/root/esp/esp-idf/components/esp_hw_support/debug_probe/include -I/root/esp/esp-idf/components/esp_hw_support/etm/include -I/root/esp/esp-idf/components/esp_hw_support/mspi/mspi_timing_tuning/include -I/root/esp/esp-idf/components/esp_hw_support/mspi/mspi_timing_tuning/tuning_scheme_impl/include -I/root/esp/esp-idf/components/esp_hw_support/mspi/mspi_intr/include -I/root/esp/esp-idf/components/esp_hw_support/power_supply/include -I/root/esp/esp-idf/components/esp_hw_support/modem/include -I/root/esp/esp-idf/components/esp_hw_support/port/esp32/. -I/root/esp/esp-idf/components/esp_hw_support/port/esp32/include -I/root/esp/esp-idf/components/heap/include -I/root/esp/esp-idf/components/heap/tlsf -I/root/esp/esp-idf/components/log/include -I/root/esp/esp-idf/components/soc/include -I/root/esp/esp-idf/components/soc/esp32 -I/root/esp/esp-idf/components/soc/esp32/include -I/root/esp/esp-idf/components/soc/esp32/register -I/root/esp/esp-idf/components/hal/platform_port/include -I/root/esp/esp-idf/components/hal/esp32/include -I/root/esp/esp-idf/components/hal/include -I/root/esp/esp-idf/components/esp_rom/include -I/root/esp/esp-idf/components/esp_rom/esp32/include -I/root/esp/esp-idf/components/esp_rom/esp32/include/esp32 -I/root/esp/esp-idf/components/esp_rom/esp32 -I/root/esp/esp-idf/components/esp_common/include -I/root/esp/esp-idf/components/esp_system/include -I/root/esp/esp-idf/components/esp_system/port/soc -I/root/esp/esp-idf/components/esp_system/port/include/private -I/root/esp/esp-idf/components/esp_stdio/include -I/root/esp/esp-idf/components/xtensa/esp32/include -I/root/esp/esp-idf/components/xtensa/include -I/root/esp/esp-idf/components/xtensa/deprecated_include -I/root/esp/esp-idf/components/esp_hal_gpio/include -I/root/esp/esp-idf/components/esp_hal_gpio/esp32/include -I/root/esp/esp-idf/components/esp_hal_usb/include -I/root/esp/esp-idf/components/esp_hal_pmu/include -I/root/esp/esp-idf/components/esp_hal_pmu/esp32/include -I/root/esp/esp-idf/components/esp_hal_regi2c/include -I/root/esp/esp-idf/components/esp_hal_regi2c/esp32/include -I/root/esp/esp-idf/components/esp_hal_ana_conv/include -I/root/esp/esp-idf/components/esp_hal_ana_conv/esp32/include -I/root/esp/esp-idf/components/esp_hal_dma/include -I/root/esp/esp-idf/components/esp_hal_i2s/include -I/root/esp/esp-idf/components/esp_hal_i2s/esp32/include -I/root/esp/esp-idf/components/lwip/include -I/root/esp/esp-idf/components/lwip/include/apps -I/root/esp/esp-idf/components/lwip/lwip/src/include -I/root/esp/esp-idf/components/lwip/port/include -I/root/esp/esp-idf/components/lwip/port/freertos/include -I/root/esp/esp-idf/components/lwip/port/esp32xx/include -I/root/esp/esp-idf/components/lwip/port/esp32xx/include/arch -I/root/esp/esp-idf/components/lwip/port/esp32xx/include/sys -I/root/esp/esp-idf/components/spi_flash/include -I/root/esp/esp-idf/components/esp_hal_mspi/include -I/root/esp/esp-idf/components/esp_hal_mspi/esp32/include -I/root/esp/esp-idf/components/esp_hal_gpspi/include -I/root/esp/esp-idf/components/esp_hal_gpspi/esp32/include -I/root/esp/esp-idf/components/esp_hal_clock/include -I/root/esp/esp-idf/components/esp_hal_clock/esp32/include -I/root/esp/esp-idf/components/esp_blockdev/include @"/a0/usr/projects/zclaw/build/toolchain/cflags" -fdiagnostics-color=always -ffunction-sections -fdata-sections -Wall -Werror -Wno-error=unused-function -Wno-error=unused-variable -Wno-error=unused-but-set-variable -Wno-error=deprecated-declarations -Wextra -Wno-error=extra -Wno-unused-parameter -Wno-sign-compare -Wno-enum-conversion -gdwarf-4 -ggdb -Os -freorder-blocks -mno-target-align -fmacro-prefix-map=/a0/usr/projects/zclaw=. -fmacro-prefix-map=/root/esp/esp-idf=/IDF -fstrict-volatile-bitfields -fno-jump-tables -fno-tree-switch-conversion -std=gnu23 -Wno-old-style-declaration -fzero-init-padding-bits=all -fno-malloc-dce -Wno-unused-const-variable -MD -MT esp-idf/unity/CMakeFiles/__idf_unity.dir/unity_runner.c.obj -MF esp-idf/unity/CMakeFiles/__idf_unity.dir/unity_runner.c.obj.d -o esp-idf/unity/CMakeFiles/__idf_unity.dir/unity_runner.c.obj -c /root/esp/esp-idf/components/unity/unity_runner.c
/root/esp/esp-idf/components/unity/unity_runner.c:336:1: fatal error: opening dependency file esp-idf/unity/CMakeFiles/__idf_unity.dir/unity_runner.c.obj.d: No such file or directory
  336 | }
      | ^
compilation terminated.
[851/1075] Building C object esp-idf/unity/CMakeFiles/__idf_unity.dir/unity/src/unity.c.obj
FAILED: [code=1] esp-idf/unity/CMakeFiles/__idf_unity.dir/unity/src/unity.c.obj 
/root/.espressif/tools/xtensa-esp-elf/esp-15.2.0_20251204/xtensa-esp-elf/bin/xtensa-esp32-elf-gcc -DESP_PLATFORM -DIDF_VER=\"v6.1-dev-3863-g338f341110\" -DSOC_MMU_PAGE_SIZE=CONFIG_MMU_PAGE_SIZE -DSOC_XTAL_FREQ_MHZ=CONFIG_XTAL_FREQ -DUNITY_INCLUDE_CONFIG_H -D_GLIBCXX_HAVE_POSIX_SEMAPHORE -D_GLIBCXX_USE_POSIX_SEMAPHORE -D_GNU_SOURCE -D_POSIX_READER_WRITER_LOCKS -I/a0/usr/projects/zclaw/build/config -I/root/esp/esp-idf/components/unity/include -I/root/esp/esp-idf/components/unity/unity/src -I/root/esp/esp-idf/components/esp_libc/platform_include -I/root/esp/esp-idf/components/freertos/config/include -I/root/esp/esp-idf/components/freertos/config/include/freertos -I/root/esp/esp-idf/components/freertos/config/xtensa/include -I/root/esp/esp-idf/components/freertos/FreeRTOS-Kernel/include -I/root/esp/esp-idf/components/freertos/FreeRTOS-Kernel/portable/xtensa/include -I/root/esp/esp-idf/components/freertos/FreeRTOS-Kernel/portable/xtensa/include/freertos -I/root/esp/esp-idf/components/freertos/esp_additions/include -I/root/esp/esp-idf/components/esp_hw_support/include -I/root/esp/esp-idf/components/esp_hw_support/include/soc -I/root/esp/esp-idf/components/esp_hw_support/ldo/include -I/root/esp/esp-idf/components/esp_hw_support/debug_probe/include -I/root/esp/esp-idf/components/esp_hw_support/etm/include -I/root/esp/esp-idf/components/esp_hw_support/mspi/mspi_timing_tuning/include -I/root/esp/esp-idf/components/esp_hw_support/mspi/mspi_timing_tuning/tuning_scheme_impl/include -I/root/esp/esp-idf/components/esp_hw_support/mspi/mspi_intr/include -I/root/esp/esp-idf/components/esp_hw_support/power_supply/include -I/root/esp/esp-idf/components/esp_hw_support/modem/include -I/root/esp/esp-idf/components/esp_hw_support/port/esp32/. -I/root/esp/esp-idf/components/esp_hw_support/port/esp32/include -I/root/esp/esp-idf/components/heap/include -I/root/esp/esp-idf/components/heap/tlsf -I/root/esp/esp-idf/components/log/include -I/root/esp/esp-idf/components/soc/include -I/root/esp/esp-idf/components/soc/esp32 -I/root/esp/esp-idf/components/soc/esp32/include -I/root/esp/esp-idf/components/soc/esp32/register -I/root/esp/esp-idf/components/hal/platform_port/include -I/root/esp/esp-idf/components/hal/esp32/include -I/root/esp/esp-idf/components/hal/include -I/root/esp/esp-idf/components/esp_rom/include -I/root/esp/esp-idf/components/esp_rom/esp32/include -I/root/esp/esp-idf/components/esp_rom/esp32/include/esp32 -I/root/esp/esp-idf/components/esp_rom/esp32 -I/root/esp/esp-idf/components/esp_common/include -I/root/esp/esp-idf/components/esp_system/include -I/root/esp/esp-idf/components/esp_system/port/soc -I/root/esp/esp-idf/components/esp_system/port/include/private -I/root/esp/esp-idf/components/esp_stdio/include -I/root/esp/esp-idf/components/xtensa/esp32/include -I/root/esp/esp-idf/components/xtensa/include -I/root/esp/esp-idf/components/xtensa/deprecated_include -I/root/esp/esp-idf/components/esp_hal_gpio/include -I/root/esp/esp-idf/components/esp_hal_gpio/esp32/include -I/root/esp/esp-idf/components/esp_hal_usb/include -I/root/esp/esp-idf/components/esp_hal_pmu/include -I/root/esp/esp-idf/components/esp_hal_pmu/esp32/include -I/root/esp/esp-idf/components/esp_hal_regi2c/include -I/root/esp/esp-idf/components/esp_hal_regi2c/esp32/include -I/root/esp/esp-idf/components/esp_hal_ana_conv/include -I/root/esp/esp-idf/components/esp_hal_ana_conv/esp32/include -I/root/esp/esp-idf/components/esp_hal_dma/include -I/root/esp/esp-idf/components/esp_hal_i2s/include -I/root/esp/esp-idf/components/esp_hal_i2s/esp32/include -I/root/esp/esp-idf/components/lwip/include -I/root/esp/esp-idf/components/lwip/include/apps -I/root/esp/esp-idf/components/lwip/lwip/src/include -I/root/esp/esp-idf/components/lwip/port/include -I/root/esp/esp-idf/components/lwip/port/freertos/include -I/root/esp/esp-idf/components/lwip/port/esp32xx/include -I/root/esp/esp-idf/components/lwip/port/esp32xx/include/arch -I/root/esp/esp-idf/components/lwip/port/esp32xx/include/sys -I/root/esp/esp-idf/components/spi_flash/include -I/root/esp/esp-idf/components/esp_hal_mspi/include -I/root/esp/esp-idf/components/esp_hal_mspi/esp32/include -I/root/esp/esp-idf/components/esp_hal_gpspi/include -I/root/esp/esp-idf/components/esp_hal_gpspi/esp32/include -I/root/esp/esp-idf/components/esp_hal_clock/include -I/root/esp/esp-idf/components/esp_hal_clock/esp32/include -I/root/esp/esp-idf/components/esp_blockdev/include @"/a0/usr/projects/zclaw/build/toolchain/cflags" -fdiagnostics-color=always -ffunction-sections -fdata-sections -Wall -Werror -Wno-error=unused-function -Wno-error=unused-variable -Wno-error=unused-but-set-variable -Wno-error=deprecated-declarations -Wextra -Wno-error=extra -Wno-unused-parameter -Wno-sign-compare -Wno-enum-conversion -gdwarf-4 -ggdb -Os -freorder-blocks -mno-target-align -fmacro-prefix-map=/a0/usr/projects/zclaw=. -fmacro-prefix-map=/root/esp/esp-idf=/IDF -fstrict-volatile-bitfields -fno-jump-tables -fno-tree-switch-conversion -std=gnu23 -Wno-old-style-declaration -fzero-init-padding-bits=all -fno-malloc-dce -Wno-unused-const-variable -MD -MT esp-idf/unity/CMakeFiles/__idf_unity.dir/unity/src/unity.c.obj -MF esp-idf/unity/CMakeFiles/__idf_unity.dir/unity/src/unity.c.obj.d -o esp-idf/unity/CMakeFiles/__idf_unity.dir/unity/src/unity.c.obj -c /root/esp/esp-idf/components/unity/unity/src/unity.c
/root/esp/esp-idf/components/unity/unity/src/unity.c:2263:1: fatal error: opening dependency file esp-idf/unity/CMakeFiles/__idf_unity.dir/unity/src/unity.c.obj.d: No such file or directory
 2263 | }
      | ^
compilation terminated.
[852/1075] Building C object esp-idf/protobuf-c/CMakeFiles/__idf_protobuf-c.dir/protobuf-c/protobuf-c/protobuf-c.c.obj
FAILED: [code=1] esp-idf/protobuf-c/CMakeFiles/__idf_protobuf-c.dir/protobuf-c/protobuf-c/protobuf-c.c.obj 
/root/.espressif/tools/xtensa-esp-elf/esp-15.2.0_20251204/xtensa-esp-elf/bin/xtensa-esp32-elf-gcc -DESP_PLATFORM -DIDF_VER=\"v6.1-dev-3863-g338f341110\" -DSOC_MMU_PAGE_SIZE=CONFIG_MMU_PAGE_SIZE -DSOC_XTAL_FREQ_MHZ=CONFIG_XTAL_FREQ -D_GLIBCXX_HAVE_POSIX_SEMAPHORE -D_GLIBCXX_USE_POSIX_SEMAPHORE -D_GNU_SOURCE -D_POSIX_READER_WRITER_LOCKS -I/a0/usr/projects/zclaw/build/config -I/root/esp/esp-idf/components/protobuf-c/protobuf-c -I/root/esp/esp-idf/components/esp_libc/platform_include -I/root/esp/esp-idf/components/freertos/config/include -I/root/esp/esp-idf/components/freertos/config/include/freertos -I/root/esp/esp-idf/components/freertos/config/xtensa/include -I/root/esp/esp-idf/components/freertos/FreeRTOS-Kernel/include -I/root/esp/esp-idf/components/freertos/FreeRTOS-Kernel/portable/xtensa/include -I/root/esp/esp-idf/components/freertos/FreeRTOS-Kernel/portable/xtensa/include/freertos -I/root/esp/esp-idf/components/freertos/esp_additions/include -I/root/esp/esp-idf/components/esp_hw_support/include -I/root/esp/esp-idf/components/esp_hw_support/include/soc -I/root/esp/esp-idf/components/esp_hw_support/ldo/include -I/root/esp/esp-idf/components/esp_hw_support/debug_probe/include -I/root/esp/esp-idf/components/esp_hw_support/etm/include -I/root/esp/esp-idf/components/esp_hw_support/mspi/mspi_timing_tuning/include -I/root/esp/esp-idf/components/esp_hw_support/mspi/mspi_timing_tuning/tuning_scheme_impl/include -I/root/esp/esp-idf/components/esp_hw_support/mspi/mspi_intr/include -I/root/esp/esp-idf/components/esp_hw_support/power_supply/include -I/root/esp/esp-idf/components/esp_hw_support/modem/include -I/root/esp/esp-idf/components/esp_hw_support/port/esp32/. -I/root/esp/esp-idf/components/esp_hw_support/port/esp32/include -I/root/esp/esp-idf/components/heap/include -I/root/esp/esp-idf/components/heap/tlsf -I/root/esp/esp-idf/components/log/include -I/root/esp/esp-idf/components/soc/include -I/root/esp/esp-idf/components/soc/esp32 -I/root/esp/esp-idf/components/soc/esp32/include -I/root/esp/esp-idf/components/soc/esp32/register -I/root/esp/esp-idf/components/hal/platform_port/include -I/root/esp/esp-idf/components/hal/esp32/include -I/root/esp/esp-idf/components/hal/include -I/root/esp/esp-idf/components/esp_rom/include -I/root/esp/esp-idf/components/esp_rom/esp32/include -I/root/esp/esp-idf/components/esp_rom/esp32/include/esp32 -I/root/esp/esp-idf/components/esp_rom/esp32 -I/root/esp/esp-idf/components/esp_common/include -I/root/esp/esp-idf/components/esp_system/include -I/root/esp/esp-idf/components/esp_system/port/soc -I/root/esp/esp-idf/components/esp_system/port/include/private -I/root/esp/esp-idf/components/esp_stdio/include -I/root/esp/esp-idf/components/xtensa/esp32/include -I/root/esp/esp-idf/components/xtensa/include -I/root/esp/esp-idf/components/xtensa/deprecated_include -I/root/esp/esp-idf/components/esp_hal_gpio/include -I/root/esp/esp-idf/components/esp_hal_gpio/esp32/include -I/root/esp/esp-idf/components/esp_hal_usb/include -I/root/esp/esp-idf/components/esp_hal_pmu/include -I/root/esp/esp-idf/components/esp_hal_pmu/esp32/include -I/root/esp/esp-idf/components/esp_hal_regi2c/include -I/root/esp/esp-idf/components/esp_hal_regi2c/esp32/include -I/root/esp/esp-idf/components/esp_hal_ana_conv/include -I/root/esp/esp-idf/components/esp_hal_ana_conv/esp32/include -I/root/esp/esp-idf/components/esp_hal_dma/include -I/root/esp/esp-idf/components/esp_hal_i2s/include -I/root/esp/esp-idf/components/esp_hal_i2s/esp32/include -I/root/esp/esp-idf/components/lwip/include -I/root/esp/esp-idf/components/lwip/include/apps -I/root/esp/esp-idf/components/lwip/lwip/src/include -I/root/esp/esp-idf/components/lwip/port/include -I/root/esp/esp-idf/components/lwip/port/freertos/include -I/root/esp/esp-idf/components/lwip/port/esp32xx/include -I/root/esp/esp-idf/components/lwip/port/esp32xx/include/arch -I/root/esp/esp-idf/components/lwip/port/esp32xx/include/sys @"/a0/usr/projects/zclaw/build/toolchain/cflags" -fdiagnostics-color=always -ffunction-sections -fdata-sections -Wall -Werror -Wno-error=unused-function -Wno-error=unused-variable -Wno-error=unused-but-set-variable -Wno-error=deprecated-declarations -Wextra -Wno-error=extra -Wno-unused-parameter -Wno-sign-compare -Wno-enum-conversion -gdwarf-4 -ggdb -Os -freorder-blocks -mno-target-align -fmacro-prefix-map=/a0/usr/projects/zclaw=. -fmacro-prefix-map=/root/esp/esp-idf=/IDF -fstrict-volatile-bitfields -fno-jump-tables -fno-tree-switch-conversion -std=gnu23 -Wno-old-style-declaration -fzero-init-padding-bits=all -fno-malloc-dce -MD -MT esp-idf/protobuf-c/CMakeFiles/__idf_protobuf-c.dir/protobuf-c/protobuf-c/protobuf-c.c.obj -MF esp-idf/protobuf-c/CMakeFiles/__idf_protobuf-c.dir/protobuf-c/protobuf-c/protobuf-c.c.obj.d -o esp-idf/protobuf-c/CMakeFiles/__idf_protobuf-c.dir/protobuf-c/protobuf-c/protobuf-c.c.obj -c /root/esp/esp-idf/components/protobuf-c/protobuf-c/protobuf-c/protobuf-c.c
/root/esp/esp-idf/components/protobuf-c/protobuf-c/protobuf-c/protobuf-c.c:3672:1: fatal error: opening dependency file esp-idf/protobuf-c/CMakeFiles/__idf_protobuf-c.dir/protobuf-c/protobuf-c/protobuf-c.c.obj.d: No such file or directory
 3672 | }
      | ^
compilation terminated.
ninja: build stopped: subcommand failed.
Traceback (most recent call last):
  File "/root/esp/esp-idf/tools/idf.py", line 1119, in <module>
    main()
  File "/root/esp/esp-idf/tools/idf.py", line 950, in main
    cli(argv, prog_name=PROG, complete_var=SHELL_COMPLETE_VAR)
  File "/root/.espressif/python_env/idf6.1_py3.12_env/lib/python3.12/site-packages/click/core.py", line 1485, in __call__
    return self.main(*args, **kwargs)
           ^^^^^^^^^^^^^^^^^^^^^^^^^^
  File "/root/.espressif/python_env/idf6.1_py3.12_env/lib/python3.12/site-packages/click/core.py", line 1406, in main
    rv = self.invoke(ctx)
         ^^^^^^^^^^^^^^^^
  File "/root/.espressif/python_env/idf6.1_py3.12_env/lib/python3.12/site-packages/click/core.py", line 1905, in invoke
    return _process_result(rv)
           ^^^^^^^^^^^^^^^^^^^
  File "/root/.espressif/python_env/idf6.1_py3.12_env/lib/python3.12/site-packages/click/core.py", line 1842, in _process_result
    value = ctx.invoke(self._result_callback, value, **ctx.params)
            ^^^^^^^^^^^^^^^^^^^^^^^^^^^^^^^^^^^^^^^^^^^^^^^^^^^^^^
  File "/root/.espressif/python_env/idf6.1_py3.12_env/lib/python3.12/site-packages/click/core.py", line 824, in invoke
    return callback(*args, **kwargs)
           ^^^^^^^^^^^^^^^^^^^^^^^^^
  File "/root/esp/esp-idf/tools/idf.py", line 743, in execute_tasks
    task(ctx, global_args, task.action_args)
  File "/root/esp/esp-idf/tools/idf.py", line 269, in __call__
    self.callback(self.name, context, global_args, **action_args)
  File "/root/esp/esp-idf/tools/idf_py_actions/core_ext.py", line 50, in build_target
    run_target(target_name, args, force_progression=GENERATORS[args.generator].get('force_progression', False))
  File "/root/esp/esp-idf/tools/idf_py_actions/tools.py", line 607, in run_target
    RunTool(
  File "/root/esp/esp-idf/tools/idf_py_actions/tools.py", line 414, in __call__
    for hint in generate_hints(stderr_output_file, stdout_output_file):
  File "/root/esp/esp-idf/tools/idf_py_actions/tools.py", line 332, in generate_hints
    with open(file_name, encoding='utf-8') as file:
         ^^^^^^^^^^^^^^^^^^^^^^^^^^^^^^^^^
FileNotFoundError: [Errno 2] No such file or directory: '/a0/usr/projects/zclaw/build/log/idf_py_stderr_output_39038'
